******************************************************************************
               TMS320C6x Linker PC v7.4.1                      
******************************************************************************
>> Linked Tue Jan 27 20:01:59 2015

OUTPUT FILE NAME:   <ndk_evm6748_bios5_helloWorld.out>
ENTRY POINT SYMBOL: "_c_int00"  address: c3107b40


MEMORY CONFIGURATION

         name            origin    length      used     unused   attr    fill
----------------------  --------  ---------  --------  --------  ----  --------
  CACHE_L2              11800000   00040000  00000000  00040000  RWIX
  CACHE_L1P             11e00000   00008000  00000000  00008000  RWIX
  CACHE_L1D             11f00000   00008000  00000000  00008000  RWIX
  L3_CBA_RAM            80000000   00020000  00000000  00020000  RWIX
  DDR                   c3000000   01000000  0011c3b3  00ee3c4d  RWIX
  DDR_NC                c4000000   01000000  00080000  00f80000  RWIX


SECTION ALLOCATION MAP

 output                                  attributes/
section   page    origin      length       input sections
--------  ----  ----------  ----------   ----------------
.vers      0    00000000    00000040     COPY SECTION
                  00000000    00000040     helloWorldcfg.obj (.vers)

.far       0    c3000000    0007998e     UNINITIALIZED
                  c3000000    00052b00     os_bios5.lib : pbm.o674 (.far:NDK_PACKETMEM)
                  c3052b00    0000e928     main.obj (.far)
                  c3061428    0000c1dc     os_bios5.lib : mem.o674 (.far:NDK_MMBUFFER)
                  c306d604    00000004     bios6748.a674 : bcache_wait.o674 (.far)
                  c306d608    000081c0     hello.obj (.far)
                  c30757c8    00001620     ti.drv.omapl138.a674 : ethdriver.o674 (.far)
                  c3076de8    00000660     nettool.lib : daemon.o674 (.far)
                  c3077448    00000600     os_bios5.lib : ossys.o674 (.far:NDK_OBJMEM)
                  c3077a48    0000047c     ti.drv.omapl138.a674 : csl_emac.o674 (.far)
                  c3077ec4    00000004     bios6748.a674 : clk_data.o674 (.far)
                  c3077ec8    00000324     rts6740.lib : defs.obj (.far)
                  c30781ec    00000004                 : errno.obj (.far)
                  c30781f0    00000320     connect.obj (.far)
                  c3078510    00000240     interrupt.obj (.far)
                  c3078750    00000188     rts6740.lib : atexit.obj (.far)
                  c30788d8    00000158     netctrl.lib : netsrv.o674 (.far)
                  c3078a30    00000120     rts6740.lib : pow.obj (.far)
                  c3078b50    0000011c                 : lowlev.obj (.far)
                  c3078c6c    00000004                 : fopen.obj (.far)
                  c3078c70    00000110     stack.lib : igmp.o674 (.far)
                  c3078d80    00000108               : exec.o674 (.far)
                  c3078e88    000000d8     bios.a674 : knl.o674 (.far)
                  c3078f60    000000c8     stack.lib : ipv6.o674 (.far)
                  c3079028    000000c4               : tcp.o674 (.far)
                  c30790ec    000000b8               : tcp6in.o674 (.far)
                  c30791a4    00000004     rts6740.lib : sinit.obj (.far)
                  c30791a8    0000009c     stack.lib : icmp.o674 (.far)
                  c3079244    00000004               : rawethsock_pcb.o674 (.far)
                  c3079248    0000007c     os_bios5.lib : mem.o674 (.far)
                  c30792c4    00000004     --HOLE--
                  c30792c8    00000070     ti.drv.omapl138.a674 : csl_mdio.o674 (.far)
                  c3079338    00000068     stack.lib : ip.o674 (.far)
                  c30793a0    00000064               : nimu.o674 (.far)
                  c3079404    0000005c     bios.a674 : tsk.o674 (.far)
                  c3079460    00000054               : obj_init.o674 (.far)
                  c30794b4    00000050               : tsk_stup.o674 (.far)
                  c3079504    00000004     --HOLE--
                  c3079508    0000004d     nettool.lib : dhcptags.o674 (.far)
                  c3079555    00000003     --HOLE--
                  c3079558    00000044     helloWorld.obj (.far)
                  c307959c    00000004     --HOLE--
                  c30795a0    00000040     nettool.lib : httpsend.o674 (.far)
                  c30795e0    00000040     rts6740.lib : cos.obj (.far)
                  c3079620    00000040                 : sin.obj (.far)
                  c3079660    00000040     stack.lib : md5.o674 (.far)
                  c30796a0    00000034               : rtc.o674 (.far)
                  c30796d4    00000004     --HOLE--
                  c30796d8    00000034               : tcp6time.o674 (.far)
                  c307970c    00000004     --HOLE--
                  c3079710    00000034               : tcptime.o674 (.far)
                  c3079744    00000030               : udp.o674 (.far)
                  c3079774    00000028               : vlan.o674 (.far)
                  c307979c    00000024     os_bios5.lib : ossys.o674 (.far)
                  c30797c0    00000024     stack.lib : udp6.o674 (.far)
                  c30797e4    00000004     --HOLE--
                  c30797e8    00000020     bios.a674 : sys.o674 (.far)
                  c3079808    00000020     emacHooks.obj (.far)
                  c3079828    00000018     rtdx64xplus.lib : rtdx_mon.o64P (.far)
                  c3079840    00000018     stack.lib : icmpv6.o674 (.far)
                  c3079858    00000014               : sock6pcb.o674 (.far)
                  c307986c    00000004     --HOLE--
                  c3079870    00000014               : sockpcb.o674 (.far)
                  c3079884    00000010     bios.a674 : exc.o674 (.far)
                  c3079894    00000010               : knl_tick.o674 (.far)
                  c30798a4    00000010               : tsk_setp.o674 (.far)
                  c30798b4    00000010               : tsk_yiel.o674 (.far)
                  c30798c4    00000010     netctrl.lib : netctrl.o674 (.far)
                  c30798d4    00000010     stack.lib : raw.o674 (.far)
                  c30798e4    00000010               : raw6.o674 (.far)
                  c30798f4    00000010               : raweth.o674 (.far)
                  c3079904    0000000c     bios.a674 : hwi_disp.o674 (.far)
                  c3079910    0000000c               : utl_putc.o674 (.far)
                  c307991c    0000000c     os_bios5.lib : pbm.o674 (.far)
                  c3079928    0000000c     rts6740.lib : exit.obj (.far)
                  c3079934    00000004     --HOLE--
                  c3079938    0000000b     stack.lib : tcp6out.o674 (.far)
                  c3079943    00000005     --HOLE--
                  c3079948    0000000b               : tcpout.o674 (.far)
                  c3079953    00000001     --HOLE--
                  c3079954    00000008     bios.a674 : ecm_dispatch.o674 (.far)
                  c307995c    00000008               : sem_crea.o674 (.far)
                  c3079964    00000008     rts6740.lib : _lock.obj (.far)
                  c307996c    00000004     --HOLE--
                  c3079970    00000008                 : trgdrv.obj (.far)
                  c3079978    00000008     ti.drv.omapl138.a674 : nimu_eth.o674 (.far)
                  c3079980    00000006     stack.lib : lliout.o674 (.far)
                  c3079986    00000002     --HOLE--
                  c3079988    00000006               : nimupppoe.o674 (.far)

.data      0    c3000000    00000000     UNINITIALIZED

.trace     0    c3079990    00000200     
                  c3079990    00000200     --HOLE-- [fill = 00000000]

.sts       0    c3079b90    00000060     
                  c3079b90    00000060     helloWorldcfg.obj (.sts)

.hst1      0    c3079bf0    00000010     UNINITIALIZED
                  c3079bf0    00000010     helloWorldcfg.obj (.hst1)

.text      0    c3079c00    0004af60     
                  c3079c00    00001aa0     interrupt.obj (.text:retain)
                  c307b6a0    00001980     stack.lib : tcpin.o674 (.text:_TcpInput)
                  c307d020    00001920               : tcp6in.o674 (.text:_TCP6Input)
                  c307e940    000017e0     edma.obj (.text)
                  c3080120    00001200     stack.lib : tcpout.o674 (.text:_TcpOutput)
                  c3081320    000011a0               : tcp6out.o674 (.text:_TCP6Output)
                  c30824c0    00001160     ti.drv.omapl138.a674 : csl_emac.o674 (.text:_EMAC_open)
                  c3083620    00001080     main.obj (.text)
                  c30846a0    00000fa0     hello.obj (.text)
                  c3085640    00000b80     stack.lib : ipin.o674 (.text:_IPRxPacket)
                  c30861c0    00000aa0               : md5.o674 (.text:_MD5Transform)
                  c3086c60    00000a00               : ipout.o674 (.text:_IPTxPacket)
                  c3087660    000009e0     ti.drv.omapl138.a674 : csl_mdio.o674 (.text:_MDIO_timerTick)
                  c3088040    000009a0     stack.lib : lcp.o674 (.text:_lcpInput)
                  c30889e0    000008a0     nettool.lib : httpclie.o674 (.text:_httpClientProcess)
                  c3089280    00000820                 : httpsend.o674 (.text:_SetContentType)
                  c3089aa0    000007e0     stack.lib : ipcp.o674 (.text:_ipcpInput)
                  c308a280    000007c0               : sock.o674 (.text:_SockSet)
                  c308aa40    00000780               : fileuser.o674 (.text:_fdPoll)
                  c308b1c0    00000720     rts6740.lib : pow.obj (.text:_pow)
                  c308b8e0    000006c0     nettool.lib : telnetd.o674 (.text:_telnet_netdata)
                  c308bfa0    000006a0     stack.lib : icmpv6_ndisc.o674 (.text:_ICMPv6RecvRA)
                  c308c640    00000660     ti.drv.omapl138.a674 : csl_mdio.o674 (.text:_MDIO_initContinue)
                  c308cca0    00000600     stack.lib : route6.o674 (.text:_Rt6Create)
                  c308d2a0    00000600               : sock.o674 (.text:_SockGet)
                  c308d8a0    000005e0     interrupt.obj (.text)
                  c308de80    000005c0     stack.lib : ipfrag.o674 (.text:_IPReasm)
                  c308e440    000005a0     rts6740.lib : divd.obj (.text:__divd)
                  c308e9e0    00000580     stack.lib : icmpin.o674 (.text:_ICMPInput)
                  c308ef60    00000580     rts6740.lib : _printfi.obj (.text:__getarg_diouxp)
                  c308f4e0    00000580     stack.lib : nimuppp.o674 (.text:_pppEvent)
                  c308fa60    00000560               : ipv6.o674 (.text:_IPv6IPAddressToString)
                  c308ffc0    00000500               : sock.o674 (.text:_SockNew)
                  c30904c0    00000500               : udp.o674 (.text:_UdpInput)
                  c30909c0    00000500               : nimupppoe.o674 (.text:_pppoeInputS)
                  c3090ec0    000004e0               : lliin.o674 (.text:_LLIRxPacket)
                  c30913a0    000004c0               : bind6.o674 (.text:_Bind6New)
                  c3091860    000004c0               : sock6.o674 (.text:_Sock6Connect)
                  c3091d20    000004c0               : sock6.o674 (.text:_Sock6Set)
                  c30921e0    000004a0               : sock6.o674 (.text:_Sock6Recv)
                  c3092680    000004a0               : sock.o674 (.text:_SockRecv)
                  c3092b20    000004a0     dsplib.a674 : DSPF_sp_convol.obj (.text:optimized)
                  c3092fc0    00000460     stack.lib : nimuppp.o674 (.text:_pppNew)
                  c3093420    00000460     helloWorld.obj (.text)
                  c3093880    00000440     stack.lib : sock6.o674 (.text:_Sock6New)
                  c3093cc0    00000440     rts6740.lib : _printfi.obj (.text:__printfi)
                  c3094100    00000440                 : _printfi.obj (.text:__setfield)
                  c3094540    00000440     nettool.lib : daemon.o674 (.text:_daemon)
                  c3094980    00000440     stack.lib : fileuser.o674 (.text:_fdSelect)
                  c3094dc0    00000440               : nimupppoe.o674 (.text:_pppoeInputC)
                  c3095200    00000420               : sock6.o674 (.text:_Sock6Get)
                  c3095620    00000420               : auth.o674 (.text:_chapInput)
                  c3095a40    00000400     ti.drv.omapl138.a674 : csl_emac.o674 (.text:_EMAC_close)
                  c3095e40    00000400     stack.lib : ipv6out.o674 (.text:_IPv6TxPacket)
                  c3096240    00000400               : sock6.o674 (.text:_Sock6Send)
                  c3096640    00000400     os_bios5.lib : efs.o674 (.text:_efs_filecheck)
                  c3096a40    000003e0     stack.lib : ipv6_frag.o674 (.text:_IPv6TxFragPacket)
                  c3096e20    000003e0               : sock.o674 (.text:_SockSend)
                  c3097200    000003c0     ti.drv.omapl138.a674 : ethdriver.o674 (.text:_HwPktOpen)
                  c30975c0    000003c0     stack.lib : lli6.o674 (.text:_LLI6TimerCheck)
                  c3097980    000003c0               : nimu.o674 (.text:_NIMUIoctl)
                  c3097d40    000003c0               : tcp6.o674 (.text:_TCP6TimeoutCheck)
                  c3098100    000003c0               : tcp.o674 (.text:_TcpTimeoutCheck)
                  c30984c0    000003a0               : icmpv6in.o674 (.text:_ICMPv6RxPacket)
                  c3098860    000003a0               : route.o674 (.text:_RtCreate)
                  c3098c00    000003a0               : sb.o674 (.text:_SBRead)
                  c3098fa0    000003a0     os_bios5.lib : mem.o674 (.text:__mmCheck)
                  c3099340    000003a0     rts6740.lib : fputs.obj (.text:_fputs)
                  c30996e0    000003a0     stack.lib : auth.o674 (.text:_papInput)
                  c3099a80    00000380               : igmp.o674 (.text:_IGMPInput)
                  c3099e00    00000380               : sock6int.o674 (.text:_Sock6Notify)
                  c309a180    00000380               : sock.o674 (.text:_SockConnect)
                  c309a500    00000380               : sockint.o674 (.text:_SockNotify)
                  c309a880    00000380     nettool.lib : dhcppkt.o674 (.text:_dhcpPacketProcess)
                  c309ac00    00000360     stack.lib : icmpv6out.o674 (.text:_ICMPv6SendParameterProblem)
                  c309af60    00000360               : ipv6_frag.o674 (.text:_IPv6FragReasm)
                  c309b2c0    00000360               : lliout.o674 (.text:_LLITxIpPacket)
                  c309b620    00000340               : icmpv6_ndisc.o674 (.text:_ICMPv6RecvRedirect)
                  c309b960    00000340               : nimupppoe.o674 (.text:_SendServerMsg)
                  c309bca0    00000340     os_bios5.lib : mem.o674 (.text:_mmAlloc)
                  c309bfe0    00000340     stack.lib : nimupppoe.o674 (.text:_pppoeSI)
                  c309c320    00000340     nettool.lib : telnetd.o674 (.text:_telnet_engine)
                  c309c660    00000320                 : config.o674 (.text:_CfgAddEntry)
                  c309c980    00000320     stack.lib : sock6pcb.o674 (.text:_Sock6PcbBind)
                  c309cca0    00000320     rts6740.lib : _printfi.obj (.text:__pproc_fge)
                  c309cfc0    00000320     nettool.lib : inetaddr.o674 (.text:_inet_aton)
                  c309d2e0    00000300     ti.drv.omapl138.a674 : nimu_eth.o674 (.text:_Emacioctl)
                  c309d5e0    00000300     stack.lib : icmpv6_ndisc.o674 (.text:_ICMPv6RecvNS)
                  c309d8e0    00000300               : icmpv6out.o674 (.text:_ICMPv6SendDstUnreachable)
                  c309dbe0    00000300               : icmpv6out.o674 (.text:_ICMPv6SendTimeExceeded)
                  c309dee0    00000300     netctrl.lib : netctrl.o674 (.text:_NetScheduler)
                  c309e1e0    00000300     stack.lib : udp6.o674 (.text:_Udp6Input)
                  c309e4e0    00000300               : udp.o674 (.text:_UdpOutput)
                  c309e7e0    000002e0               : route6.o674 (.text:_Rt6Find)
                  c309eac0    000002e0               : nimupppoe.o674 (.text:_SendClientMsg)
                  c309eda0    000002e0     rts6740.lib : cos.obj (.text:_cos)
                  c309f080    000002c0     stack.lib : bind.o674 (.text:_BindNew)
                  c309f340    000002c0               : ipv6_frag.o674 (.text:_IPv6FragQEnqueueFrag)
                  c309f600    000002c0               : rtable.o674 (.text:_RtFind)
                  c309f8c0    000002c0               : sb6.o674 (.text:_SB6Read)
                  c309fb80    000002c0               : sock6pcb.o674 (.text:_Sock6PcbResolve)
                  c309fe40    000002c0               : udp6.o674 (.text:_Udp6Output)
                  c30a0100    000002c0     rts6740.lib : _printfi.obj (.text:__pproc_fwp)
                  c30a03c0    000002c0     stack.lib : nimuppp.o674 (.text:_pppInput)
                  c30a0680    000002a0     ti.drv.omapl138.a674 : csl_emac.o674 (.text:_EMAC_setReceiveFilter)
                  c30a0920    000002a0     stack.lib : icmp.o674 (.text:_ICMPGenPacket)
                  c30a0bc0    000002a0               : ipv6_exthdrs.o674 (.text:_IPv6ParseExtnHeaders)
                  c30a0e60    000002a0               : node.o674 (.text:_NodeAdd)
                  c30a1100    000002a0               : sock.o674 (.text:_SockClose)
                  c30a13a0    000002a0               : tcp6out.o674 (.text:_TCP6GenPacket)
                  c30a1640    000002a0               : tcp6prot.o674 (.text:_TCP6PrSetOption)
                  c30a18e0    000002a0               : tcpprot.o674 (.text:_TcpPrSetOption)
                  c30a1b80    000002a0     rts6740.lib : _printfi.obj (.text:_ecvt)
                  c30a1e20    000002a0                 : _printfi.obj (.text:_fcvt)
                  c30a20c0    00000280     nettool.lib : dhcpmain.o674 (.text:_DHCPOpen)
                  c30a2340    00000280     ti.drv.omapl138.a674 : csl_emac.o674 (.text:_EMAC_sendPacket)
                  c30a25c0    00000280     stack.lib : icmpv6in.o674 (.text:_ICMPv6RecvEchoRequest)
                  c30a2840    00000280               : lli6.o674 (.text:_LLI6NeighUnreachStateMachine)
                  c30a2ac0    00000280               : route6.o674 (.text:_Rt6Free)
                  c30a2d40    00000280               : sock6pcb.o674 (.text:_Sock6PcbFind)
                  c30a2fc0    00000280               : sockpcb.o674 (.text:_SockPcbResolve)
                  c30a3240    00000280     rts6740.lib : divf.obj (.text:__divf)
                  c30a34c0    00000280     stack.lib : ipcp.o674 (.text:_ipcpSendCfg)
                  c30a3740    00000280               : lcp.o674 (.text:_lcpSendCfg)
                  c30a39c0    00000280     rts6740.lib : sin.obj (.text:_sin)
                  c30a3c40    00000260     nettool.lib : daemon.o674 (.text:_DaemonNew)
                  c30a3ea0    00000260     stack.lib : icmpv6_ndisc.o674 (.text:_ICMPv6SendNA)
                  c30a4100    00000260               : icmpv6_ndisc.o674 (.text:_ICMPv6SendNS)
                  c30a4360    00000260               : lli6.o674 (.text:_LLI6TxIPPacket)
                  c30a45c0    00000260               : nimu.o674 (.text:_NIMUReceivePacket)
                  c30a4820    00000260               : rawethsock.o674 (.text:_RawEthSockSet)
                  c30a4a80    00000260               : sb6.o674 (.text:_SB6Write)
                  c30a4ce0    00000260               : sb.o674 (.text:_SBWrite)
                  c30a4f40    00000260               : sock6.o674 (.text:_Sock6Close)
                  c30a51a0    00000260               : sockpcb.o674 (.text:_SockPcbBind)
                  c30a5400    00000260     rts6740.lib : imath64.obj (.text:__divull)
                  c30a5660    00000260                 : _printfi.obj (.text:__pconv_e)
                  c30a58c0    00000260     ti.drv.omapl138.a674 : csl_emac.o674 (.text:_emacDequeueRx)
                  c30a5b20    00000260     nettool.lib : httppars.o674 (.text:_httpParseRecv)
                  c30a5d80    00000260     connect.obj (.text)
                  c30a5fe0    00000240     stack.lib : bind6.o674 (.text:_Bind6RunDAD)
                  c30a6220    00000240     ti.drv.omapl138.a674 : nimu_eth.o674 (.text:_EmacInit)
                  c30a6460    00000240     stack.lib : pipe.o674 (.text:_PipeRecv)
                  c30a66a0    00000240               : raw.o674 (.text:_RawInput)
                  c30a68e0    00000240     rts6740.lib : _printfi.obj (.text:__pproc_diouxp)
                  c30a6b20    00000240     nettool.lib : dhcpsm.o674 (.text:_dhcpIPAdd)
                  c30a6d60    00000240                 : dhcpsm.o674 (.text:_dhcpState)
                  c30a6fa0    00000240                 : dhcppkt.o674 (.text:_dhcpVerifyMessage)
                  c30a71e0    00000220     stack.lib : icmpv6_ndisc.o674 (.text:_ICMPv6RecvNA)
                  c30a7400    00000220               : igmp.o674 (.text:_IGMPJoinHostGroup)
                  c30a7620    00000220               : ipv6in.o674 (.text:_IPv6RxPacket)
                  c30a7840    00000220               : rawethsock.o674 (.text:_RawEthSockNew)
                  c30a7a60    00000220     rts6740.lib : _printfi.obj (.text:__pproc_str)
                  c30a7c80    00000220     ti.drv.omapl138.a674 : csl_emac.o674 (.text:_emacEnqueueTx)
                  c30a7ea0    00000220     rts6740.lib : fputc.obj (.text:_fputc)
                  c30a80c0    00000220     nettool.lib : httpclie.o674 (.text:_httpGetAuthParams)
                  c30a82e0    00000200     ti.drv.omapl138.a674 : csl_emac.o674 (.text:_EMAC_RxServiceCheck)
                  c30a84e0    00000200                          : ethdriver.o674 (.text:_HwPktSetRx)
                  c30a86e0    00000200     stack.lib : ipv6_frag.o674 (.text:_IPv6ParseFragHdr)
                  c30a88e0    00000200     os_bios5.lib : intmgmt.o674 (.text:_Interrupt_add)
                  c30a8ae0    00000200     stack.lib : lli6.o674 (.text:_LLI6New)
                  c30a8ce0    00000200               : route6.o674 (.text:_Rt6Modify)
                  c30a8ee0    00000200               : sockpcb.o674 (.text:_SockPcbFind)
                  c30a90e0    00000200     rts6740.lib : _printfi.obj (.text:__pconv_g)
                  c30a92e0    00000200     stack.lib : socket.o674 (.text:_accept)
                  c30a94e0    00000200     nettool.lib : dhcpsock.o674 (.text:_dhcpSocketOpen)
                  c30a96e0    00000200     rts6740.lib : setvbuf.obj (.text:_setvbuf)
                  c30a98e0    000001e0     stack.lib : igmp.o674 (.text:_IGMPSendReply)
                  c30a9ac0    00000140               : bind6.o674 (.text:_Bind6Free)
                  c30a9c00    00000200     intvecs.obj (.text)
                  c30a9e00    000001e0     stack.lib : rtc.o674 (.text:_RTCReport)
                  c30a9fe0    000001e0               : raw6.o674 (.text:_Raw6Output)
                  c30aa1c0    000001e0               : rawethsock.o674 (.text:_RawEthSockGet)
                  c30aa3a0    000001e0               : tcpout.o674 (.text:_TcpGenPacket)
                  c30aa580    000001e0               : tcptime.o674 (.text:_TcpTimeoutRexmt)
                  c30aa760    000001e0               : auth.o674 (.text:_chapSendMsg)
                  c30aa940    000001e0               : nimupppoe.o674 (.text:_pppoeCtrlMsg)
                  c30aab20    000001e0               : socket.o674 (.text:_sendto)
                  c30aad00    000001e0     emacHooks.obj (.text)
                  c30aaee0    000001c0     nettool.lib : config.o674 (.text:_CfgExecute)
                  c30ab0a0    000001c0     ti.drv.omapl138.a674 : csl_emac.o674 (.text:_EMAC_TxServiceCheck)
                  c30ab260    000001c0     stack.lib : ipv6_exthdrs.o674 (.text:_IPv6ParseHopOptions)
                  c30ab420    000001c0               : lliout.o674 (.text:_LLIGenArpPacket)
                  c30ab5e0    000001c0     netctrl.lib : netsrv.o674 (.text:_SPIpNet)
                  c30ab7a0    000001c0     stack.lib : sock6pcb.o674 (.text:_Sock6PcbFindRaw)
                  c30ab960    000001c0               : lli.o674 (.text:__LLITimeoutCheck)
                  c30abb20    000001c0     rts6740.lib : _printfi.obj (.text:__mcpy)
                  c30abce0    000001c0     nettool.lib : dhcpbild.o674 (.text:_dhcpBuildHeader)
                  c30abea0    000001c0     stack.lib : fileuser.o674 (.text:_fdClose)
                  c30ac060    000001c0               : socket.o674 (.text:_recvfrom)
                  c30ac220    000001c0     nettool.lib : telnetd.o674 (.text:_telnet_termdata)
                  c30ac3e0    000001a0     stack.lib : bind6.o674 (.text:_Bind6GetGlobalAddress)
                  c30ac580    000001a0               : bind6.o674 (.text:_Bind6Msg)
                  c30ac720    000001a0     nettool.lib : config.o674 (.text:_CfgRemoveEntry)
                  c30ac8c0    000001a0     ti.drv.omapl138.a674 : ethdriver.o674 (.text:_HwPktTxNext)
                  c30aca60    000001a0     stack.lib : ip.o674 (.text:_IPGetRoute)
                  c30acc00    000001a0               : ipv6_frag.o674 (.text:_IPv6FragMsg)
                  c30acda0    000001a0               : ipv6_exthdrs.o674 (.text:_IPv6ParseRoutingHdr)
                  c30acf40    000001a0     netctrl.lib : netctrl.o674 (.text:_NC_NetStart)
                  c30ad0e0    000001a0     stack.lib : node.o674 (.text:_NodeTreeFree)
                  c30ad280    000001a0               : raw6.o674 (.text:_Raw6Input)
                  c30ad420    000001a0               : route6.o674 (.text:_Route6LifetimeMgmt)
                  c30ad5c0    000001a0               : sockint.o674 (.text:_SockCreatePacket)
                  c30ad760    000001a0               : tcp6time.o674 (.text:_TCP6TimeoutRexmt)
                  c30ad900    000001a0     rts6740.lib : imath40.obj (.text:__divul)
                  c30adaa0    000001a0     ti.drv.omapl138.a674 : csl_emac.o674 (.text:_emacEnqueueRx)
                  c30adc40    000001a0     stack.lib : socket.o674 (.text:_getpeername)
                  c30adde0    00000180     os_bios5.lib : ossys.o674 (.text:_DbgPrintf)
                  c30adf60    00000180     rts6740.lib : trgdrv.obj (.text:_HOSTrename)
                  c30ae0e0    00000180     stack.lib : icmpin.o674 (.text:_ICMPRevSrcRoute)
                  c30ae260    00000180               : igmp.o674 (.text:_IGMPMsg)
                  c30ae3e0    00000180               : nimu.o674 (.text:_NIMURegister)
                  c30ae560    00000180               : nimuppp.o674 (.text:_PPPStop)
                  c30ae6e0    00000180     ti.drv.omapl138.a674 : ethdriver.o674 (.text:_RxPacket)
                  c30ae860    00000180     netctrl.lib : netsrv.o674 (.text:_ServiceScan)
                  c30ae9e0    00000180                 : netsrv.o674 (.text:_ServiceSpawn)
                  c30aeb60    00000180     nettool.lib : dhcpsm.o674 (.text:_StateBound)
                  c30aece0    00000180                 : dhcpsm.o674 (.text:_StateRenewRebind)
                  c30aee60    00000180     stack.lib : tcptime.o674 (.text:_TcpTimeoutKeep)
                  c30aefe0    00000180     ti.drv.omapl138.a674 : ethdriver.o674 (.text:__HwPktPoll)
                  c30af160    00000180     stack.lib : socket.o674 (.text:_bind)
                  c30af2e0    00000180     nettool.lib : dhcpbild.o674 (.text:_dhcpBuildRequest)
                  c30af460    00000180     stack.lib : auth.o674 (.text:_papSendCfg)
                  c30af5e0    00000160               : icmp.o674 (.text:_ICMPSendRtAdv)
                  c30af740    00000160               : igmp.o674 (.text:_IGMPDoMCast)
                  c30af8a0    00000160               : lli6.o674 (.text:_LLI6Find)
                  c30afa00    00000160     os_bios5.lib : pbm.o674 (.text:_PBM_free)
                  c30afb60    00000160     stack.lib : pipe.o674 (.text:_PipeSend)
                  c30afcc0    00000160               : raw.o674 (.text:_RawOutput)
                  c30afe20    00000160               : rtable.o674 (.text:_RtTimeoutCheck)
                  c30aff80    00000160               : rtable.o674 (.text:_RtWalkNext)
                  c30b00e0    00000160     netctrl.lib : netsrv.o674 (.text:_SPRoute)
                  c30b0240    00000160     stack.lib : sock6.o674 (.text:_Sock6Check)
                  c30b03a0    00000160               : sock6int.o674 (.text:_Sock6CreatePacket)
                  c30b0500    00000160               : sock6pcb.o674 (.text:_Sock6PcbConnect)
                  c30b0660    00000160               : sock.o674 (.text:_SockCheck)
                  c30b07c0    00000160               : sockpcb.o674 (.text:_SockPcbConnect)
                  c30b0920    00000160     nettool.lib : dhcpsm.o674 (.text:_StateRequesting)
                  c30b0a80    00000160     stack.lib : tcp6time.o674 (.text:_TCP6TimeoutKeep)
                  c30b0be0    00000160     os_bios5.lib : mem.o674 (.text:__mmInit)
                  c30b0d40    00000160     stack.lib : auth.o674 (.text:_authInit)
                  c30b0ea0    00000160     ti.drv.omapl138.a674 : csl_emac.o674 (.text:_emacDequeueTx)
                  c30b1000    00000160     nettool.lib : httpclie.o674 (.text:_httpExtractTag)
                  c30b1160    00000160                 : httpsend.o674 (.text:_httpSendErrorHTML)
                  c30b12c0    00000160     rts6740.lib : ldexp.obj (.text:_ldexp)
                  c30b1420    00000160     os_bios5.lib : task.o674 (.text:_llEnter)
                  c30b1580    00000160     stack.lib : socket.o674 (.text:_recv)
                  c30b16e0    00000160               : socket.o674 (.text:_send)
                  c30b1840    00000160               : socket.o674 (.text:_setsockopt)
                  c30b19a0    00000160     nettool.lib : telnetd.o674 (.text:_telnetClientProcess)
                  c30b1b00    00000140                 : config.o674 (.text:_CfgGetEntry)
                  c30b1c40    00000140     stack.lib : exec.o674 (.text:_ExecOpen)
                  c30b1d80    00000140               : igmp.o674 (.text:_IGMPJoin)
                  c30b1ec0    00000140               : ipin.o674 (.text:_IPRouteIP)
                  c30b2000    00000140               : ipv6.o674 (.text:_IPv6DisplayIPAddress)
                  c30b2140    00000140               : lli.o674 (.text:_LLINew)
                  c30b2280    00000140               : nimu.o674 (.text:_NIMUIoctlSpecialCmd)
                  c30b23c0    00000140               : node.o674 (.text:_NodeFind)
                  c30b2500    00000140     os_bios5.lib : pbm.o674 (.text:_PBM_alloc)
                  c30b2640    00000140     stack.lib : raweth.o674 (.text:_RawEthTxPacket)
                  c30b2780    00000140               : rtable.o674 (.text:_RtFlush)
                  c30b28c0    00000140     netctrl.lib : netsrv.o674 (.text:_SPService)
                  c30b2a00    00000140                 : netsrv.o674 (.text:_ServiceKill)
                  c30b2b40    00000140     stack.lib : sock6.o674 (.text:_Sock6Accept)
                  c30b2c80    00000140               : sock6.o674 (.text:_Sock6Listen)
                  c30b2dc0    00000140               : sock.o674 (.text:_SockAccept)
                  c30b2f00    00000140               : sock.o674 (.text:_SockListen)
                  c30b3040    00000140               : sockpcb.o674 (.text:_SockPcbCtlError)
                  c30b3180    00000140               : tcp6prot.o674 (.text:_TCP6PrGetOption)
                  c30b32c0    00000140               : tcpprot.o674 (.text:_TcpPrGetOption)
                  c30b3400    00000140     rts6740.lib : _printfi.obj (.text:__pproc_fflags)
                  c30b3540    00000140     stack.lib : auth.o674 (.text:_authGetPassword)
                  c30b3680    00000140     nettool.lib : dhcptags.o674 (.text:_dhcpDecodeType)
                  c30b37c0    00000140     rts6740.lib : lowlev.obj (.text:_getdevice)
                  c30b3900    00000140     nettool.lib : httpsend.o674 (.text:_httpAuthenticationReq)
                  c30b3a40    00000140     psc.obj (.text)
                  c30b3b80    00000120     stack.lib : bind6.o674 (.text:_Bind6DADCheck)
                  c30b3ca0    00000120               : bind6.o674 (.text:_Bind6LifetimeMgmt)
                  c30b3dc0    00000120               : bind.o674 (.text:_BindFree)
                  c30b3ee0    00000120     nettool.lib : config.o674 (.text:_CfgGetNextEntry)
                  c30b4000    00000120                 : config.o674 (.text:_CfgNew)
                  c30b4120    00000120                 : daemon.o674 (.text:_DaemonFree)
                  c30b4240    00000120     stack.lib : file.o674 (.text:_FdWaitEvent)
                  c30b4360    00000120               : igmp.o674 (.text:_IGMPLeaveHostGroup)
                  c30b4480    00000120               : ip.o674 (.text:_IPMsg)
                  c30b45a0    00000120               : ipv6_frag.o674 (.text:_IPv6CreateFragQ)
                  c30b46c0    00000120               : ipv6.o674 (.text:_IPv6Init)
                  c30b47e0    00000120               : icmpv6out.o674 (.text:_IsICMPv6ErrorPkt)
                  c30b4900    00000120               : md5.o674 (.text:_MD5Update)
                  c30b4a20    00000120               : mld.o674 (.text:_MLDJoinGroup)
                  c30b4b40    00000120     netctrl.lib : netctrl.o674 (.text:_NC_SystemOpen)
                  c30b4c60    00000120     stack.lib : nimu.o674 (.text:_NIMUAddEthernetHeader)
                  c30b4d80    00000120               : raweth.o674 (.text:_RawEthRxPacket)
                  c30b4ea0    00000120               : sb6.o674 (.text:_SB6New)
                  c30b4fc0    00000120               : sb.o674 (.text:_SBNew)
                  c30b50e0    00000120     netctrl.lib : netsrv.o674 (.text:_SPConfig)
                  c30b5200    00000120     stack.lib : sock6.o674 (.text:_Sock6Shutdown)
                  c30b5320    00000120               : sockpcb.o674 (.text:_SockPcbFindRaw)
                  c30b5440    00000120               : sock.o674 (.text:_SockShutdown)
                  c30b5560    00000120               : tcp6prot.o674 (.text:_TCP6PrAttach)
                  c30b5680    00000120               : tcpprot.o674 (.text:_TcpPrAttach)
                  c30b57a0    00000120     nettool.lib : telnetd.o674 (.text:_TelnetOpen)
                  c30b58c0    00000120     stack.lib : rtable.o674 (.text:__RtNodeInsert)
                  c30b59e0    00000120     rts6740.lib : fclose.obj (.text:__closefile)
                  c30b5b00    00000120                 : _printfi.obj (.text:__ltostr)
                  c30b5c20    00000120     nettool.lib : daemon.o674 (.text:_dchild)
                  c30b5d40    00000120     stack.lib : fileuser.o674 (.text:_fdOpenSession)
                  c30b5e60    00000120     rts6740.lib : frexp.obj (.text:_frexp)
                  c30b5f80    00000120                 : fseek.obj (.text:_fseek)
                  c30b60a0    00000120     nettool.lib : http.o674 (.text:_httpOpen)
                  c30b61c0    00000120                 : httpsend.o674 (.text:_httpSendStatusLine)
                  c30b62e0    00000120     stack.lib : lcp.o674 (.text:_lcpReject)
                  c30b6400    00000120               : socket.o674 (.text:_socket)
                  c30b6520    00000100     nettool.lib : config.o674 (.text:_CfgFree)
                  c30b6620    00000100                 : config.o674 (.text:_CfgGetEntryCnt)
                  c30b6720    00000100                 : config.o674 (.text:_CfgSetExecuteOrder)
                  c30b6820    00000100     rts6740.lib : trgdrv.obj (.text:_HOSTlseek)
                  c30b6920    00000100     stack.lib : igmp.o674 (.text:_IGMPTimer)
                  c30b6a20    00000100               : ipv6.o674 (.text:_IPv6GetSubnetMaskFromBits)
                  c30b6b20    00000100               : ipv6_frag.o674 (.text:_IPv6ReasmTimeout)
                  c30b6c20    00000100     ti.drv.omapl138.a674 : ethdriver.o674 (.text:_Interrupt_init)
                  c30b6d20    00000100     stack.lib : node.o674 (.text:_NodeWalk)
                  c30b6e20    00000100               : rawethsock.o674 (.text:_RawEthSockCheck)
                  c30b6f20    00000100               : route.o674 (.text:_RtRedirect)
                  c30b7020    00000100               : sock6.o674 (.text:_Sock6Disconnect)
                  c30b7120    00000100               : sockint.o674 (.text:_SockValidateRoute)
                  c30b7220    00000100     nettool.lib : dhcpsm.o674 (.text:_StateSelecting)
                  c30b7320    00000100     stack.lib : tcp6time.o674 (.text:_TCP6XmitTimer)
                  c30b7420    00000100               : tcptime.o674 (.text:_TcpXmitTimer)
                  c30b7520    00000100               : lli.o674 (.text:__LLIExpListInsert)
                  c30b7620    00000100               : rtable.o674 (.text:__RtExpListInsert)
                  c30b7720    00000100     rts6740.lib : _io_perm.obj (.text:__wrt_ok)
                  c30b7820    00000100                 : sinit.obj (.text:_call_dtors)
                  c30b7920    00000100     stack.lib : file.o674 (.text:_fdint_unlockfd)
                  c30b7a20    00000100               : lcp.o674 (.text:_lcpOpen)
                  c30b7b20    00000100               : socket.o674 (.text:_listen)
                  c30b7c20    00000100     os_bios5.lib : mem.o674 (.text:_mmFree)
                  c30b7d20    00000100     stack.lib : nimuppp.o674 (.text:_pppAddClient)
                  c30b7e20    00000100               : lliin.o674 (.text:_updateRtTable)
                  c30b7f20    000000e0               : bind6.o674 (.text:_Bind6GetLinkLocalAddress)
                  c30b8000    000000e0     rts6740.lib : trgdrv.obj (.text:_HOSTopen)
                  c30b80e0    000000e0     stack.lib : icmpv6in.o674 (.text:_ICMPv6SocketErrorInterface)
                  c30b81c0    000000e0               : ipv6_frag.o674 (.text:_IPv6FindFragQ)
                  c30b82a0    000000e0               : lli6.o674 (.text:_LLI6Msg)
                  c30b8380    000000e0               : lli6.o674 (.text:_LLI6Update)
                  c30b8460    000000e0     ti.drv.omapl138.a674 : csl_mdio.o674 (.text:_MDIO_initPHY)
                  c30b8540    000000e0     stack.lib : mld.o674 (.text:_MLDFindMulticastNode)
                  c30b8620    000000e0               : nimu.o674 (.text:_NIMUAllocateIndex)
                  c30b8700    000000e0               : nimu.o674 (.text:_NIMUAllocateName)
                  c30b87e0    000000e0               : node.o674 (.text:_NodeDeRef)
                  c30b88c0    000000e0               : node.o674 (.text:_NodeNew)
                  c30b89a0    000000e0               : node.o674 (.text:_NodeTreeNew)
                  c30b8a80    000000e0     os_bios5.lib : pbm.o674 (.text:_PBMQ_enq)
                  c30b8b60    000000e0                  : pbm.o674 (.text:_PBM_copy)
                  c30b8c40    000000e0     stack.lib : rawethsock.o674 (.text:_RawEthSockNotify)
                  c30b8d20    000000e0               : rawethsock_pcb.o674 (.text:_RawEthSockPcbAttach)
                  c30b8e00    000000e0               : rawethsock.o674 (.text:_RawEthSockSend)
                  c30b8ee0    000000e0               : route6.o674 (.text:_Route6Msg)
                  c30b8fc0    000000e0               : route.o674 (.text:_RtRemove)
                  c30b90a0    000000e0               : sb.o674 (.text:_SBSetMax)
                  c30b9180    000000e0               : sock6.o674 (.text:_Sock6IntAbort)
                  c30b9260    000000e0               : sock6int.o674 (.text:_Sock6SpawnAbort)
                  c30b9340    000000e0               : sock6int.o674 (.text:_Sock6ValidateRoute)
                  c30b9420    000000e0               : sock.o674 (.text:_SockDisconnect)
                  c30b9500    000000e0               : sockint.o674 (.text:_SockSpawnAbort)
                  c30b95e0    000000e0               : tcp6prot.o674 (.text:_TCP6PrDetach)
                  c30b96c0    000000e0               : tcp6prot.o674 (.text:_TCP6PrDisconnect)
                  c30b97a0    000000e0               : tcp6prot.o674 (.text:_TCP6PrInherit)
                  c30b9880    000000e0               : tcp6time.o674 (.text:_TCP6TimeoutSackRexmt)
                  c30b9960    000000e0               : tcp6prot.o674 (.text:_TCP6ValidateMetrics)
                  c30b9a40    000000e0               : tcp.o674 (.text:_TcpChecksum)
                  c30b9b20    000000e0               : tcpprot.o674 (.text:_TcpPrDetach)
                  c30b9c00    000000e0               : tcpprot.o674 (.text:_TcpPrDisconnect)
                  c30b9ce0    000000e0               : tcpprot.o674 (.text:_TcpPrInherit)
                  c30b9dc0    000000e0               : tcptime.o674 (.text:_TcpTimeoutSackRexmt)
                  c30b9ea0    000000e0               : tcpprot.o674 (.text:_TcpValidateMetrics)
                  c30b9f80    000000e0               : timer.o674 (.text:_TimerListInsert)
                  c30ba060    000000e0               : udp.o674 (.text:_UdpChecksum)
                  c30ba140    000000e0               : vlan.o674 (.text:_VLANDeinit)
                  c30ba220    000000e0               : vlan.o674 (.text:_VLANReceivePacket)
                  c30ba300    000000e0     nettool.lib : config.o674 (.text:__CfgEntryScan)
                  c30ba3e0    000000e0     stack.lib : rtable.o674 (.text:__RtNodeRemove)
                  c30ba4c0    000000e0     rts6740.lib : divi.obj (.text:__divi)
                  c30ba5a0    000000e0                 : atoi.obj (.text:_atoi)
                  c30ba680    000000e0                 : lowlev.obj (.text:_close)
                  c30ba760    000000e0     nettool.lib : dhcptags.o674 (.text:_dhcpBuildOptions)
                  c30ba840    000000e0     stack.lib : file.o674 (.text:_fdint_lockfd)
                  c30ba920    000000e0     nettool.lib : httpclie.o674 (.text:_httpGetMimeBits)
                  c30baa00    000000e0     os_bios5.lib : task.o674 (.text:_llExit)
                  c30baae0    000000e0     rts6740.lib : memset.obj (.text:_memset)
                  c30babc0    000000e0     os_bios5.lib : mem.o674 (.text:_mmCopy)
                  c30baca0    000000e0     stack.lib : nimuppp.o674 (.text:_pppFree)
                  c30bad80    000000e0     rts6740.lib : printf.obj (.text:_printf)
                  c30bae60    000000c0     nettool.lib : config.o674 (.text:_CfgEntryDeRef)
                  c30baf20    000000c0                 : dhcpmain.o674 (.text:_DHCPClose)
                  c30bafe0    000000c0     rts6740.lib : trgdrv.obj (.text:_HOSTread)
                  c30bb0a0    000000c0                 : trgdrv.obj (.text:_HOSTunlink)
                  c30bb160    000000c0                 : trgdrv.obj (.text:_HOSTwrite)
                  c30bb220    000000c0     ti.drv.omapl138.a674 : ethdriver.o674 (.text:_HwPktClose)
                  c30bb2e0    000000c0     stack.lib : igmp.o674 (.text:_IGMPLeave)
                  c30bb3a0    000000c0               : ipv6.o674 (.text:_IPv6Layer4ComputeChecksum)
                  c30bb460    000000c0               : lli.o674 (.text:_LLIGetValidTime)
                  c30bb520    000000c0               : lli.o674 (.text:_LLIMsg)
                  c30bb5e0    000000c0     ti.drv.omapl138.a674 : csl_mdio.o674 (.text:_MDIO_close)
                  c30bb6a0    000000c0     stack.lib : mld.o674 (.text:_MLDCreateMulticastNode)
                  c30bb760    000000c0               : mld.o674 (.text:_MLDLeaveGroup)
                  c30bb820    000000c0               : nimu.o674 (.text:_NIMUFindByName)
                  c30bb8e0    000000c0     netctrl.lib : netsrv.o674 (.text:_NS_BootTask)
                  c30bb9a0    000000c0     nettool.lib : ipaddr.o674 (.text:_NtIfIdx2Ip)
                  c30bba60    000000c0     stack.lib : rtc.o674 (.text:_RTCMsg)
                  c30bbb20    000000c0               : route6.o674 (.text:_Rt6FindDefaultRouter)
                  c30bbbe0    000000c0               : route.o674 (.text:_RtDeRef)
                  c30bbca0    000000c0               : rtable.o674 (.text:_RtWalkBegin)
                  c30bbd60    000000c0               : sb6.o674 (.text:_SB6Flush)
                  c30bbe20    000000c0               : sb6.o674 (.text:_SB6SetMax)
                  c30bbee0    000000c0               : sb.o674 (.text:_SBFlush)
                  c30bbfa0    000000c0               : sock6pcb.o674 (.text:_Sock6PcbResolveChain)
                  c30bc060    000000c0               : sock6pcb.o674 (.text:_Sock6PcbRtChange)
                  c30bc120    000000c0               : sock.o674 (.text:_SockIntAbort)
                  c30bc1e0    000000c0               : sockpcb.o674 (.text:_SockPcbRtChange)
                  c30bc2a0    000000c0               : tcp6prot.o674 (.text:_TCP6Close)
                  c30bc360    000000c0               : tcp6prot.o674 (.text:_TCP6PrSendOOB)
                  c30bc420    000000c0     os_bios5.lib : task.o674 (.text:_TaskGetEnv)
                  c30bc4e0    000000c0     stack.lib : tcpprot.o674 (.text:_TcpClose)
                  c30bc5a0    000000c0               : tcpprot.o674 (.text:_TcpPrSendOOB)
                  c30bc660    000000c0     rts6740.lib : _printfi.obj (.text:__div)
                  c30bc720    000000c0                 : divu.obj (.text:__divu)
                  c30bc7e0    000000c0                 : fflush.obj (.text:__doflush)
                  c30bc8a0    000000c0                 : remi.obj (.text:__remi)
                  c30bc960    000000c0                 : atexit.obj (.text:_atexit)
                  c30bca20    000000c0     nettool.lib : dhcptags.o674 (.text:_dhcpOptionsClear)
                  c30bcae0    000000c0     os_bios5.lib : efs.o674 (.text:_efs_fopen)
                  c30bcba0    000000c0                  : efs.o674 (.text:_efs_internal_remove)
                  c30bcc60    000000c0     nettool.lib : httpsend.o674 (.text:_httpSendFullResponse)
                  c30bcd20    000000c0     rts6740.lib : ltoa.obj (.text:_ltoa)
                  c30bcde0    000000c0     os_bios5.lib : mem.o674 (.text:_mmInitPage)
                  c30bcea0    000000c0                  : mem.o674 (.text:_mmZeroInit)
                  c30bcf60    000000c0     stack.lib : nimuppp.o674 (.text:_pppAddIP)
                  c30bd020    000000c0     bios.a674 : tsk_stup.o674 (.text)
                  c30bd0e0    000000a0     nettool.lib : config.o674 (.text:_CfgEntryGetData)
                  c30bd180    000000a0                 : config.o674 (.text:_CfgGetImmediate)
                  c30bd220    000000a0                 : telnetd.o674 (.text:_CmdWriteBytes)
                  c30bd2c0    000000a0                 : telnetd.o674 (.text:_CmdWriteCmd)
                  c30bd360    000000a0     stack.lib : file.o674 (.text:_FdSignalEvent)
                  c30bd400    000000a0     ti.drv.omapl138.a674 : ethdriver.o674 (.text:_GetPacket)
                  c30bd4a0    000000a0     rts6740.lib : trgdrv.obj (.text:_HOSTclose)
                  c30bd540    000000a0     stack.lib : icmpv6in.o674 (.text:_ICMPv6RecvDstUnreachable)
                  c30bd5e0    000000a0               : ipfrag.o674 (.text:_IPReasmFree)
                  c30bd680    000000a0               : ipfrag.o674 (.text:_IPReasmTimeout)
                  c30bd720    000000a0               : ipv6.o674 (.text:_IPv6CompareAddress)
                  c30bd7c0    000000a0               : lliin.o674 (.text:_LLIValidateRoute)
                  c30bd860    000000a0               : md5.o674 (.text:_MD5Final)
                  c30bd900    000000a0               : nimu.o674 (.text:_NIMUShutdown)
                  c30bd9a0    000000a0               : nimu.o674 (.text:_NIMUUnregister)
                  c30bda40    000000a0     nettool.lib : ipaddr.o674 (.text:_NtAddNetwork)
                  c30bdae0    000000a0     os_bios5.lib : pbm.o674 (.text:_PBM_open)
                  c30bdb80    000000a0     stack.lib : pipe.o674 (.text:_PipeCheck)
                  c30bdc20    000000a0     ti.drv.omapl138.a674 : ethdriver.o674 (.text:_Queue_push)
                  c30bdcc0    000000a0     stack.lib : rtable.o674 (.text:_RouteMsg)
                  c30bdd60    000000a0               : route.o674 (.text:_RtNew)
                  c30bde00    000000a0               : sb6.o674 (.text:_SB6Free)
                  c30bdea0    000000a0               : sb.o674 (.text:_SBFree)
                  c30bdf40    000000a0               : sock6pcb.o674 (.text:_Sock6CleanPcb)
                  c30bdfe0    000000a0               : sock6.o674 (.text:_Sock6GetName)
                  c30be080    000000a0               : sock.o674 (.text:_SockBind)
                  c30be120    000000a0               : sockpcb.o674 (.text:_SockCleanPcb)
                  c30be1c0    000000a0               : sockpcb.o674 (.text:_SockPcbResolveChain)
                  c30be260    000000a0               : tcp6prot.o674 (.text:_TCP6Drop)
                  c30be300    000000a0               : tcp6prot.o674 (.text:_TCP6PrCtlError)
                  c30be3a0    000000a0               : tcp6prot.o674 (.text:_TCP6PrSend)
                  c30be440    000000a0     os_bios5.lib : task.o674 (.text:_TaskCleanup)
                  c30be4e0    000000a0                  : task.o674 (.text:_TaskCreate)
                  c30be580    000000a0                  : task.o674 (.text:_TaskSetEnv)
                  c30be620    000000a0     stack.lib : tcpprot.o674 (.text:_TcpDrop)
                  c30be6c0    000000a0               : tcpprot.o674 (.text:_TcpPrCtlError)
                  c30be760    000000a0               : tcpprot.o674 (.text:_TcpPrSend)
                  c30be800    000000a0               : timer.o674 (.text:_TimerNew)
                  c30be8a0    000000a0               : bind6.o674 (.text:__Bind6FindByHostInList)
                  c30be940    000000a0               : bind6.o674 (.text:__Bind6FindByNetInList)
                  c30be9e0    000000a0               : lli.o674 (.text:__LLITimeoutFlush)
                  c30bea80    000000a0     rts6740.lib : fopen.obj (.text:__cleanup)
                  c30beb20    000000a0                 : imath40.obj (.text:__divli)
                  c30bebc0    000000a0                 : _printfi.obj (.text:__ecpy)
                  c30bec60    000000a0                 : _printfi.obj (.text:__fcpy)
                  c30bed00    000000a0                 : fixdli.obj (.text:__fixdli)
                  c30beda0    000000a0                 : round.obj (.text:__nround)
                  c30bee40    000000a0                 : _printfi.obj (.text:__pconv_f)
                  c30beee0    000000a0                 : remu.obj (.text:__remu)
                  c30bef80    000000a0     stack.lib : auth.o674 (.text:_authStart)
                  c30bf020    000000a0     nettool.lib : dhcpbild.o674 (.text:_dhcpBuildDecline)
                  c30bf0c0    000000a0                 : dhcpsm.o674 (.text:_dhcpIPRemove)
                  c30bf160    000000a0     os_bios5.lib : efs.o674 (.text:_efs_filesend)
                  c30bf200    000000a0     ti.drv.omapl138.a674 : csl_emac.o674 (.text:_emacUpdateStats)
                  c30bf2a0    000000a0     stack.lib : fileuser.o674 (.text:_fdCloseSession)
                  c30bf340    000000a0     rts6740.lib : lowlev.obj (.text:_finddevice)
                  c30bf3e0    000000a0     nettool.lib : httpsend.o674 (.text:_httpSendErrorResponse)
                  c30bf480    000000a0     stack.lib : lcp.o674 (.text:_lcpInit)
                  c30bf520    000000a0               : lcp.o674 (.text:_lcpSendTerm)
                  c30bf5c0    000000a0     hal_timer_bios5.lib : lltimer.o674 (.text:_llTimerTick)
                  c30bf660    000000a0     rts6740.lib : lowlev.obj (.text:_lseek)
                  c30bf700    000000a0                 : memcpy64.obj (.text:_memcpy)
                  c30bf7a0    000000a0     os_bios5.lib : mem.o674 (.text:_mmBulkFree)
                  c30bf840    000000a0     rts6740.lib : modf.obj (.text:_modf)
                  c30bf8e0    000000a0     os_bios5.lib : ossys.o674 (.text:_stricmp)
                  c30bf980    000000a0     rts6740.lib : strstr.obj (.text:_strstr)
                  c30bfa20    000000a0                 : lowlev.obj (.text:_write)
                  c30bfac0    00000080     stack.lib : md5.o674 (.text:_Decode)
                  c30bfb40    00000080     ti.drv.omapl138.a674 : nimu_eth.o674 (.text:_EmacPktService)
                  c30bfbc0    00000080                          : nimu_eth.o674 (.text:_EmacSend)
                  c30bfc40    00000080                          : nimu_eth.o674 (.text:_EmacStart)
                  c30bfcc0    00000080                          : nimu_eth.o674 (.text:_EmacStop)
                  c30bfd40    00000080     stack.lib : icmp.o674 (.text:_ICMPChecksum)
                  c30bfdc0    00000080               : icmpv6in.o674 (.text:_ICMPv6RecvParamProblem)
                  c30bfe40    00000080               : icmpv6_ndisc.o674 (.text:_ICMPv6RecvRS)
                  c30bfec0    00000080               : icmpv6in.o674 (.text:_ICMPv6RecvTimeExceeded)
                  c30bff40    00000080               : igmp.o674 (.text:_IGMPTestGroup)
                  c30bffc0    00000080               : ipv6out.o674 (.text:_IPv6GetRoute)
                  c30c0040    00000080               : lli6.o674 (.text:_LLI6Free)
                  c30c00c0    00000080               : lli6.o674 (.text:_LLI6IsRouterStatMachine)
                  c30c0140    00000080     netctrl.lib : netctrl.o674 (.text:_NC_SystemClose)
                  c30c01c0    00000080     stack.lib : nimu.o674 (.text:_NIMUInit)
                  c30c0240    00000080               : node.o674 (.text:_NodeUpdatePL)
                  c30c02c0    00000080     os_bios5.lib : pbm.o674 (.text:_PBMQ_deq)
                  c30c0340    00000080     stack.lib : nimuppp.o674 (.text:_PPPSend)
                  c30c03c0    00000080               : pipe.o674 (.text:_PipeClose)
                  c30c0440    00000080     ti.drv.omapl138.a674 : ethdriver.o674 (.text:_Queue_pop)
                  c30c04c0    00000080     stack.lib : rawethsock.o674 (.text:_RawEthSockClose)
                  c30c0540    00000080               : rawethsock_pcb.o674 (.text:_RawEthSockPcbDetach)
                  c30c05c0    00000080               : route6.o674 (.text:_Rt6Update)
                  c30c0640    00000080               : route.o674 (.text:_RtSetFailure)
                  c30c06c0    00000080               : route.o674 (.text:_RtSetTimeout)
                  c30c0740    00000080     netctrl.lib : netsrv.o674 (.text:_ServiceCallback)
                  c30c07c0    00000080     stack.lib : sock6.o674 (.text:_Sock6Bind)
                  c30c0840    00000080               : sock6pcb.o674 (.text:_Sock6PcbCleanup)
                  c30c08c0    00000080               : sock.o674 (.text:_SockGetName)
                  c30c0940    00000080               : sockpcb.o674 (.text:_SockPcbCleanup)
                  c30c09c0    00000080               : sockpcb.o674 (.text:_SockPcbDetach)
                  c30c0a40    00000080               : sockprot.o674 (.text:_SockPrCtlError)
                  c30c0ac0    00000080               : tcp6prot.o674 (.text:_TCP6PrListen)
                  c30c0b40    00000080               : tcp6time.o674 (.text:_TCP6SetPersist)
                  c30c0bc0    00000080               : tcpprot.o674 (.text:_TcpPrListen)
                  c30c0c40    00000080               : tcptime.o674 (.text:_TcpSetPersist)
                  c30c0cc0    00000080               : timer.o674 (.text:_TimerHSTick)
                  c30c0d40    00000080               : timer.o674 (.text:_TimerListRemove)
                  c30c0dc0    00000080               : vlan.o674 (.text:_VLANFindSourceInterface)
                  c30c0e40    00000080     nettool.lib : config.o674 (.text:__CfgAcquire)
                  c30c0ec0    00000080                 : config.o674 (.text:__CfgRelease)
                  c30c0f40    00000080     stack.lib : lli.o674 (.text:__LLIExpListRemove)
                  c30c0fc0    00000080               : rtc.o674 (.text:__RTCSendRtAdv)
                  c30c1040    00000080               : rtable.o674 (.text:__RtExpListRemove)
                  c30c10c0    00000080     rts6740.lib : fltlid.obj (.text:__fltlid)
                  c30c1140    00000080                 : llshift.obj (.text:__llshl)
                  c30c11c0    00000080     os_bios5.lib : efs.o674 (.text:_efs_fclose)
                  c30c1240    00000080                  : efs.o674 (.text:_efs_findfile)
                  c30c12c0    00000080     stack.lib : file.o674 (.text:_fdint_waitevent)
                  c30c1340    00000080     nettool.lib : httpsend.o674 (.text:_httpSendEntityLength)
                  c30c13c0    00000080     hal_timer_bios5.lib : lltimer.o674 (.text:_llTimerGetTime)
                  c30c1440    00000080     stack.lib : nimupppoe.o674 (.text:_pppoeInput)
                  c30c14c0    00000080     ti.drv.omapl138.a674 : csl_emac.o674 (.text:_pqPush)
                  c30c1540    00000080                          : csl_emac.o674 (.text:_pqPushChain)
                  c30c15c0    00000080     rts6740.lib : trgmsg.obj (.text:_readmsg)
                  c30c1640    00000080     nettool.lib : httpsend.o674 (.text:_strcat)
                  c30c16c0    00000080     rts6740.lib : lowlev.obj (.text:_unlink)
                  c30c1740    00000060     stack.lib : bind6.o674 (.text:_Bind6FindByIF)
                  c30c17a0    00000060               : bind6.o674 (.text:_Bind6IF2IPHost)
                  c30c1800    00000060               : bind.o674 (.text:_BindFindByHost)
                  c30c1860    00000060               : bind.o674 (.text:_BindFindByIF)
                  c30c18c0    00000060               : bind.o674 (.text:_BindFindByNet)
                  c30c1920    00000060               : bind.o674 (.text:_BindGetIFByDBCast)
                  c30c1980    00000060               : bind.o674 (.text:_BindIF2IPHost)
                  c30c19e0    00000060     nettool.lib : config.o674 (.text:_CfgEntryInfo)
                  c30c1a40    00000060                 : config.o674 (.text:_CfgSetService)
                  c30c1aa0    00000060     stack.lib : md5.o674 (.text:_Encode)
                  c30c1b00    00000060               : exec.o674 (.text:_ExecBroadcast)
                  c30c1b60    00000060     ti.drv.omapl138.a674 : ethdriver.o674 (.text:_FreePacket)
                  c30c1bc0    00000060                          : ethdriver.o674 (.text:_HwRxInt)
                  c30c1c20    00000060                          : ethdriver.o674 (.text:_HwTxInt)
                  c30c1c80    00000060     stack.lib : ip.o674 (.text:_IPChecksum)
                  c30c1ce0    00000060     ti.drv.omapl138.a674 : ethdriver.o674 (.text:_Interrupt_end)
                  c30c1d40    00000060     stack.lib : lli.o674 (.text:_LLIFree)
                  c30c1da0    00000060     ti.drv.omapl138.a674 : csl_mdio.o674 (.text:_MDIO_getStatus)
                  c30c1e00    00000060                          : csl_mdio.o674 (.text:_MDIO_open)
                  c30c1e60    00000060     stack.lib : nimu.o674 (.text:_NIMUAddHeader)
                  c30c1ec0    00000060               : nimu.o674 (.text:_NIMUCreatePacket)
                  c30c1f20    00000060               : nimu.o674 (.text:_NIMUFindByIndex)
                  c30c1f80    00000060               : nimu.o674 (.text:_NIMUPacketService)
                  c30c1fe0    00000060               : nimu.o674 (.text:_NIMUPacketServiceCheck)
                  c30c2040    00000060               : nimu.o674 (.text:_NIMUSendPacket)
                  c30c20a0    00000060     netctrl.lib : netsrv.o674 (.text:_NS_PreBoot)
                  c30c2100    00000060     stack.lib : rtc.o674 (.text:_RTCAddHook)
                  c30c2160    00000060               : rtc.o674 (.text:_RTCRemoveHook)
                  c30c21c0    00000060               : rawethsock_pcb.o674 (.text:_RawEthSockPcbCleanup)
                  c30c2220    00000060               : rawethsock_pcb.o674 (.text:_RawEthSockPcbFind)
                  c30c2280    00000060               : route6.o674 (.text:_Rt6GetNetworkAddr)
                  c30c22e0    00000060               : rtable.o674 (.text:_RtWalkEnd)
                  c30c2340    00000060               : sock6pcb.o674 (.text:_Sock6PcbDetach)
                  c30c23a0    00000060               : sock6prot.o674 (.text:_Sock6PrAttach)
                  c30c2400    00000060               : sock6prot.o674 (.text:_Sock6PrCtlError)
                  c30c2460    00000060               : sock6prot.o674 (.text:_Sock6PrDetach)
                  c30c24c0    00000060               : sockprot.o674 (.text:_SockPrAttach)
                  c30c2520    00000060               : sockprot.o674 (.text:_SockPrDetach)
                  c30c2580    00000060               : tcp6prot.o674 (.text:_TCP6PrConnect)
                  c30c25e0    00000060               : tcp6time.o674 (.text:_TCP6TimeoutPersist)
                  c30c2640    00000060     os_bios5.lib : task.o674 (.text:_TaskDestroy)
                  c30c26a0    00000060     stack.lib : tcpprot.o674 (.text:_TcpPrConnect)
                  c30c2700    00000060               : tcptime.o674 (.text:_TcpTimeoutPersist)
                  c30c2760    00000060               : vlan.o674 (.text:_VLANFindNode)
                  c30c27c0    00000060               : vlan.o674 (.text:_VLANInit)
                  c30c2820    00000060     nettool.lib : config.o674 (.text:__CfgEntryProcess)
                  c30c2880    00000060     rts6740.lib : imath64.obj (.text:__subcull)
                  c30c28e0    00000060     nettool.lib : dhcpbild.o674 (.text:_dhcpBuildDiscover)
                  c30c2940    00000060                 : dhcpsock.o674 (.text:_dhcpPacketReceive)
                  c30c29a0    00000060                 : dhcpsock.o674 (.text:_dhcpPacketSend)
                  c30c2a00    00000060                 : dhcpsock.o674 (.text:_dhcpSocketClose)
                  c30c2a60    00000060     stack.lib : file.o674 (.text:_fdint_clearevent)
                  c30c2ac0    00000060               : file.o674 (.text:_fdint_getfdt)
                  c30c2b20    00000060               : file.o674 (.text:_fdint_setevent)
                  c30c2b80    00000060               : fileuser.o674 (.text:_fdsetTestEntry)
                  c30c2be0    00000060     nettool.lib : httpsend.o674 (.text:_httpSendClientStr)
                  c30c2c40    00000060     stack.lib : ipcp.o674 (.text:_ipcpStart)
                  c30c2ca0    00000060               : lcp.o674 (.text:_lcpClose)
                  c30c2d00    00000060               : listlib.o674 (.text:_list_cat)
                  c30c2d60    00000060               : listlib.o674 (.text:_list_remove_node)
                  c30c2dc0    00000060     rts6740.lib : memccpy.obj (.text:_memccpy)
                  c30c2e20    00000060     os_bios5.lib : mem.o674 (.text:_mmBulkAlloc)
                  c30c2e80    00000060                  : mem.o674 (.text:_mmUnInitPage)
                  c30c2ee0    00000060     ti.drv.omapl138.a674 : csl_emac.o674 (.text:_pqPop)
                  c30c2f40    00000060     rts6740.lib : sprintf.obj (.text:_sprintf)
                  c30c2fa0    00000060     nettool.lib : httpsend.o674 (.text:_strcpy)
                  c30c3000    00000060     rts6740.lib : strcpy.obj (.text:_strcpy)
                  c30c3060    00000060                 : vsprintf.obj (.text:_vsprintf)
                  c30c30c0    00000060                 : trgmsg.obj (.text:_writemsg)
                  c30c3120    00000040     stack.lib : bind6.o674 (.text:_Bind6FindByHost)
                  c30c3160    00000040               : bind6.o674 (.text:_Bind6FindByNet)
                  c30c31a0    00000040               : bind.o674 (.text:_BindGetIP)
                  c30c31e0    00000040     nettool.lib : config.o674 (.text:_CfgEntryRef)
                  c30c3220    00000040     ti.drv.omapl138.a674 : ethdriver.o674 (.text:_EMAC_rxEoiWrite)
                  c30c3260    00000040                          : ethdriver.o674 (.text:_EMAC_txEoiWrite)
                  c30c32a0    00000040                          : nimu_eth.o674 (.text:_EmacPoll)
                  c30c32e0    00000040     stack.lib : exec.o674 (.text:_ExecClose)
                  c30c3320    00000040               : exec.o674 (.text:_ExecTimer)
                  c30c3360    00000040               : ipv6.o674 (.text:_IPv6IsLinkLocal)
                  c30c33a0    00000040               : ipv6.o674 (.text:_IPv6IsMulticast)
                  c30c33e0    00000040               : lli6.o674 (.text:_LLI6IsValid)
                  c30c3420    00000040               : md5.o674 (.text:_MD5Init)
                  c30c3460    00000040     ti.drv.omapl138.a674 : csl_mdio.o674 (.text:_MDIO_initStateMachine)
                  c30c34a0    00000040     stack.lib : mld.o674 (.text:_MLDTestGroup)
                  c30c34e0    00000040     netctrl.lib : netctrl.o674 (.text:_NC_BootComplete)
                  c30c3520    00000040     os_bios5.lib : task.o674 (.text:_NDK_hookCreate)
                  c30c3560    00000040     nettool.lib : ipaddr.o674 (.text:_NtRemoveNetwork)
                  c30c35a0    00000040     stack.lib : nimuppp.o674 (.text:_PPPStart)
                  c30c35e0    00000040     nettool.lib : ipaddr.o674 (.text:_RouteHook)
                  c30c3620    00000040     stack.lib : route6.o674 (.text:_Rt6IsDefaultRoute)
                  c30c3660    00000040               : sock6pcb.o674 (.text:_Sock6PcbAttach)
                  c30c36a0    00000040               : sock6int.o674 (.text:_Sock6SetOOBMark)
                  c30c36e0    00000040               : sockpcb.o674 (.text:_SockPcbAttach)
                  c30c3720    00000040               : sockint.o674 (.text:_SockSetOOBMark)
                  c30c3760    00000040     ti.drv.omapl138.a674 : ethdriver.o674 (.text:_StatisticsUpdate)
                  c30c37a0    00000040                          : ethdriver.o674 (.text:_StatusUpdate)
                  c30c37e0    00000040     stack.lib : tcp6.o674 (.text:_TCP6TimeoutRemove)
                  c30c3820    00000040               : tcp6time.o674 (.text:_TCP6TimeoutWait2)
                  c30c3860    00000040               : tcp.o674 (.text:_TcpTimeoutRemove)
                  c30c38a0    00000040               : tcptime.o674 (.text:_TcpTimeoutWait2)
                  c30c38e0    00000040     rts6740.lib : sinit.obj (.text:___add_dtor)
                  c30c3920    00000040                 : isinf.obj (.text:___isinf)
                  c30c3960    00000040                 : _printfi.obj (.text:___isnan)
                  c30c39a0    00000040                 : frcmpyd_div.obj (.text:__frcmpyd_div)
                  c30c39e0    00000040     hal_timer_bios5.lib : lltimer.o674 (.text:__llTimerInit)
                  c30c3a20    00000040     rts6740.lib : llshift.obj (.text:__llshru)
                  c30c3a60    00000040                 : sprintf.obj (.text:__outs)
                  c30c3aa0    00000040                 : vsprintf.obj (.text:__outs)
                  c30c3ae0    00000040                 : imath40.obj (.text:__remli)
                  c30c3b20    00000040                 : strasg.obj (.text:__strasgi_64plus)
                  c30c3b60    00000040     os_bios5.lib : efs.o674 (.text:_efs_loadfunction)
                  c30c3ba0    00000040     stack.lib : fileuser.o674 (.text:_fdError)
                  c30c3be0    00000040               : fileuser.o674 (.text:_fdSelectAbort)
                  c30c3c20    00000040               : file.o674 (.text:_fdint_freefdt)
                  c30c3c60    00000040     nettool.lib : inetaddr.o674 (.text:_inet_addr)
                  c30c3ca0    00000040     stack.lib : ipcp.o674 (.text:_ipcpInit)
                  c30c3ce0    00000040               : listlib.o674 (.text:_list_add)
                  c30c3d20    00000040               : listlib.o674 (.text:_list_remove)
                  c30c3d60    00000040     rts6740.lib : strlen.obj (.text:_strlen)
                  c30c3da0    00000020     stack.lib : bind6.o674 (.text:_Bind6GetInterfaceHandle)
                  c30c3dc0    00000020               : bind6.o674 (.text:_Bind6GetLifetime)
                  c30c3de0    00000020               : bind6.o674 (.text:_Bind6SetLifetime)
                  c30c3e00    00000020               : bind.o674 (.text:_BindGetFirst)
                  c30c3e20    00000020               : bind.o674 (.text:_BindGetIF)
                  c30c3e40    00000020               : bind.o674 (.text:_BindGetNext)
                  c30c3e60    00000020               : bind.o674 (.text:_BindIFNet2IPHost)
                  c30c3e80    00000020               : bind.o674 (.text:_BindIPHost2IF)
                  c30c3ea0    00000020     nettool.lib : config.o674 (.text:_CfgSetDefault)
                  c30c3ec0    00000020     stack.lib : exec.o674 (.text:_ExecHRef)
                  c30c3ee0    00000020               : exec.o674 (.text:_ExecLowResource)
                  c30c3f00    00000020     ti.drv.omapl138.a674 : ethdriver.o674 (.text:_HwPktInit)
                  c30c3f20    00000020                          : ethdriver.o674 (.text:_HwPktShutdown)
                  c30c3f40    00000020     stack.lib : ip.o674 (.text:_IPRtChange)
                  c30c3f60    00000020     os_bios5.lib : intmgmt.o674 (.text:_Interrupt_delete)
                  c30c3f80    00000020     hal_userled_stub.lib : llled.o674 (.text:_LED_TOGGLE)
                  c30c3fa0    00000020     stack.lib : lli6.o674 (.text:_LLI6GetNetDevice)
                  c30c3fc0    00000020               : lli6.o674 (.text:_LLI6IncRefCount)
                  c30c3fe0    00000020               : lli6.o674 (.text:_LLI6IsDead)
                  c30c4000    00000020               : lli6.o674 (.text:_LLI6IsRouter)
                  c30c4020    00000020               : lli6.o674 (.text:_LLI6SetIncomplete)
                  c30c4040    00000020     netctrl.lib : netctrl.o674 (.text:_NC_IPUpdate)
                  c30c4060    00000020                 : netctrl.o674 (.text:_NC_NetStop)
                  c30c4080    00000020     os_bios5.lib : task.o674 (.text:_NDK_hookInit)
                  c30c40a0    00000020     stack.lib : nimu.o674 (.text:_NIMUGetRsvdSizeInfo)
                  c30c40c0    00000020               : nimu.o674 (.text:_NIMUSetRsvdSizeInfo)
                  c30c40e0    00000020               : nat.o674 (.text:_NatMsg)
                  c30c4100    00000020               : node.o674 (.text:_NodeGetRt)
                  c30c4120    00000020               : node.o674 (.text:_NodeSetRt)
                  c30c4140    00000020     os_bios5.lib : task.o674 (.text:_NotifyLowResource)
                  c30c4160    00000020                  : oem.o674 (.text:_OEMCacheClean)
                  c30c4180    00000020                  : oem.o674 (.text:_OEMSysCritOff)
                  c30c41a0    00000020                  : oem.o674 (.text:_OEMSysCritOn)
                  c30c41c0    00000020                  : pbm.o674 (.text:_PBM_close)
                  c30c41e0    00000020     stack.lib : rawethsock_pcb.o674 (.text:_RawEthSockPcbInit)
                  c30c4200    00000020               : rawethsock_prot.o674 (.text:_RawEthSockPrAttach)
                  c30c4220    00000020               : rawethsock_prot.o674 (.text:_RawEthSockPrDetach)
                  c30c4240    00000020               : route6.o674 (.text:_Rt6GetIF)
                  c30c4260    00000020               : route6.o674 (.text:_Rt6GetLLI)
                  c30c4280    00000020               : route6.o674 (.text:_Rt6GetMTU)
                  c30c42a0    00000020               : route6.o674 (.text:_Rt6IncRefCount)
                  c30c42c0    00000020               : route6.o674 (.text:_Rt6IsLocalRoute)
                  c30c42e0    00000020     os_bios5.lib : semaphore.o674 (.text:_SemCreate)
                  c30c4300    00000020                  : semaphore.o674 (.text:_SemDelete)
                  c30c4320    00000020                  : semaphore.o674 (.text:_SemPend)
                  c30c4340    00000020                  : semaphore.o674 (.text:_SemPost)
                  c30c4360    00000020                  : semaphore.o674 (.text:_SemReset)
                  c30c4380    00000020     stack.lib : sock6int.o674 (.text:_Sock6SetOOBData)
                  c30c43a0    00000020               : sockint.o674 (.text:_SockSetOOBData)
                  c30c43c0    00000020               : tcp6prot.o674 (.text:_TCP6PrRecv)
                  c30c43e0    00000020               : tcp6.o674 (.text:_TCP6TimeoutAdd)
                  c30c4400    00000020     os_bios5.lib : task.o674 (.text:_TaskBlock)
                  c30c4420    00000020                  : task.o674 (.text:_TaskExit)
                  c30c4440    00000020                  : task.o674 (.text:_TaskSelf)
                  c30c4460    00000020                  : task.o674 (.text:_TaskSetPri)
                  c30c4480    00000020                  : task.o674 (.text:_TaskSleep)
                  c30c44a0    00000020     stack.lib : tcpprot.o674 (.text:_TcpPrRecv)
                  c30c44c0    00000020               : tcp.o674 (.text:_TcpTimeoutAdd)
                  c30c44e0    00000020     nettool.lib : telnetd.o674 (.text:_TelnetClose)
                  c30c4500    00000020     stack.lib : timer.o674 (.text:_TimerFree)
                  c30c4520    00000020     os_bios5.lib : task.o674 (.text:__TaskInit)
                  c30c4540    00000020                  : task.o674 (.text:__TaskShutdown)
                  c30c4560    00000020     hal_ser_stub.lib : llserstb.o674 (.text:__llSerialInit)
                  c30c4580    00000020                      : llserstb.o674 (.text:__llSerialServiceCheck)
                  c30c45a0    00000020                      : llserstb.o674 (.text:__llSerialShutdown)
                  c30c45c0    00000020     hal_timer_bios5.lib : lltimer.o674 (.text:__llTimerShutdown)
                  c30c45e0    00000020     hal_userled_stub.lib : llled.o674 (.text:__llUserLedInit)
                  c30c4600    00000020                          : llled.o674 (.text:__llUserLedShutdown)
                  c30c4620    00000020     rts6740.lib : negll.obj (.text:__negll)
                  c30c4640    00000020                 : _lock.obj (.text:__nop)
                  c30c4660    00000020                 : printf.obj (.text:__outc)
                  c30c4680    00000020                 : sprintf.obj (.text:__outc)
                  c30c46a0    00000020                 : vsprintf.obj (.text:__outc)
                  c30c46c0    00000020                 : printf.obj (.text:__outs)
                  c30c46e0    00000020                 : _lock.obj (.text:__register_lock)
                  c30c4700    00000020                 : _lock.obj (.text:__register_unlock)
                  c30c4720    00000020                 : trunc.obj (.text:__trunc)
                  c30c4740    00000020     os_bios5.lib : efs.o674 (.text:_efs_getfilesize)
                  c30c4760    00000020     stack.lib : file.o674 (.text:_fdint_signaltimeout)
                  c30c4780    00000020     nettool.lib : http.o674 (.text:_httpClose)
                  c30c47a0    00000020     stack.lib : listlib.o674 (.text:_list_get_head)
                  c30c47c0    00000020               : listlib.o674 (.text:_list_get_next)
                  c30c47e0    00000020     hal_ser_stub.lib : llserstb.o674 (.text:_llSerialService)
                  c30c4800    00000020     hal_timer_bios5.lib : lltimer.o674 (.text:_llTimerGetStartTime)
                  c30c4820    00000020     rts6740.lib : remove.obj (.text:_remove)
                  c30c4840    00000020     evminit.obj (.text)
                  c30c4860    00000020     bios.a674 : ecm_dispatchPlug.o674 ($Tramp$S$$_ECM_dispatchPlug)
                  c30c4880    00000020               : hwi_eventmap64P.o674 ($Tramp$S$$_HWI_eventMap)
                  c30c48a0    00000020               : hwi_disp.o674 ($Tramp$S$$_HWI_dispatchPlug)
                  c30c48c0    00000020               : c62_c.o674 ($Tramp$S$$_C62_enableIER)
                  c30c48e0    00000010               : malloc.o674 ($Tramp$S$$_free)
                  c30c48f0    00000010               : malloc.o674 ($Tramp$S$$_malloc)
                  c30c4900    00000020               : sem_crea.o674 ($Tramp$S$$_SEM_create)
                  c30c4920    00000020               : tsk_setp.o674 ($Tramp$S$$_TSK_setpri)
                  c30c4940    00000020               : sem_pend_counting.o674 ($Tramp$S$$_SEM_pend)
                  c30c4960    00000020               : sem_post_asm.o674 ($Tramp$S$$_SEM_post)
                  c30c4980    00000020               : hook_getenv.o674 ($Tramp$S$$_HOOK_getenv)
                  c30c49a0    00000020               : lck.o674 ($Tramp$S$$_LCK_post)
                  c30c49c0    00000020               : lck.o674 ($Tramp$S$$_LCK_pend)
                  c30c49e0    00000020               : sys_abor.o674 ($Tramp$S$$_SYS_abort)
                  c30c4a00    00000020               : tsk_dele.o674 ($Tramp$S$$_TSK_delete)
                  c30c4a20    00000020               : tsk_crea.o674 ($Tramp$S$$_TSK_create)
                  c30c4a40    00000020               : hook_setenv.o674 ($Tramp$S$$_HOOK_setenv)
                  c30c4a60    00000020               : clk_getltime.o674 ($Tramp$S$$_CLK_getltime)
                  c30c4a80    00000020               : mem_free.o674 ($Tramp$S$$_MEM_free)
                  c30c4aa0    00000020               : tsk_exit.o674 ($Tramp$S$$_TSK_exit)
                  c30c4ac0    00000020               : mem_allo.o674 ($Tramp$S$$_MEM_alloc)
                  c30c4ae0    00000020     bios6748.a674 : bcache_block.o674 ($Tramp$S$$_BCACHE_wbInv)
                  c30c4b00    00000020     bios.a674 : hwi_c.o674 ($Tramp$S$$_HWI_restore)
[...]
c30c2940   _dhcpPacketReceive
c30c29a0   _dhcpPacketSend
c30c2a00   _dhcpSocketClose
c30c2a60   _fdint_clearevent
c30c2ac0   _fdint_getfdt
c30c2b20   _fdint_setevent
c30c2b80   _fdsetTestEntry
c30c2be0   _httpSendClientStr
c30c2c40   _ipcpStart
c30c2ca0   _lcpClose
c30c2d00   _list_cat
c30c2d60   _list_remove_node
c30c2dc0   _memccpy
c30c2e20   _mmBulkAlloc
c30c2f40   _sprintf
c30c3000   _strcpy
c30c3060   _vsprintf
c30c30c0   _writemsg
c30c3118   C$$IO$$
c30c3120   _Bind6FindByHost
c30c3160   _Bind6FindByNet
c30c31a0   _BindGetIP
c30c31e0   _CfgEntryRef
c30c32e0   _ExecClose
c30c3320   _ExecTimer
c30c3360   _IPv6IsLinkLocal
c30c33a0   _IPv6IsMulticast
c30c33e0   _LLI6IsValid
c30c3420   _MD5Init
c30c34a0   _MLDTestGroup
c30c34e0   _NC_BootComplete
c30c3520   _NDK_hookCreate
c30c3560   _NtRemoveNetwork
c30c3620   _Rt6IsDefaultRoute
c30c3660   _Sock6PcbAttach
c30c36a0   _Sock6SetOOBMark
c30c36e0   _SockPcbAttach
c30c3720   _SockSetOOBMark
c30c37e0   _TCP6TimeoutRemove
c30c3820   _TCP6TimeoutWait2
c30c3860   _TcpTimeoutRemove
c30c38a0   _TcpTimeoutWait2
c30c38e0   ___add_dtor
c30c3920   ___isinf
c30c39a0   __frcmpyd_div
c30c39e0   __llTimerInit
c30c3a20   __llshru
c30c3ae0   __remli
c30c3b20   __c6xabi_strasgi_64plus
c30c3b20   __strasgi_64plus
c30c3b60   _efs_loadfunction
c30c3ba0   _fdError
c30c3be0   _fdSelectAbort
c30c3c20   _fdint_freefdt
c30c3c60   _inet_addr
c30c3ca0   _ipcpInit
c30c3ce0   _list_add
c30c3d20   _list_remove
c30c3d60   _strlen
c30c3da0   _Bind6GetInterfaceHandle
c30c3dc0   _Bind6GetLifetime
c30c3de0   _Bind6SetLifetime
c30c3e00   _BindGetFirst
c30c3e20   _BindGetIF
c30c3e40   _BindGetNext
c30c3e60   _BindIFNet2IPHost
c30c3e80   _BindIPHost2IF
c30c3ea0   _CfgSetDefault
c30c3ec0   _ExecHRef
c30c3ee0   _ExecLowResource
c30c3f00   _HwPktInit
c30c3f20   _HwPktShutdown
c30c3f40   _IPRtChange
c30c3f60   _Interrupt_delete
c30c3f80   _LED_TOGGLE
c30c3fa0   _LLI6GetNetDevice
c30c3fc0   _LLI6IncRefCount
c30c3fe0   _LLI6IsDead
c30c4000   _LLI6IsRouter
c30c4020   _LLI6SetIncomplete
c30c4040   _NC_IPUpdate
c30c4060   _NC_NetStop
c30c4080   _NDK_hookInit
c30c40a0   _NIMUGetRsvdSizeInfo
c30c40c0   _NIMUSetRsvdSizeInfo
c30c40e0   _NatMsg
c30c4100   _NodeGetRt
c30c4120   _NodeSetRt
c30c4140   _NotifyLowResource
c30c4160   _OEMCacheClean
c30c4180   _OEMSysCritOff
c30c41a0   _OEMSysCritOn
c30c41c0   _PBM_close
c30c41e0   _RawEthSockPcbInit
c30c4200   _RawEthSockPrAttach
c30c4220   _RawEthSockPrDetach
c30c4240   _Rt6GetIF
c30c4260   _Rt6GetLLI
c30c4280   _Rt6GetMTU
c30c42a0   _Rt6IncRefCount
c30c42c0   _Rt6IsLocalRoute
c30c42e0   _SemCreate
c30c4300   _SemDelete
c30c4320   _SemPend
c30c4340   _SemPost
c30c4360   _SemReset
c30c4380   _Sock6SetOOBData
c30c43a0   _SockSetOOBData
c30c43c0   _TCP6PrRecv
c30c43e0   _TCP6TimeoutAdd
c30c4400   _TaskBlock
c30c4420   _TaskExit
c30c4440   _TaskSelf
c30c4460   _TaskSetPri
c30c4480   _TaskSleep
c30c44a0   _TcpPrRecv
c30c44c0   _TcpTimeoutAdd
c30c44e0   _TelnetClose
c30c4500   _TimerFree
c30c4520   __TaskInit
c30c4540   __TaskShutdown
c30c4560   __llSerialInit
c30c4580   __llSerialServiceCheck
c30c45a0   __llSerialShutdown
c30c45c0   __llTimerShutdown
c30c45e0   __llUserLedInit
c30c4600   __llUserLedShutdown
c30c4620   __negll
c30c4640   __nop
c30c46e0   __register_lock
c30c4700   __register_unlock
c30c4720   __trunc
c30c4740   _efs_getfilesize
c30c4760   _fdint_signaltimeout
c30c4780   _httpClose
c30c47a0   _list_get_head
c30c47c0   _list_get_next
c30c47e0   _llSerialService
c30c4800   _llTimerGetStartTime
c30c4820   _remove
c30c4840   GBL_USERINITFXN
c30c4840   _EVM_Init
c30c4b60   DDR$B
c30c4b60   _DDR_base
c30c4b60   ___etext__
c30c4b60   etext
c3104b60   ___cinit__
c3104b60   cinit
c3107760   BIOS_init
c3107760   _BIOS_init
c31078f8   BIOS$$CLKON
c3107938   BIOS$$CLKOFF
c31079f0   BIOS_start
c31079f0   _BIOS_start
c3107b40   _c_int00
c3107c00   _MEM_init
c3107cc0   __HOOK_doInit
c3107d40   _TSK_init
c3107da0   __CIOBUF_
c3107ec0   HST_A_TABBEG
c3107ec0   _HST_A_TABBEG
c3107ec4   RTA_fromHost
c3107ec4   _RTA_fromHost
c3107ecc   RTA_fromHost$rtdx
c3107ee0   RTA_toHost
c3107ee0   _RTA_toHost
c3107ee8   RTA_toHost$rtdx
c3107efc   HST_A_TABEND
c3107efc   _HST_A_TABEND
c3107f00   LOG_system$buf
c3108000   DVTEvent_Log$buf
c3110000   LNK_F_checkBufferCall
c3110020   LNK_F_getChanPtr
c3110078   LNK_F_init
c3110080   LNK_F_dataPump
c3110090   LNK_rcloop
c3110154   LNK_rdrtry
c3110164   LNK_rrloop
c3110224   LNK_wrrtry
c3110230   LNK_wrloop
c3110300   LNK_newin
c3110434   LNK_newout
c3110588   LNK_F_readCallBack
c31105c0   _EXC_nmi
c31105f4   _EXC_internal
c31108a0   _EXC_init
c31108e0   _EXC_getLastStatus
c3110900   _EXC_external
c3110934   _EXC_exceptionHandler
c3110b10   _EXC_clearLastStatus
c3110b40   CLK_HOOKFXN
c3110b40   HWI_F_dispatch
c3110b40   _HWI_F_dispatch
c3110b40   __HWI_lat1beg
c3110cc8   __HWI_lat1end
c3110cc8   __HWI_lat2beg
c3110e30   __HWI_lat2end2
c3110e60   __HWI_lat3end2
c3110ea4   __HWI_lat2end1
c3110ec0   __HWI_lat3beg
c3111020   SWI_F_enable
c3111020   __SWI_lat3beg
c311108c   __SWI_lat3end
c3111090   SWI_F_post
c3111090   _SWI_post
c3111198   __SWI_lat1beg
c3111204   SWI_EXECFXN
c3111204   SWI_F_exec
c311122c   SWI_F_iexec
c3111244   __SWI_lat1end
c3111248   __SWI_lat2beg
c31112a8   __SWI_lat2end
c31112ac   SWI_F_run
c31112ac   SWI_RUNFXN
c31114e0   PRD_F_swi
c3111764   PRD_F_tick
c3111860   _TSK_create
c3111b80   _free
c3111ba4   _malloc
c3111c04   _realloc
c3111ce8   _memalign
c3111dac   _calloc
c3111e00   RTA_F_getlog
c3111e38   RTA_F_getsts
c3111e78   RTA_F_readblk
c3111e94   RTA_F_writeword
c3111ea0   RTA_F_resetmem
c3111ea0   __RTA_lat1beg
c3111ed4   __RTA_lat1end
c3111ee0   RTA_F_dispatch
c3111f2c   RTA_execute
c3112080   _KNL_run
c31122c0   _MEM_alloc
c31124c0   __HOOK_doSwitch
c3112544   __HOOK_doReady
c31125c0   TSK_VEXITFXN
c31125c0   __HOOK_doExit
c311260c   TSK_VDELETEFXN
c311260c   __HOOK_doDelete
c3112664   TSK_VCREATEFXN
c3112664   __HOOK_doCreate
c3112894   PRD_THOOKFXN
c3112894   _KNL_tick
c31128c0   _MEM_free
c3112aa0   _C62_plug
c3112aa0   _C64_plug
c3112aa8   _C62_dispatchPlug
c3112aa8   _C64_dispatchPlug
c3112c80   _EXC_dispatch
c3112e44   _EXC_setReturnPtr
c3112e60   PIP_F_take
c3112ed8   PIP_F_give
c3112ed8   PIP_F_probe
c3112fa8   PIP_F_start
c3113040   _SEM_pendEnterKnl
c3113220   _TSK_delete
c3113508   _TSK_setpri
c31135a0   __SEM_dopost
c3113740   _TSK_setup
c31138e0   CLK_F_getltime
c31138f0   CLK_F_isr
c3113a30   CLK_F_itime
c3113a30   _CLK_F_itime
c3113a30   _CLK_itime
c3113a50   __CLK_lat1beg
c3113a70   __CLK_lat1end
c3113a80   _KNL_saveIsrFrame
c3113b2c   _KNL_switch
c3113bd8   KNL_glue
c3113d30   _BCACHE_wbInv
c3113d44   _BCACHE_wb
c3113d54   _BCACHE_inv
c3113d80   __auto_init
c3113ec0   _TSK_exit
c3114000   _BCACHE_setSize
c3114044   _BCACHE_setMar
c3114094   _BCACHE_bootInit
c3114094   _BCACHE_setCacheToSram
c31140c4   _BCACHE_getSize
c3114114   _BCACHE_getMar
c31141a8   _GBL_cacheInit64P
c3114260   _KNL_check
c31142ac   __KNL_lat1beg
c3114328   _KNL_idle
c3114328   __KNL_lat1end
c3114350   _KNL_max
c3114380   _KNL_ready
c3114544   _TSK_startup
c31145c0   _SEM_post
c31145c0   _SEM_postBinary
c31146a0   _KNL_exit
c31146e0   _KNL_enter
c31147a0   _TSK_yield
c3114820   _KNL_start
c31148c0   _OBJ_create
c3114960   _SEM_postEnterKnl
c3114a00   _SYS_exit
c3114aa0   LOG_F_event
c3114aa0   _LOG_event
c3114aa0   __LOG_lat1beg
c3114b40   _ATM_andi
c3114b40   _ATM_andu
c3114b50   _ATM_cleari
c3114b50   _ATM_clearu
c3114b60   _ATM_deci
c3114b60   _ATM_decu
c3114b70   _ATM_inci
c3114b70   _ATM_incu
c3114b84   _ATM_ori
c3114b84   _ATM_oru
c3114b94   _ATM_seti
c3114b94   _ATM_setu
c3114bc0   _HWI_dispatchPlug
c3114c40   _HWI_eventMap
c3114cc0   _KNL_ipost
c3114d40   _KNL_post
c3114dc0   _LCK_post
c3114de0   _LCK_pend
c3114e40   _SEM_create
c3114ec0   _BCACHE_wait
c3114f40   IDL_F_calibrate
c3114fc0   _MEM_valloc
c3115020   _SYS_error
c3115080   FXN_F_nop
c3115084   FXN_F_run
c3115084   _FXN_F_run
c31150c0   FXN_F_zero
c31150c0   _FXN_F_zero
c31150e0   _HWI_disable
c31150f8   _HWI_enable
c311510c   _HWI_restore
c3115140   IDL_F_busy
c3115140   __IDL_lat1beg
c3115180   __IDL_lat1end
c31151a0   _OBJ_delete
c3115200   _SEM_pend
c3115260   STS_F_delta
c3115260   _STS_delta
c311528c   STS_F_add
c311528c   _STS_add
c31152a8   STS_F_reset
c31152a8   _STS_reset
c31152c0   _SYS_abort
c3115320   _CLK_measure
c3115380   _C62_disableIER
c3115380   _C64_disableIER
c3115398   _C62_enableIER
c3115398   _C64_enableIER
c31153ac   _C62_clearIFR
c31153ac   _C64_clearIFR
c31153c0   _ECM_dispatchPlug
c3115400   _ECM_enableEvent
c3115440   IDL_CALIBRFXN
c3115440   IDL_F_stub
c3115480   _QUE_get
c3115480   __QUE_lat1beg
c31154a0   __QUE_lat1end
c31154a8   _QUE_put
c31154a8   __QUE_lat2beg
c31154b4   __QUE_lat2end
c31154c0   RTA_F_andn
c31154d8   RTA_F_or
c3115500   SYS_ABORTFXN
c3115500   _UTL_doAbort
c3115540   SYS_PUTCFXN
c3115540   _UTL_doPutc
c3115580   _CLK_getltime
c31155a0   GIO_CREATEFXN
c31155a0   GIO_DELETEFXN
c31155a0   GIO_PENDFXN
c31155a0   GIO_POSTFXN
c31155a0   PWRM_PWRM_SHAREDRESOURCEFXN
c31155a0   PWRM_PWRM_SLOTHOOKFXN
c31155a0   _FXN_F_nop
c31155c0   _GBL_getVersion
c31155e0   _HOOK_getenv
c3115600   _HOOK_setenv
c3115620   IDL_F_loop
c3115620   _IDL_loop
c3115640   _SEM_delete
c3115660   _STS_set
c3115680   SYS_ERRORFXN
c3115680   _UTL_doError
c31156a0   SYS_EXITFXN
c31156a0   _UTL_halt
c31156c0   CLK_F_gethtime
c31156c0   CLK_TIMEFXN
c31156c0   _CLK_gethtime
c3115fb0   __ctypes_
c3116d80   _Code2Err
c31172a1   prdNdk$sts$maxfmt
c31172a8   GBL_stackbeg
c31172a8   _HWI_STKTOP
c31172a8   __stack
c31172aa   prdNdk$sts$sumfmt
c31172b3   prdNdk$sts$avgfmt
c31172be   KNL_swi$sts$maxfmt
c31172c6   KNL_swi$sts$sumfmt
c31172ce   KNL_swi$sts$avgfmt
c31172d8   PRD_swi$sts$maxfmt
c31172e0   PRD_swi$sts$sumfmt
c31172e8   PRD_swi$sts$avgfmt
c31172f2   TSK_idle$sts$maxfmt
c31172fa   TSK_idle$sts$sumfmt
c3117302   TSK_idle$sts$avgfmt
c311730c   tskNdkStackTest$sts$maxfmt
c3117314   tskNdkStackTest$sts$sumfmt
c311731c   tskNdkStackTest$sts$avgfmt
c3117326   IDL_busyObj$maxfmt
c3117329   IDL_busyObj$sumfmt
c311732c   IDL_busyObj$avgfmt
c31186a0   _HWI_STKBOTTOM
c31186a7   GBL_stackend
c31186a8   __STACK_END
c31186a8   tskNdkStackTest$stack
c3119640   tskNdkStackTest$stkptr
c31196a8   IDL_A_TABBEG
c31196a8   IDL_cpuLoad
c31196a8   _IDL_cpuLoad
c31196ac   LNK_dataPump
c31196ac   _LNK_dataPump
c31196b0   RTA_dispatcher
c31196b0   _RTA_dispatcher
c31196b4   IDL_END
c31196b8   CLK_A_TABBEG
c31196b8   PRD_clock
c31196b8   _PRD_clock
c31196bc   CLK_null
c31196c0   _HSRTDX_rec
c3119960   _RTDX_Buffer_WriteCB
c3119e20   _HSRTDX_xmt
c311a120   _RTDX_Mon_Queue
c311a380   _RTDX_Poll
c311a420   _RTDX_Final_RT_Monitor
c311a4a0   _RTDX_Buffer_Initialize
c311a500   _RTDX_Init_RT_Monitor
c311a560   _RTDX_Buffer_ReadCB
c311a5a0   _RTDX_Buffer_Size
c311a5e0   _RTDX_memfill
c311a620   _RTDX_Buffer_Read
c311a640   _RTDX_Buffer_Write
c311a660   _RTDX_Mask_IER
c311a680   $bss
c311a680   .bss
c311a680   _MEM_memtab
c311a680   ___bss__
c311a698   _ECM_dispatchTab
c311aa98   DDR
c311aa98   HST_DSMBUFSEG
c311aa98   MEM_MALLOCSEG
c311aa98   MEM_SEGZERO
c311aa98   RTDX_DATAMEMSEG
c311aa98   TSK_STACKSEG
c311aa98   _DDR
c311aa9c   DDR_NC
c311aa9c   _DDR_NC
c311aaa0   RTA_fromHost$pipe$dtab
c311aaac   RTA_toHost$pipe$dtab
c311aab8   __HOOK_initFxnTable
c311aac0   __HOOK_createFxnTable
c311aac8   __HOOK_deleteFxnTable
c311aad0   __HOOK_exitFxnTable
c311aad8   __HOOK_readyFxnTable
c311aae0   __HOOK_switchFxnTable
c311aae8   _HWI_dispatchTab
c311abe8   IDL_D_tabbeg
c311abec   IDL_D_calibrate
c311abf0   IDL_D_calbeg
c311abf4   LOG_D_system
c311abf4   _LOG_D_system
c311abf8   PIP_D_tabbeg
c311abfc   PIP_D_tablen
c311ac00   CLK_R_time
c311ac04   CLK_D_timefxn
c311ac08   CLK_D_tabbeg
c311ac0c   CLK_D_isrhook
c311ac10   CLK_D_idletime
c311ac14   _CLK_htimeDiv
c311ac18   _CLK_htimeMult
c311ac1c   _CLK_ltimeDiv
c311ac20   _CLK_ltimeMult
c311ac24   _CLK_D_dirty
c311ac28   _CLK_D_prd
c311ac2c   _CLK_D_tddr
c311ac30   _CLK_D_countspms
c311ac34   PRD_D_tick
c311ac34   _PRD_D_tick
c311ac38   PRD_D_cur
c311ac3c   PRD_D_elapsed
c311ac40   PRD_D_prevtim
c311ac44   PRD_D_scalar
c311ac48   PRD_D_swihandle
c311ac4c   PRD_D_tabbeg
c311ac50   PRD_D_tablen
c311ac54   PRD_D_thook
c311ac58   RTA_D_fromHost
c311ac5c   RTA_D_toHost
c311ac60   RTA_D_logval
c311ac70   RTA_D_stsval
c311ac7c   HST_D_chanmask
c311ac80   HST_D_tabbeg
c311ac84   HST_D_tabend
c311ac88   _GBL_procId
c311ac8c   _GBL_clkIn
c311ac90   _GBL_freq
c311ac94   _MEM_D_NUMSEGMENTS
c311ac98   _MEM_D_memtab
c311ac9c   _MEM_D_freelist
c311aca0   _MEM_D_lockaddr
c311aca4   _MEM_D_unlockaddr
c311aca8   _SYS
c311acac   __HOOK_knlId
c311acb0   __HOOK_NUMHOOKS
c311acb4   SWI_D_runaddr
c311acb4   _SWI_D_runaddr
c311acb4   _SWI_data
c311acb8   SWI_D_execaddr
c311acb8   _SWI_D_execaddr
c311acbc   SWI_D_curmask
c311acbc   _SWI_D_curmask
c311acc0   SWI_D_curset
c311acc0   _SWI_D_curset
c311acc4   SWI_D_lock
c311acc4   _SWI_D_lock
c311acc8   SWI_D_curmbox
c311accc   SWI_D_curfxn
c311accc   _SWI_D_curfxn
c311acd0   SWI_D_rdybeg
c311acd0   _SWI_D_rdybeg
c311acd4   SWI_D_inswi
c311acd4   _SWI_D_inswi
c311acd8   SWI_D_rdytab
c311ad50   _KNL_wFlag
c311ad54   _KNL_wList
c311ad58   _KNL_alarm
c311ad5c   _KNL_setpri
c311ad60   _KNL_inactive
c311ad64   _KNL_priority
c311ad68   _KNL_set
c311ad6c   _KNL_curtask
c311ad70   _KNL_prevtask
c311ad74   _KNL_curtime
c311ad78   _KNL_swiptr
c311ad7c   _KNL_curqueue
c311ad80   _KNL_maxqueue
c311ad84   _KNL_tswitchfxn
c311ad88   _KNL_tcreatefxn
c311ad8c   _KNL_tdeletefxn
c311ad90   _KNL_treadyfxn
c311ad94   _KNL_idlefxn
c311ad98   _CONTENT_TYPE_APPLET
c311ad9c   _CONTENT_TYPE_AU
c311ada0   _CONTENT_TYPE_CSS
c311ada4   _CONTENT_TYPE_DOC
c311ada8   _CONTENT_TYPE_GIF
c311adac   _CONTENT_TYPE_HTML
c311adb0   _CONTENT_TYPE_JPG
c311adb4   _CONTENT_TYPE_MPEG
c311adb8   _CONTENT_TYPE_PDF
c311adbc   _CONTENT_TYPE_WAV
c311adc0   _CONTENT_TYPE_ZIP
c311adc4   _CONTENT_TYPE
c311adc8   _CONTENT_LENGTH
c311adcc   _CRLF
c311add0   _DEFAULT_NAME
c311add4   _HTTP_VER
c311add8   _SPACE
c311addc   _DMA_CNT
c311ade8   _FpgaTxBuff
c311adec   _FpgaRxBuff
c311adf0   _DspTxBuff
c311adf4   _DspRxBuff
c311adf8   _V_TxDmaDone
c311adfc   _V_RxDmaDone
c311ae00   _V_TmpW
c311ae02   _V_TmpW2
c311ae04   _k
c311ae08   _V_DspTxPtr
c311ae0c   _V_DspRxPtr
c311ae14   _PITCount
c311ae18   _PITUsed
c311ae1c   _PITHigh
c311ae44   __IGMPForceVersion1
c311ae48   __IGMPInDiscard
c311ae4c   __IGMPInQuery
c311ae50   __IGMPInQueryGroup
c311ae54   __IGMPInResponse
c311ae58   __IGMPOutResponse
c311ae60   _IPV6_MAX_MULTICAST_SOLICIT
c311ae64   _IPV6_MAX_UNICAST_SOLICIT
c311ae68   _IPV6_RETRANS_TIME
c311ae6c   _IPV6_DELAY_FIRST_PROBE_TIME
c311ae70   _IPV6_REACHABLE_TIME
c311ae74   _IPV6_MAX_RTR_SOLICITATION_DELAY
c311ae78   _IPV6_RTR_SOLICITATION_INTERVAL
c311ae7c   _IPV6_MAX_RTR_SOLICITATIONS
c311ae80   _INFINITE_LT
c311aea4   _memory_squeeze_error
c311aea8   _EXC_sysTrapTable
c311aeb0   _EXC_returnPtr
c311aec8   _VerStr
c311aecc   _HostName
c311aed0   _LocalIPAddr
c311aed4   _LocalIPMask
c311aed8   _GatewayIP
c311aedc   _DomainName
c311aee0   _DNSServer
c311af40   __HOOK_switchFxnTablePtr
c311af44   __HOOK_readyFxnTablePtr
c311af48   __HOOK_initFxnTablePtr
c311af4c   __HOOK_createFxnTablePtr
c311af50   __HOOK_deleteFxnTablePtr
c311af54   __HOOK_exitFxnTablePtr
c311af58   HWI_D_spsave
c311af58   _HWI_D_spsave
c311af58   _HWI_data
c311af64   _HWI_D_inhwi
c311af68   HWI_D_bss
c311af6c   HWI_D_ccmask
c311af70   LNK_dspFrameRequestMask
c311af70   _LNK_dspFrameRequestMask
c311af74   LNK_dspFrameReadyMask
c311af74   _LNK_dspFrameReadyMask
c311af78   LNK_readPend
c311af78   _LNK_readPend
c311af7c   LNK_readDone
c311af7c   _LNK_readDone
c311af80   LNK_readFail
c311af80   _LNK_readFail
c311af84   LNK_writeFail
c311af84   _LNK_writeFail
c311afb8   _bit_num_ad
c311afbc   _bit_num_da
c311afc0   _af
c311afc4   _Tb
c311afc8   _fb
c311afcc   _EXC_exceptionHook
c311afd0   _EXC_internalHook
c311afd4   _EXC_externalHook
c311afd8   _EXC_nmiHook
c311afdc   _UnicastAddr
c311afe0   _leave_flag
c311afe4   _sentCnt
c311afe8   _i
c311aff4   _rtdxNullChanCnt
c311aff8   _rtdxNullFuncCnt
c311affc   _rtdxXmtNotDoneCnt
c311b000   _rtdxRecNotDoneCnt
c311b004   _rtdxXmtRestartCnt
c311b008   _rtdxXmtErrorCnt
c311b01c   __IPExecuting
c311b040   _TxChanEnable_all
c311b044   _RxChanEnable_all
c311b048   _corenum
c311b04c   _TSK_nTasks
c311b050   _TSK_pid
c311b054   _TSK
c311b058   _gFragQList
c311b070   _CLK_DFLTMICROSECS
c311b074   _CLK_D_microseconds
c311b078   _SYS_exitStackPtr
c311b07c   _SYS_exitStackTop
c311b080   _DebugLogSize
c311b084   _DebugCritError
c311b090   __ICMPInErrors
c311b094   __ICMPOutErrors
c311b0b8   _tcp_iss
c311b0bc   _ptTimeFirst
c311b0c0   _pt6TimeFirst
c311b0c4   _tcp6_iss
c311b0d0   _CLK_htimePerLtime
c311b0d4   IDL_D_busyObj
c311b0dc   _MEM
c311b0e0   _regionId
c311b0ec   _httpErrorResponseHook
c311b100   _TIME_2HOURS
c311b104   __IPReasmPtr
c311b108   _gMLDNodeList
c311b11c   PRD_A_TABBEG
c311b11c   ___end__
c311b11c   _prdNdk
c311b11c   end
c311b11c   prdNdk
c311b138   prdNdk$aaa
c311b13c   PRD_A_TABEND
c311b1c0   _RTDX_Buffer
c311b5c8   _RTDX_Buffer_Start
c311b5cc   _RTDX_Buffer_End
c311b5d0   _rtdx_mon_state
c311b614   _rtdx_buffer_state
c311b620   _RTDX_writing
c311b638   TSK_idle$stack
c311b9d0   TSK_idle$stkptr
c311be14   RTA_toHost$buf
c311bf20   TSK_idle
c311bf20   _TSK_idle
c311bf88   _tskNdkStackTest
c311bf88   tskNdkStackTest
c311bfe4   IDL_A_CALBEG
c311bfe4   IDL_cpuLoad$
c311bfe8   LNK_dataPump$
c311bfec   RTA_dispatcher$
c311bff0   IDL_END$
c311bff4   ___pinit__
c311bff4   pinit
c311c000   HWI_A_VECS
c311c000   hwi0
c311c020   hwi1
c311c040   hwi2
c311c060   hwi3
c311c080   hwi4
c311c0a0   hwi5
c311c0c0   hwi6
c311c0e0   hwi7
c311c100   hwi8
c311c120   hwi9
c311c140   hwi10
c311c160   hwi11
c311c180   hwi12
c311c1a0   hwi13
c311c1c0   hwi14
c311c1e0   hwi15
c311c200   PIP_A_TABBEG
c311c200   RTA_fromHost$pipe
c311c200   _PIP_A_TABBEG
c311c204   RTA_fromHost$pipe$rd
c311c230   RTA_fromHost$pipe$aaa
c311c234   RTA_fromHost$pipe$wr
c311c260   RTA_fromHost$pipe$bbb
c311c264   RTA_toHost$pipe
c311c268   RTA_toHost$pipe$rd
c311c294   RTA_toHost$pipe$aaa
c311c298   RTA_toHost$pipe$wr
c311c2c4   RTA_toHost$pipe$bbb
c311c2c8   PIP_A_TABEND
c311c2c8   _PIP_A_TABEND
c311c320   KNL_swi
c311c320   SWI_A_TABBEG
c311c320   _KNL_swi
c311c34c   PRD_SWIHANDLE
c311c34c   PRD_swi
c311c34c   _PRD_swi
c311c378   LOG_A_TABBEG
c311c378   LOG_system
c311c378   SWI_A_TABEND
c311c378   _LOG_A_TABBEG
c311c378   _LOG_system
c311c390   DVTEvent_Log
c311c390   _DVTEvent_Log
c311c3a8   LOG_A_TABEND
c311c3a8   SYS$config
c311c3a8   _LOG_A_TABEND
c311c3b8   TRC_cinit
c311c3bc   TRC_R_mask
c311c3bc   _TRC_R_mask
c311c3c0   GBL_initdone
c4000000   DDR_NC$B
c4000000   _DDR_NC_base
ffffffff   CACHE_L1D
ffffffff   CACHE_L1P
ffffffff   CACHE_L2
ffffffff   ECM_EVTMASK0
ffffffff   ECM_EVTMASK1
ffffffff   ECM_EVTMASK2
ffffffff   ECM_EVTMASK3
ffffffff   GBL_L2MAR192_223
ffffffff   L3_CBA_RAM
ffffffff   _CACHE_L1D
ffffffff   _CACHE_L1P
ffffffff   _CACHE_L2
ffffffff   _L3_CBA_RAM
ffffffff   ___TI_pprof_out_hndl
ffffffff   ___TI_prof_data_size
ffffffff   ___TI_prof_data_start
ffffffff   ___binit__
ffffffff   ___c_args__
ffffffff   binit

[2001 symbols]
