******************************************************************************
               TMS320C6x Linker PC v7.4.1                      
******************************************************************************
>> Linked Tue Jan 27 20:27:24 2015

OUTPUT FILE NAME:   <ndk_evm6748_bios5_helloWorld.out>
ENTRY POINT SYMBOL: "_c_int00"  address: c3134f20


MEMORY CONFIGURATION

         name            origin    length      used     unused   attr    fill
----------------------  --------  ---------  --------  --------  ----  --------
  CACHE_L2              11800000   00040000  00000000  00040000  RWIX
  CACHE_L1P             11e00000   00008000  00000000  00008000  RWIX
  CACHE_L1D             11f00000   00008000  00000000  00008000  RWIX
  L3_CBA_RAM            80000000   00020000  00000000  00020000  RWIX
  DDR                   c3000000   01000000  00135fa3  00eca05d  RWIX
  DDR_NC                c4000000   01000000  00080000  00f80000  RWIX


SECTION ALLOCATION MAP

 output                                  attributes/
section   page    origin      length       input sections
--------  ----  ----------  ----------   ----------------
.vers      0    00000000    00000040     COPY SECTION
                  00000000    00000040     helloWorldcfg.obj (.vers)

.far       0    c3000000    00092046     UNINITIALIZED
                  c3000000    00052b00     os_bios5.lib : pbm.o674 (.far:NDK_PACKETMEM)
                  c3052b00    00027298     main.obj (.far)
                  c3079d98    0000c1dc     os_bios5.lib : mem.o674 (.far:NDK_MMBUFFER)
                  c3085f74    00000004     bios6748.a674 : bcache_wait.o674 (.far)
                  c3085f78    000081c0     hello.obj (.far)
                  c308e138    00001620     ti.drv.omapl138.a674 : ethdriver.o674 (.far)
                  c308f758    00000660     nettool.lib : daemon.o674 (.far)
                  c308fdb8    00000600     os_bios5.lib : ossys.o674 (.far:NDK_OBJMEM)
                  c30903b8    0000047c     ti.drv.omapl138.a674 : csl_emac.o674 (.far)
                  c3090834    00000004     bios6748.a674 : clk_data.o674 (.far)
                  c3090838    00000324     rts6740.lib : defs.obj (.far)
                  c3090b5c    00000004                 : errno.obj (.far)
                  c3090b60    00000240     interrupt.obj (.far)
                  c3090da0    00000188     rts6740.lib : atexit.obj (.far)
                  c3090f28    00000158     netctrl.lib : netsrv.o674 (.far)
                  c3091080    00000120     rts6740.lib : pow.obj (.far)
                  c30911a0    0000011c                 : lowlev.obj (.far)
                  c30912bc    00000004                 : fopen.obj (.far)
                  c30912c0    00000110     stack.lib : igmp.o674 (.far)
                  c30913d0    00000108               : exec.o674 (.far)
                  c30914d8    000000d8     bios.a674 : knl.o674 (.far)
                  c30915b0    000000c8     stack.lib : ipv6.o674 (.far)
                  c3091678    000000c4               : tcp.o674 (.far)
                  c309173c    000000b8               : tcp6in.o674 (.far)
                  c30917f4    00000004     rts6740.lib : sinit.obj (.far)
                  c30917f8    0000009c     stack.lib : icmp.o674 (.far)
                  c3091894    00000004               : rawethsock_pcb.o674 (.far)
                  c3091898    0000007c     os_bios5.lib : mem.o674 (.far)
                  c3091914    00000004     --HOLE--
                  c3091918    00000070     ti.drv.omapl138.a674 : csl_mdio.o674 (.far)
                  c3091988    00000068     stack.lib : ip.o674 (.far)
                  c30919f0    00000064               : nimu.o674 (.far)
                  c3091a54    00000004     --HOLE--
                  c3091a58    00000060     rts6740.lib : atan.obj (.far)
                  c3091ab8    0000005c     bios.a674 : tsk.o674 (.far)
                  c3091b14    00000004     --HOLE--
                  c3091b18    00000054               : obj_init.o674 (.far)
                  c3091b6c    00000050               : tsk_stup.o674 (.far)
                  c3091bbc    00000004     --HOLE--
                  c3091bc0    0000004d     nettool.lib : dhcptags.o674 (.far)
                  c3091c0d    00000003     --HOLE--
                  c3091c10    00000044     helloWorld.obj (.far)
                  c3091c54    00000004     --HOLE--
                  c3091c58    00000040     nettool.lib : httpsend.o674 (.far)
                  c3091c98    00000040     rts6740.lib : cos.obj (.far)
                  c3091cd8    00000040                 : sin.obj (.far)
                  c3091d18    00000040     stack.lib : md5.o674 (.far)
                  c3091d58    00000034               : rtc.o674 (.far)
                  c3091d8c    00000004     --HOLE--
                  c3091d90    00000034               : tcp6time.o674 (.far)
                  c3091dc4    00000004     --HOLE--
                  c3091dc8    00000034               : tcptime.o674 (.far)
                  c3091dfc    00000030               : udp.o674 (.far)
                  c3091e2c    00000028               : vlan.o674 (.far)
                  c3091e54    00000024     os_bios5.lib : ossys.o674 (.far)
                  c3091e78    00000024     stack.lib : udp6.o674 (.far)
                  c3091e9c    00000004     --HOLE--
                  c3091ea0    00000020     bios.a674 : sys.o674 (.far)
                  c3091ec0    00000020     emacHooks.obj (.far)
                  c3091ee0    00000018     rtdx64xplus.lib : rtdx_mon.o64P (.far)
                  c3091ef8    00000018     stack.lib : icmpv6.o674 (.far)
                  c3091f10    00000014               : sock6pcb.o674 (.far)
                  c3091f24    00000004     --HOLE--
                  c3091f28    00000014               : sockpcb.o674 (.far)
                  c3091f3c    00000010     bios.a674 : exc.o674 (.far)
                  c3091f4c    00000010               : knl_tick.o674 (.far)
                  c3091f5c    00000010               : tsk_setp.o674 (.far)
                  c3091f6c    00000010               : tsk_yiel.o674 (.far)
                  c3091f7c    00000010     netctrl.lib : netctrl.o674 (.far)
                  c3091f8c    00000010     stack.lib : raw.o674 (.far)
                  c3091f9c    00000010               : raw6.o674 (.far)
                  c3091fac    00000010               : raweth.o674 (.far)
                  c3091fbc    0000000c     bios.a674 : hwi_disp.o674 (.far)
                  c3091fc8    0000000c               : utl_putc.o674 (.far)
                  c3091fd4    0000000c     os_bios5.lib : pbm.o674 (.far)
                  c3091fe0    0000000c     rts6740.lib : exit.obj (.far)
                  c3091fec    00000004     --HOLE--
                  c3091ff0    0000000b     stack.lib : tcp6out.o674 (.far)
                  c3091ffb    00000005     --HOLE--
                  c3092000    0000000b               : tcpout.o674 (.far)
                  c309200b    00000001     --HOLE--
                  c309200c    00000008     bios.a674 : ecm_dispatch.o674 (.far)
                  c3092014    00000008               : sem_crea.o674 (.far)
                  c309201c    00000008     rts6740.lib : _lock.obj (.far)
                  c3092024    00000004     --HOLE--
                  c3092028    00000008                 : trgdrv.obj (.far)
                  c3092030    00000008     ti.drv.omapl138.a674 : nimu_eth.o674 (.far)
                  c3092038    00000006     stack.lib : lliout.o674 (.far)
                  c309203e    00000002     --HOLE--
                  c3092040    00000006               : nimupppoe.o674 (.far)

.data      0    c3000000    00000000     UNINITIALIZED

.trace     0    c3092048    00000200     
                  c3092048    00000200     --HOLE-- [fill = 00000000]

.cio       0    c3092248    00000120     UNINITIALIZED
                  c3092248    00000120     rts6740.lib : trgmsg.obj (.cio)

.sts       0    c3092368    00000060     
                  c3092368    00000060     helloWorldcfg.obj (.sts)

.log       0    c30923c8    00000030     
                  c30923c8    00000030     helloWorldcfg.obj (.log)

.clk       0    c30923f8    00000008     UNINITIALIZED
                  c30923f8    00000008     helloWorldcfg.obj (.clk)

.text      0    c3092400    0004c260     
                  c3092400    00002440     main.obj (.text)
                  c3094840    00001aa0     interrupt.obj (.text:retain)
                  c30962e0    00001980     stack.lib : tcpin.o674 (.text:_TcpInput)
                  c3097c60    00001920               : tcp6in.o674 (.text:_TCP6Input)
                  c3099580    000017e0     edma.obj (.text)
                  c309ad60    00001200     stack.lib : tcpout.o674 (.text:_TcpOutput)
                  c309bf60    000011a0               : tcp6out.o674 (.text:_TCP6Output)
                  c309d100    00001160     ti.drv.omapl138.a674 : csl_emac.o674 (.text:_EMAC_open)
                  c309e260    00000fa0     hello.obj (.text)
                  c309f200    00000b80     stack.lib : ipin.o674 (.text:_IPRxPacket)
                  c309fd80    00000aa0               : md5.o674 (.text:_MD5Transform)
                  c30a0820    00000a00               : ipout.o674 (.text:_IPTxPacket)
                  c30a1220    000009e0     ti.drv.omapl138.a674 : csl_mdio.o674 (.text:_MDIO_timerTick)
                  c30a1c00    000009a0     stack.lib : lcp.o674 (.text:_lcpInput)
                  c30a25a0    000008a0     nettool.lib : httpclie.o674 (.text:_httpClientProcess)
                  c30a2e40    00000820                 : httpsend.o674 (.text:_SetContentType)
                  c30a3660    000007e0     stack.lib : ipcp.o674 (.text:_ipcpInput)
                  c30a3e40    000007c0               : sock.o674 (.text:_SockSet)
                  c30a4600    00000780               : fileuser.o674 (.text:_fdPoll)
                  c30a4d80    00000720     rts6740.lib : pow.obj (.text:_pow)
                  c30a54a0    000006c0     nettool.lib : telnetd.o674 (.text:_telnet_netdata)
                  c30a5b60    000006a0     stack.lib : icmpv6_ndisc.o674 (.text:_ICMPv6RecvRA)
                  c30a6200    00000660     ti.drv.omapl138.a674 : csl_mdio.o674 (.text:_MDIO_initContinue)
                  c30a6860    00000600     stack.lib : route6.o674 (.text:_Rt6Create)
                  c30a6e60    00000600               : sock.o674 (.text:_SockGet)
                  c30a7460    000005e0     interrupt.obj (.text)
                  c30a7a40    000005c0     stack.lib : ipfrag.o674 (.text:_IPReasm)
                  c30a8000    000005a0     rts6740.lib : divd.obj (.text:__divd)
                  c30a85a0    00000580     stack.lib : icmpin.o674 (.text:_ICMPInput)
                  c30a8b20    00000580     rts6740.lib : _printfi.obj (.text:__getarg_diouxp)
                  c30a90a0    00000580     stack.lib : nimuppp.o674 (.text:_pppEvent)
                  c30a9620    00000560               : ipv6.o674 (.text:_IPv6IPAddressToString)
                  c30a9b80    00000500               : sock.o674 (.text:_SockNew)
                  c30aa080    00000500               : udp.o674 (.text:_UdpInput)
                  c30aa580    00000500               : nimupppoe.o674 (.text:_pppoeInputS)
                  c30aaa80    000004e0               : lliin.o674 (.text:_LLIRxPacket)
                  c30aaf60    000004c0               : bind6.o674 (.text:_Bind6New)
                  c30ab420    000004c0               : sock6.o674 (.text:_Sock6Connect)
                  c30ab8e0    000004c0               : sock6.o674 (.text:_Sock6Set)
                  c30abda0    000004a0               : sock6.o674 (.text:_Sock6Recv)
                  c30ac240    000004a0               : sock.o674 (.text:_SockRecv)
                  c30ac6e0    000004a0     dsplib.a674 : DSPF_sp_convol.obj (.text:optimized)
                  c30acb80    00000460     stack.lib : nimuppp.o674 (.text:_pppNew)
                  c30acfe0    00000460     helloWorld.obj (.text)
                  c30ad440    00000440     stack.lib : sock6.o674 (.text:_Sock6New)
                  c30ad880    00000440     rts6740.lib : _printfi.obj (.text:__printfi)
                  c30adcc0    00000440                 : _printfi.obj (.text:__setfield)
                  c30ae100    00000440     nettool.lib : daemon.o674 (.text:_daemon)
                  c30ae540    00000440     stack.lib : fileuser.o674 (.text:_fdSelect)
                  c30ae980    00000440               : nimupppoe.o674 (.text:_pppoeInputC)
                  c30aedc0    00000420               : sock6.o674 (.text:_Sock6Get)
                  c30af1e0    00000420               : auth.o674 (.text:_chapInput)
                  c30af600    00000400     ti.drv.omapl138.a674 : csl_emac.o674 (.text:_EMAC_close)
                  c30afa00    00000400     stack.lib : ipv6out.o674 (.text:_IPv6TxPacket)
                  c30afe00    00000400               : sock6.o674 (.text:_Sock6Send)
                  c30b0200    00000400     os_bios5.lib : efs.o674 (.text:_efs_filecheck)
                  c30b0600    000003e0     stack.lib : ipv6_frag.o674 (.text:_IPv6TxFragPacket)
                  c30b09e0    000003e0               : sock.o674 (.text:_SockSend)
                  c30b0dc0    000003c0     ti.drv.omapl138.a674 : ethdriver.o674 (.text:_HwPktOpen)
                  c30b1180    000003c0     stack.lib : lli6.o674 (.text:_LLI6TimerCheck)
                  c30b1540    000003c0               : nimu.o674 (.text:_NIMUIoctl)
                  c30b1900    000003c0               : tcp6.o674 (.text:_TCP6TimeoutCheck)
                  c30b1cc0    000003c0               : tcp.o674 (.text:_TcpTimeoutCheck)
                  c30b2080    000003a0               : icmpv6in.o674 (.text:_ICMPv6RxPacket)
                  c30b2420    000003a0               : route.o674 (.text:_RtCreate)
                  c30b27c0    000003a0               : sb.o674 (.text:_SBRead)
                  c30b2b60    000003a0     os_bios5.lib : mem.o674 (.text:__mmCheck)
                  c30b2f00    000003a0     rts6740.lib : fputs.obj (.text:_fputs)
                  c30b32a0    000003a0     stack.lib : auth.o674 (.text:_papInput)
                  c30b3640    00000380               : igmp.o674 (.text:_IGMPInput)
                  c30b39c0    00000380               : sock6int.o674 (.text:_Sock6Notify)
                  c30b3d40    00000380               : sock.o674 (.text:_SockConnect)
                  c30b40c0    00000380               : sockint.o674 (.text:_SockNotify)
                  c30b4440    00000380     nettool.lib : dhcppkt.o674 (.text:_dhcpPacketProcess)
                  c30b47c0    00000360     stack.lib : icmpv6out.o674 (.text:_ICMPv6SendParameterProblem)
                  c30b4b20    00000360               : ipv6_frag.o674 (.text:_IPv6FragReasm)
                  c30b4e80    00000360               : lliout.o674 (.text:_LLITxIpPacket)
                  c30b51e0    00000340               : icmpv6_ndisc.o674 (.text:_ICMPv6RecvRedirect)
                  c30b5520    00000340               : nimupppoe.o674 (.text:_SendServerMsg)
                  c30b5860    00000340     os_bios5.lib : mem.o674 (.text:_mmAlloc)
                  c30b5ba0    00000340     stack.lib : nimupppoe.o674 (.text:_pppoeSI)
                  c30b5ee0    00000340     nettool.lib : telnetd.o674 (.text:_telnet_engine)
                  c30b6220    00000320                 : config.o674 (.text:_CfgAddEntry)
                  c30b6540    00000320     stack.lib : sock6pcb.o674 (.text:_Sock6PcbBind)
                  c30b6860    00000320     rts6740.lib : _printfi.obj (.text:__pproc_fge)
                  c30b6b80    00000320     nettool.lib : inetaddr.o674 (.text:_inet_aton)
                  c30b6ea0    00000300     ti.drv.omapl138.a674 : nimu_eth.o674 (.text:_Emacioctl)
                  c30b71a0    00000300     stack.lib : icmpv6_ndisc.o674 (.text:_ICMPv6RecvNS)
                  c30b74a0    00000300               : icmpv6out.o674 (.text:_ICMPv6SendDstUnreachable)
                  c30b77a0    00000300               : icmpv6out.o674 (.text:_ICMPv6SendTimeExceeded)
                  c30b7aa0    00000300     netctrl.lib : netctrl.o674 (.text:_NetScheduler)
                  c30b7da0    00000300     stack.lib : udp6.o674 (.text:_Udp6Input)
                  c30b80a0    00000300               : udp.o674 (.text:_UdpOutput)
                  c30b83a0    000002e0               : route6.o674 (.text:_Rt6Find)
                  c30b8680    000002e0               : nimupppoe.o674 (.text:_SendClientMsg)
                  c30b8960    000002e0     rts6740.lib : cos.obj (.text:_cos)
                  c30b8c40    000002c0     stack.lib : bind.o674 (.text:_BindNew)
                  c30b8f00    000002c0               : ipv6_frag.o674 (.text:_IPv6FragQEnqueueFrag)
                  c30b91c0    000002c0               : rtable.o674 (.text:_RtFind)
                  c30b9480    000002c0               : sb6.o674 (.text:_SB6Read)
                  c30b9740    000002c0               : sock6pcb.o674 (.text:_Sock6PcbResolve)
                  c30b9a00    000002c0               : udp6.o674 (.text:_Udp6Output)
                  c30b9cc0    000002c0     rts6740.lib : _printfi.obj (.text:__pproc_fwp)
                  c30b9f80    000002c0     stack.lib : nimuppp.o674 (.text:_pppInput)
                  c30ba240    000002a0     ti.drv.omapl138.a674 : csl_emac.o674 (.text:_EMAC_setReceiveFilter)
                  c30ba4e0    000002a0     stack.lib : icmp.o674 (.text:_ICMPGenPacket)
                  c30ba780    000002a0               : ipv6_exthdrs.o674 (.text:_IPv6ParseExtnHeaders)
                  c30baa20    000002a0               : node.o674 (.text:_NodeAdd)
                  c30bacc0    000002a0               : sock.o674 (.text:_SockClose)
                  c30baf60    000002a0               : tcp6out.o674 (.text:_TCP6GenPacket)
                  c30bb200    000002a0               : tcp6prot.o674 (.text:_TCP6PrSetOption)
                  c30bb4a0    000002a0               : tcpprot.o674 (.text:_TcpPrSetOption)
                  c30bb740    000002a0     rts6740.lib : _printfi.obj (.text:_ecvt)
                  c30bb9e0    000002a0                 : _printfi.obj (.text:_fcvt)
                  c30bbc80    00000280     nettool.lib : dhcpmain.o674 (.text:_DHCPOpen)
                  c30bbf00    00000280     ti.drv.omapl138.a674 : csl_emac.o674 (.text:_EMAC_sendPacket)
                  c30bc180    00000280     stack.lib : icmpv6in.o674 (.text:_ICMPv6RecvEchoRequest)
                  c30bc400    00000280               : lli6.o674 (.text:_LLI6NeighUnreachStateMachine)
                  c30bc680    00000280               : route6.o674 (.text:_Rt6Free)
                  c30bc900    00000280               : sock6pcb.o674 (.text:_Sock6PcbFind)
                  c30bcb80    00000280               : sockpcb.o674 (.text:_SockPcbResolve)
                  c30bce00    00000280     rts6740.lib : divf.obj (.text:__divf)
                  c30bd080    00000280     stack.lib : ipcp.o674 (.text:_ipcpSendCfg)
                  c30bd300    00000280               : lcp.o674 (.text:_lcpSendCfg)
                  c30bd580    00000280     rts6740.lib : sin.obj (.text:_sin)
                  c30bd800    00000260     nettool.lib : daemon.o674 (.text:_DaemonNew)
                  c30bda60    00000260     stack.lib : icmpv6_ndisc.o674 (.text:_ICMPv6SendNA)
                  c30bdcc0    00000260               : icmpv6_ndisc.o674 (.text:_ICMPv6SendNS)
                  c30bdf20    00000260               : lli6.o674 (.text:_LLI6TxIPPacket)
                  c30be180    00000260               : nimu.o674 (.text:_NIMUReceivePacket)
                  c30be3e0    00000260               : rawethsock.o674 (.text:_RawEthSockSet)
                  c30be640    00000260               : sb6.o674 (.text:_SB6Write)
                  c30be8a0    00000260               : sb.o674 (.text:_SBWrite)
                  c30beb00    00000260               : sock6.o674 (.text:_Sock6Close)
                  c30bed60    00000260               : sockpcb.o674 (.text:_SockPcbBind)
                  c30befc0    00000260     rts6740.lib : imath64.obj (.text:__divull)
                  c30bf220    00000260                 : _printfi.obj (.text:__pconv_e)
                  c30bf480    00000260     ti.drv.omapl138.a674 : csl_emac.o674 (.text:_emacDequeueRx)
                  c30bf6e0    00000260     nettool.lib : httppars.o674 (.text:_httpParseRecv)
                  c30bf940    00000240     stack.lib : bind6.o674 (.text:_Bind6RunDAD)
                  c30bfb80    00000240     ti.drv.omapl138.a674 : nimu_eth.o674 (.text:_EmacInit)
                  c30bfdc0    00000240     stack.lib : pipe.o674 (.text:_PipeRecv)
                  c30c0000    00000240               : raw.o674 (.text:_RawInput)
                  c30c0240    00000240     rts6740.lib : _printfi.obj (.text:__pproc_diouxp)
                  c30c0480    00000240     nettool.lib : dhcpsm.o674 (.text:_dhcpIPAdd)
                  c30c06c0    00000240                 : dhcpsm.o674 (.text:_dhcpState)
                  c30c0900    00000240                 : dhcppkt.o674 (.text:_dhcpVerifyMessage)
                  c30c0b40    00000220     stack.lib : icmpv6_ndisc.o674 (.text:_ICMPv6RecvNA)
                  c30c0d60    00000220               : igmp.o674 (.text:_IGMPJoinHostGroup)
                  c30c0f80    00000220               : ipv6in.o674 (.text:_IPv6RxPacket)
                  c30c11a0    00000220               : rawethsock.o674 (.text:_RawEthSockNew)
                  c30c13c0    00000220     rts6740.lib : _printfi.obj (.text:__pproc_str)
                  c30c15e0    00000220     ti.drv.omapl138.a674 : csl_emac.o674 (.text:_emacEnqueueTx)
                  c30c1800    00000220     rts6740.lib : fputc.obj (.text:_fputc)
                  c30c1a20    00000220     nettool.lib : httpclie.o674 (.text:_httpGetAuthParams)
                  c30c1c40    00000200     ti.drv.omapl138.a674 : csl_emac.o674 (.text:_EMAC_RxServiceCheck)
                  c30c1e40    00000200                          : ethdriver.o674 (.text:_HwPktSetRx)
                  c30c2040    00000200     stack.lib : ipv6_frag.o674 (.text:_IPv6ParseFragHdr)
                  c30c2240    00000200     os_bios5.lib : intmgmt.o674 (.text:_Interrupt_add)
                  c30c2440    00000200     stack.lib : lli6.o674 (.text:_LLI6New)
                  c30c2640    00000200               : route6.o674 (.text:_Rt6Modify)
                  c30c2840    00000200               : sockpcb.o674 (.text:_SockPcbFind)
                  c30c2a40    00000200     rts6740.lib : _printfi.obj (.text:__pconv_g)
                  c30c2c40    00000200     stack.lib : socket.o674 (.text:_accept)
                  c30c2e40    00000200     nettool.lib : dhcpsock.o674 (.text:_dhcpSocketOpen)
                  c30c3040    00000200     rts6740.lib : setvbuf.obj (.text:_setvbuf)
                  c30c3240    000001c0     nettool.lib : config.o674 (.text:_CfgExecute)
                  c30c3400    00000200     intvecs.obj (.text)
                  c30c3600    000001e0     stack.lib : igmp.o674 (.text:_IGMPSendReply)
                  c30c37e0    000001e0               : rtc.o674 (.text:_RTCReport)
                  c30c39c0    000001e0               : raw6.o674 (.text:_Raw6Output)
                  c30c3ba0    000001e0               : rawethsock.o674 (.text:_RawEthSockGet)
                  c30c3d80    000001e0               : tcpout.o674 (.text:_TcpGenPacket)
                  c30c3f60    000001e0               : tcptime.o674 (.text:_TcpTimeoutRexmt)
                  c30c4140    000001e0               : auth.o674 (.text:_chapSendMsg)
                  c30c4320    000001e0               : nimupppoe.o674 (.text:_pppoeCtrlMsg)
                  c30c4500    000001e0               : socket.o674 (.text:_sendto)
                  c30c46e0    000001e0     emacHooks.obj (.text)
                  c30c48c0    000001c0     ti.drv.omapl138.a674 : csl_emac.o674 (.text:_EMAC_TxServiceCheck)
                  c30c4a80    000001c0     stack.lib : ipv6_exthdrs.o674 (.text:_IPv6ParseHopOptions)
                  c30c4c40    000001c0               : lliout.o674 (.text:_LLIGenArpPacket)
                  c30c4e00    000001c0     netctrl.lib : netsrv.o674 (.text:_SPIpNet)
                  c30c4fc0    000001c0     stack.lib : sock6pcb.o674 (.text:_Sock6PcbFindRaw)
                  c30c5180    000001c0               : lli.o674 (.text:__LLITimeoutCheck)
                  c30c5340    000001c0     rts6740.lib : _printfi.obj (.text:__mcpy)
                  c30c5500    000001c0     nettool.lib : dhcpbild.o674 (.text:_dhcpBuildHeader)
                  c30c56c0    000001c0     stack.lib : fileuser.o674 (.text:_fdClose)
                  c30c5880    000001c0               : socket.o674 (.text:_recvfrom)
                  c30c5a40    000001c0     nettool.lib : telnetd.o674 (.text:_telnet_termdata)
                  c30c5c00    000001a0     stack.lib : bind6.o674 (.text:_Bind6GetGlobalAddress)
                  c30c5da0    000001a0               : bind6.o674 (.text:_Bind6Msg)
                  c30c5f40    000001a0     nettool.lib : config.o674 (.text:_CfgRemoveEntry)
                  c30c60e0    000001a0     ti.drv.omapl138.a674 : ethdriver.o674 (.text:_HwPktTxNext)
                  c30c6280    000001a0     stack.lib : ip.o674 (.text:_IPGetRoute)
                  c30c6420    000001a0               : ipv6_frag.o674 (.text:_IPv6FragMsg)
                  c30c65c0    000001a0               : ipv6_exthdrs.o674 (.text:_IPv6ParseRoutingHdr)
                  c30c6760    000001a0     netctrl.lib : netctrl.o674 (.text:_NC_NetStart)
                  c30c6900    000001a0     stack.lib : node.o674 (.text:_NodeTreeFree)
                  c30c6aa0    000001a0               : raw6.o674 (.text:_Raw6Input)
                  c30c6c40    000001a0               : route6.o674 (.text:_Route6LifetimeMgmt)
                  c30c6de0    000001a0               : sockint.o674 (.text:_SockCreatePacket)
                  c30c6f80    000001a0               : tcp6time.o674 (.text:_TCP6TimeoutRexmt)
                  c30c7120    000001a0     rts6740.lib : imath40.obj (.text:__divul)
                  c30c72c0    000001a0                 : atan.obj (.text:_atan)
                  c30c7460    000001a0     ti.drv.omapl138.a674 : csl_emac.o674 (.text:_emacEnqueueRx)
                  c30c7600    000001a0     stack.lib : socket.o674 (.text:_getpeername)
                  c30c77a0    00000180     os_bios5.lib : ossys.o674 (.text:_DbgPrintf)
                  c30c7920    00000180     rts6740.lib : trgdrv.obj (.text:_HOSTrename)
                  c30c7aa0    00000180     stack.lib : icmpin.o674 (.text:_ICMPRevSrcRoute)
                  c30c7c20    00000180               : igmp.o674 (.text:_IGMPMsg)
                  c30c7da0    00000180               : nimu.o674 (.text:_NIMURegister)
                  c30c7f20    00000180               : nimuppp.o674 (.text:_PPPStop)
                  c30c80a0    00000180     ti.drv.omapl138.a674 : ethdriver.o674 (.text:_RxPacket)
                  c30c8220    00000180     netctrl.lib : netsrv.o674 (.text:_ServiceScan)
                  c30c83a0    00000180                 : netsrv.o674 (.text:_ServiceSpawn)
                  c30c8520    00000180     nettool.lib : dhcpsm.o674 (.text:_StateBound)
                  c30c86a0    00000180                 : dhcpsm.o674 (.text:_StateRenewRebind)
                  c30c8820    00000180     stack.lib : tcptime.o674 (.text:_TcpTimeoutKeep)
                  c30c89a0    00000180     ti.drv.omapl138.a674 : ethdriver.o674 (.text:__HwPktPoll)
                  c30c8b20    00000180     stack.lib : socket.o674 (.text:_bind)
                  c30c8ca0    00000180     nettool.lib : dhcpbild.o674 (.text:_dhcpBuildRequest)
                  c30c8e20    00000180     stack.lib : auth.o674 (.text:_papSendCfg)
                  c30c8fa0    00000160               : icmp.o674 (.text:_ICMPSendRtAdv)
                  c30c9100    00000160               : igmp.o674 (.text:_IGMPDoMCast)
                  c30c9260    00000160               : lli6.o674 (.text:_LLI6Find)
                  c30c93c0    00000160     os_bios5.lib : pbm.o674 (.text:_PBM_free)
                  c30c9520    00000160     stack.lib : pipe.o674 (.text:_PipeSend)
                  c30c9680    00000160               : raw.o674 (.text:_RawOutput)
                  c30c97e0    00000160               : rtable.o674 (.text:_RtTimeoutCheck)
                  c30c9940    00000160               : rtable.o674 (.text:_RtWalkNext)
                  c30c9aa0    00000160     netctrl.lib : netsrv.o674 (.text:_SPRoute)
                  c30c9c00    00000160     stack.lib : sock6.o674 (.text:_Sock6Check)
                  c30c9d60    00000160               : sock6int.o674 (.text:_Sock6CreatePacket)
                  c30c9ec0    00000160               : sock6pcb.o674 (.text:_Sock6PcbConnect)
                  c30ca020    00000160               : sock.o674 (.text:_SockCheck)
                  c30ca180    00000160               : sockpcb.o674 (.text:_SockPcbConnect)
                  c30ca2e0    00000160     nettool.lib : dhcpsm.o674 (.text:_StateRequesting)
                  c30ca440    00000160     stack.lib : tcp6time.o674 (.text:_TCP6TimeoutKeep)
                  c30ca5a0    00000160     os_bios5.lib : mem.o674 (.text:__mmInit)
                  c30ca700    00000160     stack.lib : auth.o674 (.text:_authInit)
                  c30ca860    00000160     ti.drv.omapl138.a674 : csl_emac.o674 (.text:_emacDequeueTx)
                  c30ca9c0    00000160     nettool.lib : httpclie.o674 (.text:_httpExtractTag)
                  c30cab20    00000160                 : httpsend.o674 (.text:_httpSendErrorHTML)
                  c30cac80    00000160     rts6740.lib : ldexp.obj (.text:_ldexp)
                  c30cade0    00000160     os_bios5.lib : task.o674 (.text:_llEnter)
                  c30caf40    00000160     stack.lib : socket.o674 (.text:_recv)
                  c30cb0a0    00000160               : socket.o674 (.text:_send)
                  c30cb200    00000160               : socket.o674 (.text:_setsockopt)
                  c30cb360    00000160     nettool.lib : telnetd.o674 (.text:_telnetClientProcess)
                  c30cb4c0    00000140     stack.lib : bind6.o674 (.text:_Bind6Free)
                  c30cb600    00000140     nettool.lib : config.o674 (.text:_CfgGetEntry)
                  c30cb740    00000140     stack.lib : exec.o674 (.text:_ExecOpen)
                  c30cb880    00000140               : igmp.o674 (.text:_IGMPJoin)
                  c30cb9c0    00000140               : ipin.o674 (.text:_IPRouteIP)
                  c30cbb00    00000140               : ipv6.o674 (.text:_IPv6DisplayIPAddress)
                  c30cbc40    00000140               : lli.o674 (.text:_LLINew)
                  c30cbd80    00000140               : nimu.o674 (.text:_NIMUIoctlSpecialCmd)
                  c30cbec0    00000140               : node.o674 (.text:_NodeFind)
                  c30cc000    00000140     os_bios5.lib : pbm.o674 (.text:_PBM_alloc)
                  c30cc140    00000140     stack.lib : raweth.o674 (.text:_RawEthTxPacket)
                  c30cc280    00000140               : rtable.o674 (.text:_RtFlush)
                  c30cc3c0    00000140     netctrl.lib : netsrv.o674 (.text:_SPService)
                  c30cc500    00000140                 : netsrv.o674 (.text:_ServiceKill)
                  c30cc640    00000140     stack.lib : sock6.o674 (.text:_Sock6Accept)
                  c30cc780    00000140               : sock6.o674 (.text:_Sock6Listen)
                  c30cc8c0    00000140               : sock.o674 (.text:_SockAccept)
                  c30cca00    00000140               : sock.o674 (.text:_SockListen)
                  c30ccb40    00000140               : sockpcb.o674 (.text:_SockPcbCtlError)
                  c30ccc80    00000140               : tcp6prot.o674 (.text:_TCP6PrGetOption)
                  c30ccdc0    00000140               : tcpprot.o674 (.text:_TcpPrGetOption)
                  c30ccf00    00000140     rts6740.lib : _printfi.obj (.text:__pproc_fflags)
                  c30cd040    00000140     stack.lib : auth.o674 (.text:_authGetPassword)
                  c30cd180    00000140     nettool.lib : dhcptags.o674 (.text:_dhcpDecodeType)
                  c30cd2c0    00000140     rts6740.lib : lowlev.obj (.text:_getdevice)
                  c30cd400    00000140     nettool.lib : httpsend.o674 (.text:_httpAuthenticationReq)
                  c30cd540    00000140     psc.obj (.text)
                  c30cd680    00000120     stack.lib : bind6.o674 (.text:_Bind6DADCheck)
                  c30cd7a0    00000120               : bind6.o674 (.text:_Bind6LifetimeMgmt)
                  c30cd8c0    00000120               : bind.o674 (.text:_BindFree)
                  c30cd9e0    00000120     nettool.lib : config.o674 (.text:_CfgGetNextEntry)
                  c30cdb00    00000120                 : config.o674 (.text:_CfgNew)
                  c30cdc20    00000120                 : daemon.o674 (.text:_DaemonFree)
                  c30cdd40    00000120     stack.lib : file.o674 (.text:_FdWaitEvent)
                  c30cde60    00000120               : igmp.o674 (.text:_IGMPLeaveHostGroup)
                  c30cdf80    00000120               : ip.o674 (.text:_IPMsg)
                  c30ce0a0    00000120               : ipv6_frag.o674 (.text:_IPv6CreateFragQ)
                  c30ce1c0    00000120               : ipv6.o674 (.text:_IPv6Init)
                  c30ce2e0    00000120               : icmpv6out.o674 (.text:_IsICMPv6ErrorPkt)
                  c30ce400    00000120               : md5.o674 (.text:_MD5Update)
                  c30ce520    00000120               : mld.o674 (.text:_MLDJoinGroup)
                  c30ce640    00000120     netctrl.lib : netctrl.o674 (.text:_NC_SystemOpen)
                  c30ce760    00000120     stack.lib : nimu.o674 (.text:_NIMUAddEthernetHeader)
                  c30ce880    00000120               : raweth.o674 (.text:_RawEthRxPacket)
                  c30ce9a0    00000120               : sb6.o674 (.text:_SB6New)
                  c30ceac0    00000120               : sb.o674 (.text:_SBNew)
                  c30cebe0    00000120     netctrl.lib : netsrv.o674 (.text:_SPConfig)
                  c30ced00    00000120     stack.lib : sock6.o674 (.text:_Sock6Shutdown)
                  c30cee20    00000120               : sockpcb.o674 (.text:_SockPcbFindRaw)
                  c30cef40    00000120               : sock.o674 (.text:_SockShutdown)
                  c30cf060    00000120               : tcp6prot.o674 (.text:_TCP6PrAttach)
                  c30cf180    00000120               : tcpprot.o674 (.text:_TcpPrAttach)
                  c30cf2a0    00000120     nettool.lib : telnetd.o674 (.text:_TelnetOpen)
                  c30cf3c0    00000120     stack.lib : rtable.o674 (.text:__RtNodeInsert)
                  c30cf4e0    00000120     rts6740.lib : fclose.obj (.text:__closefile)
                  c30cf600    00000120                 : _printfi.obj (.text:__ltostr)
                  c30cf720    00000120     nettool.lib : daemon.o674 (.text:_dchild)
                  c30cf840    00000120     stack.lib : fileuser.o674 (.text:_fdOpenSession)
                  c30cf960    00000120     rts6740.lib : frexp.obj (.text:_frexp)
                  c30cfa80    00000120                 : fseek.obj (.text:_fseek)
                  c30cfba0    00000120     nettool.lib : http.o674 (.text:_httpOpen)
                  c30cfcc0    00000120                 : httpsend.o674 (.text:_httpSendStatusLine)
                  c30cfde0    00000120     stack.lib : lcp.o674 (.text:_lcpReject)
                  c30cff00    00000120               : socket.o674 (.text:_socket)
                  c30d0020    00000100     nettool.lib : config.o674 (.text:_CfgFree)
                  c30d0120    00000100                 : config.o674 (.text:_CfgGetEntryCnt)
                  c30d0220    00000100                 : config.o674 (.text:_CfgSetExecuteOrder)
                  c30d0320    00000100     rts6740.lib : trgdrv.obj (.text:_HOSTlseek)
                  c30d0420    00000100     stack.lib : igmp.o674 (.text:_IGMPTimer)
                  c30d0520    00000100               : ipv6.o674 (.text:_IPv6GetSubnetMaskFromBits)
                  c30d0620    00000100               : ipv6_frag.o674 (.text:_IPv6ReasmTimeout)
                  c30d0720    00000100     ti.drv.omapl138.a674 : ethdriver.o674 (.text:_Interrupt_init)
                  c30d0820    00000100     stack.lib : node.o674 (.text:_NodeWalk)
                  c30d0920    00000100               : rawethsock.o674 (.text:_RawEthSockCheck)
                  c30d0a20    00000100               : route.o674 (.text:_RtRedirect)
                  c30d0b20    00000100               : sock6.o674 (.text:_Sock6Disconnect)
                  c30d0c20    00000100               : sockint.o674 (.text:_SockValidateRoute)
                  c30d0d20    00000100     nettool.lib : dhcpsm.o674 (.text:_StateSelecting)
                  c30d0e20    00000100     stack.lib : tcp6time.o674 (.text:_TCP6XmitTimer)
                  c30d0f20    00000100               : tcptime.o674 (.text:_TcpXmitTimer)
                  c30d1020    00000100               : lli.o674 (.text:__LLIExpListInsert)
                  c30d1120    00000100               : rtable.o674 (.text:__RtExpListInsert)
                  c30d1220    00000100     rts6740.lib : _io_perm.obj (.text:__wrt_ok)
                  c30d1320    00000100                 : sinit.obj (.text:_call_dtors)
                  c30d1420    00000100     stack.lib : file.o674 (.text:_fdint_unlockfd)
                  c30d1520    00000100               : lcp.o674 (.text:_lcpOpen)
                  c30d1620    00000100               : socket.o674 (.text:_listen)
                  c30d1720    00000100     os_bios5.lib : mem.o674 (.text:_mmFree)
                  c30d1820    00000100     stack.lib : nimuppp.o674 (.text:_pppAddClient)
                  c30d1920    00000100               : lliin.o674 (.text:_updateRtTable)
                  c30d1a20    000000e0               : bind6.o674 (.text:_Bind6GetLinkLocalAddress)
                  c30d1b00    000000e0     rts6740.lib : trgdrv.obj (.text:_HOSTopen)
                  c30d1be0    000000e0     stack.lib : icmpv6in.o674 (.text:_ICMPv6SocketErrorInterface)
                  c30d1cc0    000000e0               : ipv6_frag.o674 (.text:_IPv6FindFragQ)
                  c30d1da0    000000e0               : lli6.o674 (.text:_LLI6Msg)
                  c30d1e80    000000e0               : lli6.o674 (.text:_LLI6Update)
                  c30d1f60    000000e0     ti.drv.omapl138.a674 : csl_mdio.o674 (.text:_MDIO_initPHY)
                  c30d2040    000000e0     stack.lib : mld.o674 (.text:_MLDFindMulticastNode)
                  c30d2120    000000e0               : nimu.o674 (.text:_NIMUAllocateIndex)
                  c30d2200    000000e0               : nimu.o674 (.text:_NIMUAllocateName)
                  c30d22e0    000000e0               : node.o674 (.text:_NodeDeRef)
                  c30d23c0    000000e0               : node.o674 (.text:_NodeNew)
                  c30d24a0    000000e0               : node.o674 (.text:_NodeTreeNew)
                  c30d2580    000000e0     os_bios5.lib : pbm.o674 (.text:_PBMQ_enq)
                  c30d2660    000000e0                  : pbm.o674 (.text:_PBM_copy)
                  c30d2740    000000e0     stack.lib : rawethsock.o674 (.text:_RawEthSockNotify)
                  c30d2820    000000e0               : rawethsock_pcb.o674 (.text:_RawEthSockPcbAttach)
                  c30d2900    000000e0               : rawethsock.o674 (.text:_RawEthSockSend)
                  c30d29e0    000000e0               : route6.o674 (.text:_Route6Msg)
                  c30d2ac0    000000e0               : route.o674 (.text:_RtRemove)
                  c30d2ba0    000000e0               : sb.o674 (.text:_SBSetMax)
                  c30d2c80    000000e0               : sock6.o674 (.text:_Sock6IntAbort)
                  c30d2d60    000000e0               : sock6int.o674 (.text:_Sock6SpawnAbort)
                  c30d2e40    000000e0               : sock6int.o674 (.text:_Sock6ValidateRoute)
                  c30d2f20    000000e0               : sock.o674 (.text:_SockDisconnect)
                  c30d3000    000000e0               : sockint.o674 (.text:_SockSpawnAbort)
                  c30d30e0    000000e0               : tcp6prot.o674 (.text:_TCP6PrDetach)
                  c30d31c0    000000e0               : tcp6prot.o674 (.text:_TCP6PrDisconnect)
                  c30d32a0    000000e0               : tcp6prot.o674 (.text:_TCP6PrInherit)
                  c30d3380    000000e0               : tcp6time.o674 (.text:_TCP6TimeoutSackRexmt)
                  c30d3460    000000e0               : tcp6prot.o674 (.text:_TCP6ValidateMetrics)
                  c30d3540    000000e0               : tcp.o674 (.text:_TcpChecksum)
                  c30d3620    000000e0               : tcpprot.o674 (.text:_TcpPrDetach)
                  c30d3700    000000e0               : tcpprot.o674 (.text:_TcpPrDisconnect)
                  c30d37e0    000000e0               : tcpprot.o674 (.text:_TcpPrInherit)
                  c30d38c0    000000e0               : tcptime.o674 (.text:_TcpTimeoutSackRexmt)
                  c30d39a0    000000e0               : tcpprot.o674 (.text:_TcpValidateMetrics)
                  c30d3a80    000000e0               : timer.o674 (.text:_TimerListInsert)
                  c30d3b60    000000e0               : udp.o674 (.text:_UdpChecksum)
                  c30d3c40    000000e0               : vlan.o674 (.text:_VLANDeinit)
                  c30d3d20    000000e0               : vlan.o674 (.text:_VLANReceivePacket)
                  c30d3e00    000000e0     nettool.lib : config.o674 (.text:__CfgEntryScan)
                  c30d3ee0    000000e0     stack.lib : rtable.o674 (.text:__RtNodeRemove)
                  c30d3fc0    000000e0     rts6740.lib : divi.obj (.text:__divi)
                  c30d40a0    000000e0                 : atoi.obj (.text:_atoi)
                  c30d4180    000000e0                 : lowlev.obj (.text:_close)
                  c30d4260    000000e0     nettool.lib : dhcptags.o674 (.text:_dhcpBuildOptions)
                  c30d4340    000000e0     stack.lib : file.o674 (.text:_fdint_lockfd)
                  c30d4420    000000e0     nettool.lib : httpclie.o674 (.text:_httpGetMimeBits)
                  c30d4500    000000e0     os_bios5.lib : task.o674 (.text:_llExit)
                  c30d45e0    000000e0     rts6740.lib : memset.obj (.text:_memset)
                  c30d46c0    000000e0     os_bios5.lib : mem.o674 (.text:_mmCopy)
                  c30d47a0    000000e0     stack.lib : nimuppp.o674 (.text:_pppFree)
                  c30d4880    000000e0     rts6740.lib : printf.obj (.text:_printf)
                  c30d4960    000000c0     nettool.lib : config.o674 (.text:_CfgEntryDeRef)
                  c30d4a20    000000c0                 : dhcpmain.o674 (.text:_DHCPClose)
                  c30d4ae0    000000c0     rts6740.lib : trgdrv.obj (.text:_HOSTread)
                  c30d4ba0    000000c0                 : trgdrv.obj (.text:_HOSTunlink)
                  c30d4c60    000000c0                 : trgdrv.obj (.text:_HOSTwrite)
                  c30d4d20    000000c0     ti.drv.omapl138.a674 : ethdriver.o674 (.text:_HwPktClose)
                  c30d4de0    000000c0     stack.lib : igmp.o674 (.text:_IGMPLeave)
                  c30d4ea0    000000c0               : ipv6.o674 (.text:_IPv6Layer4ComputeChecksum)
                  c30d4f60    000000c0               : lli.o674 (.text:_LLIGetValidTime)
                  c30d5020    000000c0               : lli.o674 (.text:_LLIMsg)
                  c30d50e0    000000c0     ti.drv.omapl138.a674 : csl_mdio.o674 (.text:_MDIO_close)
                  c30d51a0    000000c0     stack.lib : mld.o674 (.text:_MLDCreateMulticastNode)
                  c30d5260    000000c0               : mld.o674 (.text:_MLDLeaveGroup)
                  c30d5320    000000c0               : nimu.o674 (.text:_NIMUFindByName)
                  c30d53e0    000000c0     netctrl.lib : netsrv.o674 (.text:_NS_BootTask)
                  c30d54a0    000000c0     nettool.lib : ipaddr.o674 (.text:_NtIfIdx2Ip)
                  c30d5560    000000c0     stack.lib : rtc.o674 (.text:_RTCMsg)
                  c30d5620    000000c0               : route6.o674 (.text:_Rt6FindDefaultRouter)
                  c30d56e0    000000c0               : route.o674 (.text:_RtDeRef)
                  c30d57a0    000000c0               : rtable.o674 (.text:_RtWalkBegin)
                  c30d5860    000000c0               : sb6.o674 (.text:_SB6Flush)
                  c30d5920    000000c0               : sb6.o674 (.text:_SB6SetMax)
                  c30d59e0    000000c0               : sb.o674 (.text:_SBFlush)
                  c30d5aa0    000000c0               : sock6pcb.o674 (.text:_Sock6PcbResolveChain)
                  c30d5b60    000000c0               : sock6pcb.o674 (.text:_Sock6PcbRtChange)
                  c30d5c20    000000c0               : sock.o674 (.text:_SockIntAbort)
                  c30d5ce0    000000c0               : sockpcb.o674 (.text:_SockPcbRtChange)
                  c30d5da0    000000c0               : tcp6prot.o674 (.text:_TCP6Close)
                  c30d5e60    000000c0               : tcp6prot.o674 (.text:_TCP6PrSendOOB)
                  c30d5f20    000000c0     os_bios5.lib : task.o674 (.text:_TaskGetEnv)
                  c30d5fe0    000000c0     stack.lib : tcpprot.o674 (.text:_TcpClose)
                  c30d60a0    000000c0               : tcpprot.o674 (.text:_TcpPrSendOOB)
                  c30d6160    000000c0     rts6740.lib : _printfi.obj (.text:__div)
                  c30d6220    000000c0                 : divu.obj (.text:__divu)
                  c30d62e0    000000c0                 : fflush.obj (.text:__doflush)
                  c30d63a0    000000c0                 : remi.obj (.text:__remi)
                  c30d6460    000000c0                 : atexit.obj (.text:_atexit)
                  c30d6520    000000c0     nettool.lib : dhcptags.o674 (.text:_dhcpOptionsClear)
                  c30d65e0    000000c0     os_bios5.lib : efs.o674 (.text:_efs_fopen)
                  c30d66a0    000000c0                  : efs.o674 (.text:_efs_internal_remove)
                  c30d6760    000000c0     nettool.lib : httpsend.o674 (.text:_httpSendFullResponse)
                  c30d6820    000000c0     rts6740.lib : ltoa.obj (.text:_ltoa)
                  c30d68e0    000000c0     os_bios5.lib : mem.o674 (.text:_mmInitPage)
                  c30d69a0    000000c0                  : mem.o674 (.text:_mmZeroInit)
                  c30d6a60    000000c0     stack.lib : nimuppp.o674 (.text:_pppAddIP)
                  c30d6b20    000000c0     bios.a674 : tsk_stup.o674 (.text)
                  c30d6be0    000000a0     nettool.lib : config.o674 (.text:_CfgEntryGetData)
                  c30d6c80    000000a0                 : config.o674 (.text:_CfgGetImmediate)
                  c30d6d20    000000a0                 : telnetd.o674 (.text:_CmdWriteBytes)
                  c30d6dc0    000000a0                 : telnetd.o674 (.text:_CmdWriteCmd)
                  c30d6e60    000000a0     stack.lib : file.o674 (.text:_FdSignalEvent)
                  c30d6f00    000000a0     ti.drv.omapl138.a674 : ethdriver.o674 (.text:_GetPacket)
                  c30d6fa0    000000a0     rts6740.lib : trgdrv.obj (.text:_HOSTclose)
                  c30d7040    000000a0     stack.lib : icmpv6in.o674 (.text:_ICMPv6RecvDstUnreachable)
                  c30d70e0    000000a0               : ipfrag.o674 (.text:_IPReasmFree)
                  c30d7180    000000a0               : ipfrag.o674 (.text:_IPReasmTimeout)
                  c30d7220    000000a0               : ipv6.o674 (.text:_IPv6CompareAddress)
                  c30d72c0    000000a0               : lliin.o674 (.text:_LLIValidateRoute)
                  c30d7360    000000a0               : md5.o674 (.text:_MD5Final)
                  c30d7400    000000a0               : nimu.o674 (.text:_NIMUShutdown)
                  c30d74a0    000000a0               : nimu.o674 (.text:_NIMUUnregister)
                  c30d7540    000000a0     nettool.lib : ipaddr.o674 (.text:_NtAddNetwork)
                  c30d75e0    000000a0     os_bios5.lib : pbm.o674 (.text:_PBM_open)
                  c30d7680    000000a0     stack.lib : pipe.o674 (.text:_PipeCheck)
                  c30d7720    000000a0     ti.drv.omapl138.a674 : ethdriver.o674 (.text:_Queue_push)
                  c30d77c0    000000a0     stack.lib : rtable.o674 (.text:_RouteMsg)
                  c30d7860    000000a0               : route.o674 (.text:_RtNew)
                  c30d7900    000000a0               : sb6.o674 (.text:_SB6Free)
                  c30d79a0    000000a0               : sb.o674 (.text:_SBFree)
                  c30d7a40    000000a0               : sock6pcb.o674 (.text:_Sock6CleanPcb)
                  c30d7ae0    000000a0               : sock6.o674 (.text:_Sock6GetName)
                  c30d7b80    000000a0               : sock.o674 (.text:_SockBind)
                  c30d7c20    000000a0               : sockpcb.o674 (.text:_SockCleanPcb)
                  c30d7cc0    000000a0               : sockpcb.o674 (.text:_SockPcbResolveChain)
                  c30d7d60    000000a0               : tcp6prot.o674 (.text:_TCP6Drop)
                  c30d7e00    000000a0               : tcp6prot.o674 (.text:_TCP6PrCtlError)
                  c30d7ea0    000000a0               : tcp6prot.o674 (.text:_TCP6PrSend)
                  c30d7f40    000000a0     os_bios5.lib : task.o674 (.text:_TaskCleanup)
                  c30d7fe0    000000a0                  : task.o674 (.text:_TaskCreate)
                  c30d8080    000000a0                  : task.o674 (.text:_TaskSetEnv)
                  c30d8120    000000a0     stack.lib : tcpprot.o674 (.text:_TcpDrop)
                  c30d81c0    000000a0               : tcpprot.o674 (.text:_TcpPrCtlError)
                  c30d8260    000000a0               : tcpprot.o674 (.text:_TcpPrSend)
                  c30d8300    000000a0               : timer.o674 (.text:_TimerNew)
                  c30d83a0    000000a0               : bind6.o674 (.text:__Bind6FindByHostInList)
                  c30d8440    000000a0               : bind6.o674 (.text:__Bind6FindByNetInList)
                  c30d84e0    000000a0               : lli.o674 (.text:__LLITimeoutFlush)
                  c30d8580    000000a0     rts6740.lib : fopen.obj (.text:__cleanup)
                  c30d8620    000000a0                 : imath40.obj (.text:__divli)
                  c30d86c0    000000a0                 : _printfi.obj (.text:__ecpy)
                  c30d8760    000000a0                 : _printfi.obj (.text:__fcpy)
                  c30d8800    000000a0                 : fixdli.obj (.text:__fixdli)
                  c30d88a0    000000a0                 : round.obj (.text:__nround)
                  c30d8940    000000a0                 : _printfi.obj (.text:__pconv_f)
                  c30d89e0    000000a0                 : remu.obj (.text:__remu)
                  c30d8a80    000000a0     stack.lib : auth.o674 (.text:_authStart)
                  c30d8b20    000000a0     nettool.lib : dhcpbild.o674 (.text:_dhcpBuildDecline)
                  c30d8bc0    000000a0                 : dhcpsm.o674 (.text:_dhcpIPRemove)
                  c30d8c60    000000a0     os_bios5.lib : efs.o674 (.text:_efs_filesend)
                  c30d8d00    000000a0     ti.drv.omapl138.a674 : csl_emac.o674 (.text:_emacUpdateStats)
                  c30d8da0    000000a0     stack.lib : fileuser.o674 (.text:_fdCloseSession)
                  c30d8e40    000000a0     rts6740.lib : lowlev.obj (.text:_finddevice)
                  c30d8ee0    000000a0     nettool.lib : httpsend.o674 (.text:_httpSendErrorResponse)
                  c30d8f80    000000a0     stack.lib : lcp.o674 (.text:_lcpInit)
                  c30d9020    000000a0               : lcp.o674 (.text:_lcpSendTerm)
                  c30d90c0    000000a0     hal_timer_bios5.lib : lltimer.o674 (.text:_llTimerTick)
                  c30d9160    000000a0     rts6740.lib : lowlev.obj (.text:_lseek)
                  c30d9200    000000a0                 : memcpy64.obj (.text:_memcpy)
                  c30d92a0    000000a0     os_bios5.lib : mem.o674 (.text:_mmBulkFree)
                  c30d9340    000000a0     rts6740.lib : modf.obj (.text:_modf)
                  c30d93e0    000000a0     os_bios5.lib : ossys.o674 (.text:_stricmp)
                  c30d9480    000000a0     rts6740.lib : strstr.obj (.text:_strstr)
                  c30d9520    000000a0                 : lowlev.obj (.text:_write)
                  c30d95c0    00000080     stack.lib : md5.o674 (.text:_Decode)
                  c30d9640    00000080     ti.drv.omapl138.a674 : nimu_eth.o674 (.text:_EmacPktService)
                  c30d96c0    00000080                          : nimu_eth.o674 (.text:_EmacSend)
                  c30d9740    00000080                          : nimu_eth.o674 (.text:_EmacStart)
                  c30d97c0    00000080                          : nimu_eth.o674 (.text:_EmacStop)
                  c30d9840    00000080     stack.lib : icmp.o674 (.text:_ICMPChecksum)
                  c30d98c0    00000080               : icmpv6in.o674 (.text:_ICMPv6RecvParamProblem)
                  c30d9940    00000080               : icmpv6_ndisc.o674 (.text:_ICMPv6RecvRS)
                  c30d99c0    00000080               : icmpv6in.o674 (.text:_ICMPv6RecvTimeExceeded)
                  c30d9a40    00000080               : igmp.o674 (.text:_IGMPTestGroup)
                  c30d9ac0    00000080               : ipv6out.o674 (.text:_IPv6GetRoute)
                  c30d9b40    00000080               : lli6.o674 (.text:_LLI6Free)
                  c30d9bc0    00000080               : lli6.o674 (.text:_LLI6IsRouterStatMachine)
                  c30d9c40    00000080     netctrl.lib : netctrl.o674 (.text:_NC_SystemClose)
                  c30d9cc0    00000080     stack.lib : nimu.o674 (.text:_NIMUInit)
                  c30d9d40    00000080               : node.o674 (.text:_NodeUpdatePL)
                  c30d9dc0    00000080     os_bios5.lib : pbm.o674 (.text:_PBMQ_deq)
                  c30d9e40    00000080     stack.lib : nimuppp.o674 (.text:_PPPSend)
                  c30d9ec0    00000080               : pipe.o674 (.text:_PipeClose)
                  c30d9f40    00000080     ti.drv.omapl138.a674 : ethdriver.o674 (.text:_Queue_pop)
                  c30d9fc0    00000080     stack.lib : rawethsock.o674 (.text:_RawEthSockClose)
                  c30da040    00000080               : rawethsock_pcb.o674 (.text:_RawEthSockPcbDetach)
                  c30da0c0    00000080               : route6.o674 (.text:_Rt6Update)
                  c30da140    00000080               : route.o674 (.text:_RtSetFailure)
                  c30da1c0    00000080               : route.o674 (.text:_RtSetTimeout)
                  c30da240    00000080     netctrl.lib : netsrv.o674 (.text:_ServiceCallback)
                  c30da2c0    00000080     stack.lib : sock6.o674 (.text:_Sock6Bind)
                  c30da340    00000080               : sock6pcb.o674 (.text:_Sock6PcbCleanup)
                  c30da3c0    00000080               : sock.o674 (.text:_SockGetName)
                  c30da440    00000080               : sockpcb.o674 (.text:_SockPcbCleanup)
                  c30da4c0    00000080               : sockpcb.o674 (.text:_SockPcbDetach)
                  c30da540    00000080               : sockprot.o674 (.text:_SockPrCtlError)
                  c30da5c0    00000080               : tcp6prot.o674 (.text:_TCP6PrListen)
                  c30da640    00000080               : tcp6time.o674 (.text:_TCP6SetPersist)
                  c30da6c0    00000080               : tcpprot.o674 (.text:_TcpPrListen)
                  c30da740    00000080               : tcptime.o674 (.text:_TcpSetPersist)
                  c30da7c0    00000080               : timer.o674 (.text:_TimerHSTick)
                  c30da840    00000080               : timer.o674 (.text:_TimerListRemove)
                  c30da8c0    00000080               : vlan.o674 (.text:_VLANFindSourceInterface)
                  c30da940    00000080     nettool.lib : config.o674 (.text:__CfgAcquire)
                  c30da9c0    00000080                 : config.o674 (.text:__CfgRelease)
                  c30daa40    00000080     stack.lib : lli.o674 (.text:__LLIExpListRemove)
                  c30daac0    00000080               : rtc.o674 (.text:__RTCSendRtAdv)
                  c30dab40    00000080               : rtable.o674 (.text:__RtExpListRemove)
                  c30dabc0    00000080     rts6740.lib : fltlid.obj (.text:__fltlid)
                  c30dac40    00000080                 : llshift.obj (.text:__llshl)
                  c30dacc0    00000080     os_bios5.lib : efs.o674 (.text:_efs_fclose)
                  c30dad40    00000080                  : efs.o674 (.text:_efs_findfile)
                  c30dadc0    00000080     stack.lib : file.o674 (.text:_fdint_waitevent)
                  c30dae40    00000080     nettool.lib : httpsend.o674 (.text:_httpSendEntityLength)
                  c30daec0    00000080     hal_timer_bios5.lib : lltimer.o674 (.text:_llTimerGetTime)
                  c30daf40    00000080     stack.lib : nimupppoe.o674 (.text:_pppoeInput)
                  c30dafc0    00000080     ti.drv.omapl138.a674 : csl_emac.o674 (.text:_pqPush)
                  c30db040    00000080                          : csl_emac.o674 (.text:_pqPushChain)
                  c30db0c0    00000080     rts6740.lib : trgmsg.obj (.text:_readmsg)
                  c30db140    00000080     nettool.lib : httpsend.o674 (.text:_strcat)
                  c30db1c0    00000080     rts6740.lib : lowlev.obj (.text:_unlink)
                  c30db240    00000060     stack.lib : bind6.o674 (.text:_Bind6FindByIF)
                  c30db2a0    00000060               : bind6.o674 (.text:_Bind6IF2IPHost)
                  c30db300    00000060               : bind.o674 (.text:_BindFindByHost)
                  c30db360    00000060               : bind.o674 (.text:_BindFindByIF)
                  c30db3c0    00000060               : bind.o674 (.text:_BindFindByNet)
                  c30db420    00000060               : bind.o674 (.text:_BindGetIFByDBCast)
                  c30db480    00000060               : bind.o674 (.text:_BindIF2IPHost)
                  c30db4e0    00000060     nettool.lib : config.o674 (.text:_CfgEntryInfo)
                  c30db540    00000060                 : config.o674 (.text:_CfgSetService)
                  c30db5a0    00000060     stack.lib : md5.o674 (.text:_Encode)
                  c30db600    00000060               : exec.o674 (.text:_ExecBroadcast)
                  c30db660    00000060     ti.drv.omapl138.a674 : ethdriver.o674 (.text:_FreePacket)
                  c30db6c0    00000060                          : ethdriver.o674 (.text:_HwRxInt)
                  c30db720    00000060                          : ethdriver.o674 (.text:_HwTxInt)
                  c30db780    00000060     stack.lib : ip.o674 (.text:_IPChecksum)
                  c30db7e0    00000060     ti.drv.omapl138.a674 : ethdriver.o674 (.text:_Interrupt_end)
                  c30db840    00000060     stack.lib : lli.o674 (.text:_LLIFree)
                  c30db8a0    00000060     ti.drv.omapl138.a674 : csl_mdio.o674 (.text:_MDIO_getStatus)
                  c30db900    00000060                          : csl_mdio.o674 (.text:_MDIO_open)
                  c30db960    00000060     stack.lib : nimu.o674 (.text:_NIMUAddHeader)
                  c30db9c0    00000060               : nimu.o674 (.text:_NIMUCreatePacket)
                  c30dba20    00000060               : nimu.o674 (.text:_NIMUFindByIndex)
                  c30dba80    00000060               : nimu.o674 (.text:_NIMUPacketService)
                  c30dbae0    00000060               : nimu.o674 (.text:_NIMUPacketServiceCheck)
                  c30dbb40    00000060               : nimu.o674 (.text:_NIMUSendPacket)
                  c30dbba0    00000060     netctrl.lib : netsrv.o674 (.text:_NS_PreBoot)
                  c30dbc00    00000060     stack.lib : rtc.o674 (.text:_RTCAddHook)
                  c30dbc60    00000060               : rtc.o674 (.text:_RTCRemoveHook)
                  c30dbcc0    00000060               : rawethsock_pcb.o674 (.text:_RawEthSockPcbCleanup)
                  c30dbd20    00000060               : rawethsock_pcb.o674 (.text:_RawEthSockPcbFind)
                  c30dbd80    00000060               : route6.o674 (.text:_Rt6GetNetworkAddr)
                  c30dbde0    00000060               : rtable.o674 (.text:_RtWalkEnd)
                  c30dbe40    00000060               : sock6pcb.o674 (.text:_Sock6PcbDetach)
                  c30dbea0    00000060               : sock6prot.o674 (.text:_Sock6PrAttach)
                  c30dbf00    00000060               : sock6prot.o674 (.text:_Sock6PrCtlError)
                  c30dbf60    00000060               : sock6prot.o674 (.text:_Sock6PrDetach)
                  c30dbfc0    00000060               : sockprot.o674 (.text:_SockPrAttach)
                  c30dc020    00000060               : sockprot.o674 (.text:_SockPrDetach)
                  c30dc080    00000060               : tcp6prot.o674 (.text:_TCP6PrConnect)
                  c30dc0e0    00000060               : tcp6time.o674 (.text:_TCP6TimeoutPersist)
                  c30dc140    00000060     os_bios5.lib : task.o674 (.text:_TaskDestroy)
                  c30dc1a0    00000060     stack.lib : tcpprot.o674 (.text:_TcpPrConnect)
                  c30dc200    00000060               : tcptime.o674 (.text:_TcpTimeoutPersist)
                  c30dc260    00000060               : vlan.o674 (.text:_VLANFindNode)
                  c30dc2c0    00000060               : vlan.o674 (.text:_VLANInit)
                  c30dc320    00000060     nettool.lib : config.o674 (.text:__CfgEntryProcess)
                  c30dc380    00000060     rts6740.lib : imath64.obj (.text:__subcull)
                  c30dc3e0    00000060     nettool.lib : dhcpbild.o674 (.text:_dhcpBuildDiscover)
                  c30dc440    00000060                 : dhcpsock.o674 (.text:_dhcpPacketReceive)
                  c30dc4a0    00000060                 : dhcpsock.o674 (.text:_dhcpPacketSend)
                  c30dc500    00000060                 : dhcpsock.o674 (.text:_dhcpSocketClose)
                  c30dc560    00000060     stack.lib : file.o674 (.text:_fdint_clearevent)
                  c30dc5c0    00000060               : file.o674 (.text:_fdint_getfdt)
                  c30dc620    00000060               : file.o674 (.text:_fdint_setevent)
                  c30dc680    00000060               : fileuser.o674 (.text:_fdsetTestEntry)
                  c30dc6e0    00000060     nettool.lib : httpsend.o674 (.text:_httpSendClientStr)
                  c30dc740    00000060     stack.lib : ipcp.o674 (.text:_ipcpStart)
                  c30dc7a0    00000060               : lcp.o674 (.text:_lcpClose)
                  c30dc800    00000060               : listlib.o674 (.text:_list_cat)
                  c30dc860    00000060               : listlib.o674 (.text:_list_remove_node)
                  c30dc8c0    00000060     rts6740.lib : memccpy.obj (.text:_memccpy)
                  c30dc920    00000060     os_bios5.lib : mem.o674 (.text:_mmBulkAlloc)
                  c30dc980    00000060                  : mem.o674 (.text:_mmUnInitPage)
                  c30dc9e0    00000060     ti.drv.omapl138.a674 : csl_emac.o674 (.text:_pqPop)
                  c30dca40    00000060     rts6740.lib : sprintf.obj (.text:_sprintf)
                  c30dcaa0    00000060     nettool.lib : httpsend.o674 (.text:_strcpy)
                  c30dcb00    00000060     rts6740.lib : strcpy.obj (.text:_strcpy)
                  c30dcb60    00000060                 : vsprintf.obj (.text:_vsprintf)
                  c30dcbc0    00000060                 : trgmsg.obj (.text:_writemsg)
                  c30dcc20    00000040     stack.lib : bind6.o674 (.text:_Bind6FindByHost)
                  c30dcc60    00000040               : bind6.o674 (.text:_Bind6FindByNet)
                  c30dcca0    00000040               : bind.o674 (.text:_BindGetIP)
                  c30dcce0    00000040     nettool.lib : config.o674 (.text:_CfgEntryRef)
                  c30dcd20    00000040     ti.drv.omapl138.a674 : ethdriver.o674 (.text:_EMAC_rxEoiWrite)
                  c30dcd60    00000040                          : ethdriver.o674 (.text:_EMAC_txEoiWrite)
                  c30dcda0    00000040                          : nimu_eth.o674 (.text:_EmacPoll)
                  c30dcde0    00000040     stack.lib : exec.o674 (.text:_ExecClose)
                  c30dce20    00000040               : exec.o674 (.text:_ExecTimer)
                  c30dce60    00000040               : ipv6.o674 (.text:_IPv6IsLinkLocal)
                  c30dcea0    00000040               : ipv6.o674 (.text:_IPv6IsMulticast)
                  c30dcee0    00000040               : lli6.o674 (.text:_LLI6IsValid)
                  c30dcf20    00000040               : md5.o674 (.text:_MD5Init)
                  c30dcf60    00000040     ti.drv.omapl138.a674 : csl_mdio.o674 (.text:_MDIO_initStateMachine)
                  c30dcfa0    00000040     stack.lib : mld.o674 (.text:_MLDTestGroup)
                  c30dcfe0    00000040     netctrl.lib : netctrl.o674 (.text:_NC_BootComplete)
                  c30dd020    00000040     os_bios5.lib : task.o674 (.text:_NDK_hookCreate)
                  c30dd060    00000040     nettool.lib : ipaddr.o674 (.text:_NtRemoveNetwork)
                  c30dd0a0    00000040     stack.lib : nimuppp.o674 (.text:_PPPStart)
                  c30dd0e0    00000040     nettool.lib : ipaddr.o674 (.text:_RouteHook)
                  c30dd120    00000040     stack.lib : route6.o674 (.text:_Rt6IsDefaultRoute)
                  c30dd160    00000040               : sock6pcb.o674 (.text:_Sock6PcbAttach)
                  c30dd1a0    00000040               : sock6int.o674 (.text:_Sock6SetOOBMark)
                  c30dd1e0    00000040               : sockpcb.o674 (.text:_SockPcbAttach)
                  c30dd220    00000040               : sockint.o674 (.text:_SockSetOOBMark)
                  c30dd260    00000040     ti.drv.omapl138.a674 : ethdriver.o674 (.text:_StatisticsUpdate)
                  c30dd2a0    00000040                          : ethdriver.o674 (.text:_StatusUpdate)
                  c30dd2e0    00000040     stack.lib : tcp6.o674 (.text:_TCP6TimeoutRemove)
                  c30dd320    00000040               : tcp6time.o674 (.text:_TCP6TimeoutWait2)
                  c30dd360    00000040               : tcp.o674 (.text:_TcpTimeoutRemove)
                  c30dd3a0    00000040               : tcptime.o674 (.text:_TcpTimeoutWait2)
                  c30dd3e0    00000040     rts6740.lib : sinit.obj (.text:___add_dtor)
                  c30dd420    00000040                 : isinf.obj (.text:___isinf)
                  c30dd460    00000040                 : _printfi.obj (.text:___isnan)
                  c30dd4a0    00000040                 : frcmpyd_div.obj (.text:__frcmpyd_div)
                  c30dd4e0    00000040     hal_timer_bios5.lib : lltimer.o674 (.text:__llTimerInit)
                  c30dd520    00000040     rts6740.lib : llshift.obj (.text:__llshru)
                  c30dd560    00000040                 : sprintf.obj (.text:__outs)
                  c30dd5a0    00000040                 : vsprintf.obj (.text:__outs)
                  c30dd5e0    00000040                 : imath40.obj (.text:__remli)
                  c30dd620    00000040                 : strasg.obj (.text:__strasgi_64plus)
                  c30dd660    00000040     os_bios5.lib : efs.o674 (.text:_efs_loadfunction)
                  c30dd6a0    00000040     stack.lib : fileuser.o674 (.text:_fdError)
                  c30dd6e0    00000040               : fileuser.o674 (.text:_fdSelectAbort)
                  c30dd720    00000040               : file.o674 (.text:_fdint_freefdt)
                  c30dd760    00000040     nettool.lib : inetaddr.o674 (.text:_inet_addr)
                  c30dd7a0    00000040     stack.lib : ipcp.o674 (.text:_ipcpInit)
                  c30dd7e0    00000040               : listlib.o674 (.text:_list_add)
                  c30dd820    00000040               : listlib.o674 (.text:_list_remove)
                  c30dd860    00000040     rts6740.lib : strlen.obj (.text:_strlen)
                  c30dd8a0    00000020     stack.lib : bind6.o674 (.text:_Bind6GetInterfaceHandle)
                  c30dd8c0    00000020               : bind6.o674 (.text:_Bind6GetLifetime)
                  c30dd8e0    00000020               : bind6.o674 (.text:_Bind6SetLifetime)
                  c30dd900    00000020               : bind.o674 (.text:_BindGetFirst)
                  c30dd920    00000020               : bind.o674 (.text:_BindGetIF)
                  c30dd940    00000020               : bind.o674 (.text:_BindGetNext)
                  c30dd960    00000020               : bind.o674 (.text:_BindIFNet2IPHost)
                  c30dd980    00000020               : bind.o674 (.text:_BindIPHost2IF)
                  c30dd9a0    00000020     nettool.lib : config.o674 (.text:_CfgSetDefault)
                  c30dd9c0    00000020     stack.lib : exec.o674 (.text:_ExecHRef)
                  c30dd9e0    00000020               : exec.o674 (.text:_ExecLowResource)
                  c30dda00    00000020     ti.drv.omapl138.a674 : ethdriver.o674 (.text:_HwPktInit)
                  c30dda20    00000020                          : ethdriver.o674 (.text:_HwPktShutdown)
                  c30dda40    00000020     stack.lib : ip.o674 (.text:_IPRtChange)
                  c30dda60    00000020     os_bios5.lib : intmgmt.o674 (.text:_Interrupt_delete)
                  c30dda80    00000020     hal_userled_stub.lib : llled.o674 (.text:_LED_TOGGLE)
                  c30ddaa0    00000020     stack.lib : lli6.o674 (.text:_LLI6GetNetDevice)
                  c30ddac0    00000020               : lli6.o674 (.text:_LLI6IncRefCount)
                  c30ddae0    00000020               : lli6.o674 (.text:_LLI6IsDead)
                  c30ddb00    00000020               : lli6.o674 (.text:_LLI6IsRouter)
                  c30ddb20    00000020               : lli6.o674 (.text:_LLI6SetIncomplete)
                  c30ddb40    00000020     netctrl.lib : netctrl.o674 (.text:_NC_IPUpdate)
                  c30ddb60    00000020                 : netctrl.o674 (.text:_NC_NetStop)
                  c30ddb80    00000020     os_bios5.lib : task.o674 (.text:_NDK_hookInit)
                  c30ddba0    00000020     stack.lib : nimu.o674 (.text:_NIMUGetRsvdSizeInfo)
                  c30ddbc0    00000020               : nimu.o674 (.text:_NIMUSetRsvdSizeInfo)
                  c30ddbe0    00000020               : nat.o674 (.text:_NatMsg)
                  c30ddc00    00000020               : node.o674 (.text:_NodeGetRt)
                  c30ddc20    00000020               : node.o674 (.text:_NodeSetRt)
                  c30ddc40    00000020     os_bios5.lib : task.o674 (.text:_NotifyLowResource)
                  c30ddc60    00000020                  : oem.o674 (.text:_OEMCacheClean)
                  c30ddc80    00000020                  : oem.o674 (.text:_OEMSysCritOff)
                  c30ddca0    00000020                  : oem.o674 (.text:_OEMSysCritOn)
                  c30ddcc0    00000020                  : pbm.o674 (.text:_PBM_close)
                  c30ddce0    00000020     stack.lib : rawethsock_pcb.o674 (.text:_RawEthSockPcbInit)
                  c30ddd00    00000020               : rawethsock_prot.o674 (.text:_RawEthSockPrAttach)
                  c30ddd20    00000020               : rawethsock_prot.o674 (.text:_RawEthSockPrDetach)
                  c30ddd40    00000020               : route6.o674 (.text:_Rt6GetIF)
                  c30ddd60    00000020               : route6.o674 (.text:_Rt6GetLLI)
                  c30ddd80    00000020               : route6.o674 (.text:_Rt6GetMTU)
                  c30ddda0    00000020               : route6.o674 (.text:_Rt6IncRefCount)
                  c30dddc0    00000020               : route6.o674 (.text:_Rt6IsLocalRoute)
                  c30ddde0    00000020     os_bios5.lib : semaphore.o674 (.text:_SemCreate)
                  c30dde00    00000020                  : semaphore.o674 (.text:_SemDelete)
                  c30dde20    00000020                  : semaphore.o674 (.text:_SemPend)
                  c30dde40    00000020                  : semaphore.o674 (.text:_SemPost)
                  c30dde60    00000020                  : semaphore.o674 (.text:_SemReset)
                  c30dde80    00000020     stack.lib : sock6int.o674 (.text:_Sock6SetOOBData)
                  c30ddea0    00000020               : sockint.o674 (.text:_SockSetOOBData)
                  c30ddec0    00000020               : tcp6prot.o674 (.text:_TCP6PrRecv)
                  c30ddee0    00000020               : tcp6.o674 (.text:_TCP6TimeoutAdd)
                  c30ddf00    00000020     os_bios5.lib : task.o674 (.text:_TaskBlock)
                  c30ddf20    00000020                  : task.o674 (.text:_TaskExit)
                  c30ddf40    00000020                  : task.o674 (.text:_TaskSelf)
                  c30ddf60    00000020                  : task.o674 (.text:_TaskSetPri)
                  c30ddf80    00000020                  : task.o674 (.text:_TaskSleep)
                  c30ddfa0    00000020     stack.lib : tcpprot.o674 (.text:_TcpPrRecv)
                  c30ddfc0    00000020               : tcp.o674 (.text:_TcpTimeoutAdd)
                  c30ddfe0    00000020     nettool.lib : telnetd.o674 (.text:_TelnetClose)
                  c30de000    00000020     stack.lib : timer.o674 (.text:_TimerFree)
                  c30de020    00000020     os_bios5.lib : task.o674 (.text:__TaskInit)
                  c30de040    00000020                  : task.o674 (.text:__TaskShutdown)
                  c30de060    00000020     hal_ser_stub.lib : llserstb.o674 (.text:__llSerialInit)
                  c30de080    00000020                      : llserstb.o674 (.text:__llSerialServiceCheck)
                  c30de0a0    00000020                      : llserstb.o674 (.text:__llSerialShutdown)
                  c30de0c0    00000020     hal_timer_bios5.lib : lltimer.o674 (.text:__llTimerShutdown)
                  c30de0e0    00000020     hal_userled_stub.lib : llled.o674 (.text:__llUserLedInit)
                  c30de100    00000020                          : llled.o674 (.text:__llUserLedShutdown)
                  c30de120    00000020     rts6740.lib : negll.obj (.text:__negll)
                  c30de140    00000020                 : _lock.obj (.text:__nop)
                  c30de160    00000020                 : printf.obj (.text:__outc)
                  c30de180    00000020                 : sprintf.obj (.text:__outc)
                  c30de1a0    00000020                 : vsprintf.obj (.text:__outc)
                  c30de1c0    00000020                 : printf.obj (.text:__outs)
                  c30de1e0    00000020                 : _lock.obj (.text:__register_lock)
                  c30de200    00000020                 : _lock.obj (.text:__register_unlock)
                  c30de220    00000020                 : trunc.obj (.text:__trunc)
                  c30de240    00000020     os_bios5.lib : efs.o674 (.text:_efs_getfilesize)
                  c30de260    00000020     stack.lib : file.o674 (.text:_fdint_signaltimeout)
                  c30de280    00000020     nettool.lib : http.o674 (.text:_httpClose)
                  c30de2a0    00000020     stack.lib : listlib.o674 (.text:_list_get_head)
                  c30de2c0    00000020               : listlib.o674 (.text:_list_get_next)
                  c30de2e0    00000020     hal_ser_stub.lib : llserstb.o674 (.text:_llSerialService)
                  c30de300    00000020     hal_timer_bios5.lib : lltimer.o674 (.text:_llTimerGetStartTime)
                  c30de320    00000020     rts6740.lib : remove.obj (.text:_remove)
                  c30de340    00000020     evminit.obj (.text)
                  c30de360    00000020     bios.a674 : ecm_dispatchPlug.o674 ($Tramp$S$$_ECM_dispatchPlug)
                  c30de380    00000020               : hwi_eventmap64P.o674 ($Tramp$S$$_HWI_eventMap)
                  c30de3a0    00000020               : hwi_disp.o674 ($Tramp$S$$_HWI_dispatchPlug)
                  c30de3c0    00000020               : c62_c.o674 ($Tramp$S$$_C62_enableIER)
                  c30de3e0    00000010               : malloc.o674 ($Tramp$S$$_free)
                  c30de3f0    00000010               : malloc.o674 ($Tramp$S$$_malloc)
                  c30de400    00000020               : sem_crea.o674 ($Tramp$S$$_SEM_create)
                  c30de420    00000020               : tsk_setp.o674 ($Tramp$S$$_TSK_setpri)
                  c30de440    00000020               : sem_pend_counting.o674 ($Tramp$S$$_SEM_pend)
                  c30de460    00000020               : sem_post_asm.o674 ($Tramp$S$$_SEM_post)
                  c30de480    00000020               : hook_getenv.o674 ($Tramp$S$$_HOOK_getenv)
                  c30de4a0    00000020               : lck.o674 ($Tramp$S$$_LCK_post)
                  c30de4c0    00000020               : lck.o674 ($Tramp$S$$_LCK_pend)
                  c30de4e0    00000020               : sys_abor.o674 ($Tramp$S$$_SYS_abort)
                  c30de500    00000020               : tsk_dele.o674 ($Tramp$S$$_TSK_delete)
                  c30de520    00000020               : tsk_crea.o674 ($Tramp$S$$_TSK_create)
                  c30de540    00000020               : hook_setenv.o674 ($Tramp$S$$_HOOK_setenv)
                  c30de560    00000020               : clk_getltime.o674 ($Tramp$S$$_CLK_getltime)
                  c30de580    00000020               : mem_free.o674 ($Tramp$S$$_MEM_free)
[...]
c30dcde0   _ExecClose
c30dce20   _ExecTimer
c30dce60   _IPv6IsLinkLocal
c30dcea0   _IPv6IsMulticast
c30dcee0   _LLI6IsValid
c30dcf20   _MD5Init
c30dcfa0   _MLDTestGroup
c30dcfe0   _NC_BootComplete
c30dd020   _NDK_hookCreate
c30dd060   _NtRemoveNetwork
c30dd120   _Rt6IsDefaultRoute
c30dd160   _Sock6PcbAttach
c30dd1a0   _Sock6SetOOBMark
c30dd1e0   _SockPcbAttach
c30dd220   _SockSetOOBMark
c30dd2e0   _TCP6TimeoutRemove
c30dd320   _TCP6TimeoutWait2
c30dd360   _TcpTimeoutRemove
c30dd3a0   _TcpTimeoutWait2
c30dd3e0   ___add_dtor
c30dd420   ___isinf
c30dd4a0   __frcmpyd_div
c30dd4e0   __llTimerInit
c30dd520   __llshru
c30dd5e0   __remli
c30dd620   __c6xabi_strasgi_64plus
c30dd620   __strasgi_64plus
c30dd660   _efs_loadfunction
c30dd6a0   _fdError
c30dd6e0   _fdSelectAbort
c30dd720   _fdint_freefdt
c30dd760   _inet_addr
c30dd7a0   _ipcpInit
c30dd7e0   _list_add
c30dd820   _list_remove
c30dd860   _strlen
c30dd8a0   _Bind6GetInterfaceHandle
c30dd8c0   _Bind6GetLifetime
c30dd8e0   _Bind6SetLifetime
c30dd900   _BindGetFirst
c30dd920   _BindGetIF
c30dd940   _BindGetNext
c30dd960   _BindIFNet2IPHost
c30dd980   _BindIPHost2IF
c30dd9a0   _CfgSetDefault
c30dd9c0   _ExecHRef
c30dd9e0   _ExecLowResource
c30dda00   _HwPktInit
c30dda20   _HwPktShutdown
c30dda40   _IPRtChange
c30dda60   _Interrupt_delete
c30dda80   _LED_TOGGLE
c30ddaa0   _LLI6GetNetDevice
c30ddac0   _LLI6IncRefCount
c30ddae0   _LLI6IsDead
c30ddb00   _LLI6IsRouter
c30ddb20   _LLI6SetIncomplete
c30ddb40   _NC_IPUpdate
c30ddb60   _NC_NetStop
c30ddb80   _NDK_hookInit
c30ddba0   _NIMUGetRsvdSizeInfo
c30ddbc0   _NIMUSetRsvdSizeInfo
c30ddbe0   _NatMsg
c30ddc00   _NodeGetRt
c30ddc20   _NodeSetRt
c30ddc40   _NotifyLowResource
c30ddc60   _OEMCacheClean
c30ddc80   _OEMSysCritOff
c30ddca0   _OEMSysCritOn
c30ddcc0   _PBM_close
c30ddce0   _RawEthSockPcbInit
c30ddd00   _RawEthSockPrAttach
c30ddd20   _RawEthSockPrDetach
c30ddd40   _Rt6GetIF
c30ddd60   _Rt6GetLLI
c30ddd80   _Rt6GetMTU
c30ddda0   _Rt6IncRefCount
c30dddc0   _Rt6IsLocalRoute
c30ddde0   _SemCreate
c30dde00   _SemDelete
c30dde20   _SemPend
c30dde40   _SemPost
c30dde60   _SemReset
c30dde80   _Sock6SetOOBData
c30ddea0   _SockSetOOBData
c30ddec0   _TCP6PrRecv
c30ddee0   _TCP6TimeoutAdd
c30ddf00   _TaskBlock
c30ddf20   _TaskExit
c30ddf40   _TaskSelf
c30ddf60   _TaskSetPri
c30ddf80   _TaskSleep
c30ddfa0   _TcpPrRecv
c30ddfc0   _TcpTimeoutAdd
c30ddfe0   _TelnetClose
c30de000   _TimerFree
c30de020   __TaskInit
c30de040   __TaskShutdown
c30de060   __llSerialInit
c30de080   __llSerialServiceCheck
c30de0a0   __llSerialShutdown
c30de0c0   __llTimerShutdown
c30de0e0   __llUserLedInit
c30de100   __llUserLedShutdown
c30de120   __negll
c30de140   __nop
c30de1e0   __register_lock
c30de200   __register_unlock
c30de220   __trunc
c30de240   _efs_getfilesize
c30de260   _fdint_signaltimeout
c30de280   _httpClose
c30de2a0   _list_get_head
c30de2c0   _list_get_next
c30de2e0   _llSerialService
c30de300   _llTimerGetStartTime
c30de320   _remove
c30de340   GBL_USERINITFXN
c30de340   _EVM_Init
c30de660   DDR$B
c30de660   _DDR_base
c30de660   ___etext__
c30de660   etext
c311e660   GBL_stackbeg
c311e660   _HWI_STKTOP
c311e660   __stack
c311fa58   _HWI_STKBOTTOM
c311fa5f   GBL_stackend
c311fa60   PRD_A_TABBEG
c311fa60   __STACK_END
c311fa60   _prdNdk
c311fa60   prdNdk
c311fa7c   prdNdk$aaa
c311fa80   PRD_A_TABEND
c311fb00   _RTDX_Buffer
c311ff08   _RTDX_Buffer_Start
c311ff0c   _RTDX_Buffer_End
c311ff10   _rtdx_mon_state
c311ff54   _rtdx_buffer_state
c311ff60   _RTDX_writing
c311ffcc   RTA_fromHost$buf
c311ffdc   IDL_A_TABBEG
c311ffdc   IDL_cpuLoad
c311ffdc   _IDL_cpuLoad
c311ffe0   LNK_dataPump
c311ffe0   _LNK_dataPump
c311ffe4   RTA_dispatcher
c311ffe4   _RTA_dispatcher
c311ffe8   IDL_END
c311ffec   IDL_A_CALBEG
c311ffec   IDL_cpuLoad$
c311fff0   LNK_dataPump$
c311fff4   RTA_dispatcher$
c311fff8   IDL_END$
c3120000   DVTEvent_Log$buf
c3128000   LNK_F_checkBufferCall
c3128020   LNK_F_getChanPtr
c3128078   LNK_F_init
c3128080   LNK_F_dataPump
c3128090   LNK_rcloop
c3128154   LNK_rdrtry
c3128164   LNK_rrloop
c3128224   LNK_wrrtry
c3128230   LNK_wrloop
c3128300   LNK_newin
c3128434   LNK_newout
c3128588   LNK_F_readCallBack
c31285c0   _EXC_nmi
c31285f4   _EXC_internal
c31288a0   _EXC_init
c31288e0   _EXC_getLastStatus
c3128900   _EXC_external
c3128934   _EXC_exceptionHandler
c3128b10   _EXC_clearLastStatus
c3128b40   CLK_HOOKFXN
c3128b40   HWI_F_dispatch
c3128b40   _HWI_F_dispatch
c3128b40   __HWI_lat1beg
c3128cc8   __HWI_lat1end
c3128cc8   __HWI_lat2beg
c3128e30   __HWI_lat2end2
c3128e60   __HWI_lat3end2
c3128ea4   __HWI_lat2end1
c3128ec0   __HWI_lat3beg
c3129020   SWI_F_enable
c3129020   __SWI_lat3beg
c312908c   __SWI_lat3end
c3129090   SWI_F_post
c3129090   _SWI_post
c3129198   __SWI_lat1beg
c3129204   SWI_EXECFXN
c3129204   SWI_F_exec
c312922c   SWI_F_iexec
c3129244   __SWI_lat1end
c3129248   __SWI_lat2beg
c31292a8   __SWI_lat2end
c31292ac   SWI_F_run
c31292ac   SWI_RUNFXN
c31294e0   PRD_F_swi
c3129764   PRD_F_tick
c3129860   _TSK_create
c3129b80   _free
c3129ba4   _malloc
c3129c04   _realloc
c3129ce8   _memalign
c3129dac   _calloc
c3129e00   RTA_F_getlog
c3129e38   RTA_F_getsts
c3129e78   RTA_F_readblk
c3129e94   RTA_F_writeword
c3129ea0   RTA_F_resetmem
c3129ea0   __RTA_lat1beg
c3129ed4   __RTA_lat1end
c3129ee0   RTA_F_dispatch
c3129f2c   RTA_execute
c312a080   _KNL_run
c312a2c0   _MEM_alloc
c312a4c0   __HOOK_doSwitch
c312a544   __HOOK_doReady
c312a5c0   TSK_VEXITFXN
c312a5c0   __HOOK_doExit
c312a60c   TSK_VDELETEFXN
c312a60c   __HOOK_doDelete
c312a664   TSK_VCREATEFXN
c312a664   __HOOK_doCreate
c312a894   PRD_THOOKFXN
c312a894   _KNL_tick
c312a8c0   _MEM_free
c312aaa0   _C62_plug
c312aaa0   _C64_plug
c312aaa8   _C62_dispatchPlug
c312aaa8   _C64_dispatchPlug
c312ac80   _EXC_dispatch
c312ae44   _EXC_setReturnPtr
c312ae60   PIP_F_take
c312aed8   PIP_F_give
c312aed8   PIP_F_probe
c312afa8   PIP_F_start
c312b040   _SEM_pendEnterKnl
c312b220   _TSK_delete
c312b508   _TSK_setpri
c312b5a0   __SEM_dopost
c312b740   _TSK_setup
c312b8e0   CLK_F_getltime
c312b8f0   CLK_F_isr
c312ba30   CLK_F_itime
c312ba30   _CLK_F_itime
c312ba30   _CLK_itime
c312ba50   __CLK_lat1beg
c312ba70   __CLK_lat1end
c312ba80   _KNL_saveIsrFrame
c312bb2c   _KNL_switch
c312bbd8   KNL_glue
c312bd30   _BCACHE_wbInv
c312bd44   _BCACHE_wb
c312bd54   _BCACHE_inv
c312bd80   __auto_init
c312bec0   _TSK_exit
c312c000   _BCACHE_setSize
c312c044   _BCACHE_setMar
c312c094   _BCACHE_bootInit
c312c094   _BCACHE_setCacheToSram
c312c0c4   _BCACHE_getSize
c312c114   _BCACHE_getMar
c312c1a8   _GBL_cacheInit64P
c312c260   _KNL_check
c312c2ac   __KNL_lat1beg
c312c328   _KNL_idle
c312c328   __KNL_lat1end
c312c350   _KNL_max
c312c380   _KNL_ready
c312c544   _TSK_startup
c312c5c0   _SEM_post
c312c5c0   _SEM_postBinary
c312c6a0   _KNL_exit
c312c6e0   _KNL_enter
c312c7a0   _TSK_yield
c312c820   _KNL_start
c312c8c0   _OBJ_create
c312c960   _SEM_postEnterKnl
c312ca00   _SYS_exit
c312caa0   LOG_F_event
c312caa0   _LOG_event
c312caa0   __LOG_lat1beg
c312cb40   _ATM_andi
c312cb40   _ATM_andu
c312cb50   _ATM_cleari
c312cb50   _ATM_clearu
c312cb60   _ATM_deci
c312cb60   _ATM_decu
c312cb70   _ATM_inci
c312cb70   _ATM_incu
c312cb84   _ATM_ori
c312cb84   _ATM_oru
c312cb94   _ATM_seti
c312cb94   _ATM_setu
c312cbc0   _HWI_dispatchPlug
c312cc40   _HWI_eventMap
c312ccc0   _KNL_ipost
c312cd40   _KNL_post
c312cdc0   _LCK_post
c312cde0   _LCK_pend
c312ce40   _SEM_create
c312cec0   _BCACHE_wait
c312cf40   IDL_F_calibrate
c312cfc0   _MEM_valloc
c312d020   _SYS_error
c312d080   FXN_F_nop
c312d084   FXN_F_run
c312d084   _FXN_F_run
c312d0c0   FXN_F_zero
c312d0c0   _FXN_F_zero
c312d0e0   _HWI_disable
c312d0f8   _HWI_enable
c312d10c   _HWI_restore
c312d140   IDL_F_busy
c312d140   __IDL_lat1beg
c312d180   __IDL_lat1end
c312d1a0   _OBJ_delete
c312d200   _SEM_pend
c312d260   STS_F_delta
c312d260   _STS_delta
c312d28c   STS_F_add
c312d28c   _STS_add
c312d2a8   STS_F_reset
c312d2a8   _STS_reset
c312d2c0   _SYS_abort
c312d320   _CLK_measure
c312d380   _C62_disableIER
c312d380   _C64_disableIER
c312d398   _C62_enableIER
c312d398   _C64_enableIER
c312d3ac   _C62_clearIFR
c312d3ac   _C64_clearIFR
c312d3c0   _ECM_dispatchPlug
c312d400   _ECM_enableEvent
c312d440   IDL_CALIBRFXN
c312d440   IDL_F_stub
c312d480   _QUE_get
c312d480   __QUE_lat1beg
c312d4a0   __QUE_lat1end
c312d4a8   _QUE_put
c312d4a8   __QUE_lat2beg
c312d4b4   __QUE_lat2end
c312d4c0   RTA_F_andn
c312d4d8   RTA_F_or
c312d500   SYS_ABORTFXN
c312d500   _UTL_doAbort
c312d540   SYS_PUTCFXN
c312d540   _UTL_doPutc
c312d580   _CLK_getltime
c312d5a0   GIO_CREATEFXN
c312d5a0   GIO_DELETEFXN
c312d5a0   GIO_PENDFXN
c312d5a0   GIO_POSTFXN
c312d5a0   PWRM_PWRM_SHAREDRESOURCEFXN
c312d5a0   PWRM_PWRM_SLOTHOOKFXN
c312d5a0   _FXN_F_nop
c312d5c0   _GBL_getVersion
c312d5e0   _HOOK_getenv
c312d600   _HOOK_setenv
c312d620   IDL_F_loop
c312d620   _IDL_loop
c312d640   _SEM_delete
c312d660   _STS_set
c312d680   SYS_ERRORFXN
c312d680   _UTL_doError
c312d6a0   SYS_EXITFXN
c312d6a0   _UTL_halt
c312d6c0   CLK_F_gethtime
c312d6c0   CLK_TIMEFXN
c312d6c0   _CLK_gethtime
c312d6e0   ___cinit__
c312d6e0   cinit
c3130d38   __ctypes_
c3131b08   _Code2Err
c3132035   prdNdk$sts$maxfmt
c3132038   tskNdkStackTest$stack
c313203e   prdNdk$sts$sumfmt
c3132047   prdNdk$sts$avgfmt
c3132052   KNL_swi$sts$maxfmt
c313205a   KNL_swi$sts$sumfmt
c3132062   KNL_swi$sts$avgfmt
c313206c   PRD_swi$sts$maxfmt
c3132074   PRD_swi$sts$sumfmt
c313207c   PRD_swi$sts$avgfmt
c3132086   TSK_idle$sts$maxfmt
c313208e   TSK_idle$sts$sumfmt
c3132096   TSK_idle$sts$avgfmt
c31320a0   tskNdkStackTest$sts$maxfmt
c31320a8   tskNdkStackTest$sts$sumfmt
c31320b0   tskNdkStackTest$sts$avgfmt
c31320ba   IDL_busyObj$maxfmt
c31320bd   IDL_busyObj$sumfmt
c31320c0   IDL_busyObj$avgfmt
c3132fd0   tskNdkStackTest$stkptr
c3133040   _HSRTDX_rec
c31332e0   _RTDX_Buffer_WriteCB
c31337a0   _HSRTDX_xmt
c3133aa0   _RTDX_Mon_Queue
c3133d00   _RTDX_Poll
c3133da0   _RTDX_Final_RT_Monitor
c3133e20   _RTDX_Buffer_Initialize
c3133e80   _RTDX_Init_RT_Monitor
c3133ee0   _RTDX_Buffer_ReadCB
c3133f20   _RTDX_Buffer_Size
c3133f60   _RTDX_memfill
c3133fa0   _RTDX_Buffer_Read
c3133fc0   _RTDX_Buffer_Write
c3133fe0   _RTDX_Mask_IER
c3134000   $bss
c3134000   .bss
c3134000   _MEM_memtab
c3134000   ___bss__
c3134018   _ECM_dispatchTab
c3134418   DDR
c3134418   HST_DSMBUFSEG
c3134418   MEM_MALLOCSEG
c3134418   MEM_SEGZERO
c3134418   RTDX_DATAMEMSEG
c3134418   TSK_STACKSEG
c3134418   _DDR
c313441c   DDR_NC
c313441c   _DDR_NC
c3134420   RTA_fromHost$pipe$dtab
c313442c   RTA_toHost$pipe$dtab
c3134438   __HOOK_initFxnTable
c3134440   __HOOK_createFxnTable
c3134448   __HOOK_deleteFxnTable
c3134450   __HOOK_exitFxnTable
c3134458   __HOOK_readyFxnTable
c3134460   __HOOK_switchFxnTable
c3134468   _HWI_dispatchTab
c3134568   IDL_D_tabbeg
c313456c   IDL_D_calibrate
c3134570   IDL_D_calbeg
c3134574   LOG_D_system
c3134574   _LOG_D_system
c3134578   PIP_D_tabbeg
c313457c   PIP_D_tablen
c3134580   CLK_R_time
c3134584   CLK_D_timefxn
c3134588   CLK_D_tabbeg
c313458c   CLK_D_isrhook
c3134590   CLK_D_idletime
c3134594   _CLK_htimeDiv
c3134598   _CLK_htimeMult
c313459c   _CLK_ltimeDiv
c31345a0   _CLK_ltimeMult
c31345a4   _CLK_D_dirty
c31345a8   _CLK_D_prd
c31345ac   _CLK_D_tddr
c31345b0   _CLK_D_countspms
c31345b4   PRD_D_tick
c31345b4   _PRD_D_tick
c31345b8   PRD_D_cur
c31345bc   PRD_D_elapsed
c31345c0   PRD_D_prevtim
c31345c4   PRD_D_scalar
c31345c8   PRD_D_swihandle
c31345cc   PRD_D_tabbeg
c31345d0   PRD_D_tablen
c31345d4   PRD_D_thook
c31345d8   RTA_D_fromHost
c31345dc   RTA_D_toHost
c31345e0   RTA_D_logval
c31345f0   RTA_D_stsval
c31345fc   HST_D_chanmask
c3134600   HST_D_tabbeg
c3134604   HST_D_tabend
c3134608   _GBL_procId
c313460c   _GBL_clkIn
c3134610   _GBL_freq
c3134614   _MEM_D_NUMSEGMENTS
c3134618   _MEM_D_memtab
c313461c   _MEM_D_freelist
c3134620   _MEM_D_lockaddr
c3134624   _MEM_D_unlockaddr
c3134628   _SYS
c313462c   __HOOK_knlId
c3134630   __HOOK_NUMHOOKS
c3134634   _UnicastAddr
c3134638   _real_DC
c313463c   _imag_DC
c3134640   _cfo_real
c3134644   _cfo_imag
c3134648   _omega
c313464c   _cfo_est
c3134650   _temp_a
c3134654   _temp_b
c3134658   _fail_cnt
c313465c   _i
c3134660   _j
c3134664   _n
c3134668   _leave_flag
c313466c   _time_out
c3134670   _bit_num_ad
c3134674   _bit_num_da
c3134678   _phase
c313467c   _flag
c3134680   _package_point
c3134684   _packet_position
c3134688   _peak_flag
c313468c   _data_position
c3134690   _peak
c3134694   _sym_peak
c3134698   _power
c313469c   _auto_real
c31346a0   _auto_imag
c31346a4   _symb_real
c31346a8   _symb_imag
c31346ac   _arctan
c31346b0   _cfo_w
c31346b4   _f
c31346b8   _fc
c31346bc   _af
c31346c0   _h_real
c31346c4   _h_imag
c31346c8   _creal
c31346cc   _cimag
c31346d0   _angle
c31346d4   _e
c31346d8   _max
c31346dc   _number
c31346e0   _done_cnt
c31346e4   _detect_cnt
c31346e8   _test
c31346ec   _over_lap_cnt
c31346f0   _tmpPtr
c31346f4   _NewTxBuff
c31346f8   _NewRxBuff
c31346fc   SWI_D_runaddr
c31346fc   _SWI_D_runaddr
c31346fc   _SWI_data
c3134700   SWI_D_execaddr
c3134700   _SWI_D_execaddr
c3134704   SWI_D_curmask
c3134704   _SWI_D_curmask
c3134708   SWI_D_curset
c3134708   _SWI_D_curset
c313470c   SWI_D_lock
c313470c   _SWI_D_lock
c3134710   SWI_D_curmbox
c3134714   SWI_D_curfxn
c3134714   _SWI_D_curfxn
c3134718   SWI_D_rdybeg
c3134718   _SWI_D_rdybeg
c313471c   SWI_D_inswi
c313471c   _SWI_D_inswi
c3134720   SWI_D_rdytab
c3134798   _KNL_wFlag
c313479c   _KNL_wList
c31347a0   _KNL_alarm
c31347a4   _KNL_setpri
c31347a8   _KNL_inactive
c31347ac   _KNL_priority
c31347b0   _KNL_set
c31347b4   _KNL_curtask
c31347b8   _KNL_prevtask
c31347bc   _KNL_curtime
c31347c0   _KNL_swiptr
c31347c4   _KNL_curqueue
c31347c8   _KNL_maxqueue
c31347cc   _KNL_tswitchfxn
c31347d0   _KNL_tcreatefxn
c31347d4   _KNL_tdeletefxn
c31347d8   _KNL_treadyfxn
c31347dc   _KNL_idlefxn
c31347e0   _CONTENT_TYPE_APPLET
c31347e4   _CONTENT_TYPE_AU
c31347e8   _CONTENT_TYPE_CSS
c31347ec   _CONTENT_TYPE_DOC
c31347f0   _CONTENT_TYPE_GIF
c31347f4   _CONTENT_TYPE_HTML
c31347f8   _CONTENT_TYPE_JPG
c31347fc   _CONTENT_TYPE_MPEG
c3134800   _CONTENT_TYPE_PDF
c3134804   _CONTENT_TYPE_WAV
c3134808   _CONTENT_TYPE_ZIP
c313480c   _CONTENT_TYPE
c3134810   _CONTENT_LENGTH
c3134814   _CRLF
c3134818   _DEFAULT_NAME
c313481c   _HTTP_VER
c3134820   _SPACE
c3134824   _DMA_CNT
c3134830   _FpgaTxBuff
c3134834   _FpgaRxBuff
c3134838   _DspTxBuff
c313483c   _DspRxBuff
c3134840   _V_TxDmaDone
c3134844   _V_RxDmaDone
c3134848   _V_TmpW
c313484a   _V_TmpW2
c313484c   _k
c3134850   _V_DspTxPtr
c3134854   _V_DspRxPtr
c313485c   _PITCount
c3134860   _PITUsed
c3134864   _PITHigh
c313488c   __IGMPForceVersion1
c3134890   __IGMPInDiscard
c3134894   __IGMPInQuery
c3134898   __IGMPInQueryGroup
c313489c   __IGMPInResponse
c31348a0   __IGMPOutResponse
c31348a8   _IPV6_MAX_MULTICAST_SOLICIT
c31348ac   _IPV6_MAX_UNICAST_SOLICIT
c31348b0   _IPV6_RETRANS_TIME
c31348b4   _IPV6_DELAY_FIRST_PROBE_TIME
c31348b8   _IPV6_REACHABLE_TIME
c31348bc   _IPV6_MAX_RTR_SOLICITATION_DELAY
c31348c0   _IPV6_RTR_SOLICITATION_INTERVAL
c31348c4   _IPV6_MAX_RTR_SOLICITATIONS
c31348c8   _INFINITE_LT
c31348ec   _memory_squeeze_error
c31348f0   _EXC_sysTrapTable
c31348f8   _EXC_returnPtr
c3134910   _VerStr
c3134914   _HostName
c3134918   _LocalIPAddr
c313491c   _LocalIPMask
c3134920   _GatewayIP
c3134924   _DomainName
c3134928   _DNSServer
c3134988   __HOOK_switchFxnTablePtr
c313498c   __HOOK_readyFxnTablePtr
c3134990   __HOOK_initFxnTablePtr
c3134994   __HOOK_createFxnTablePtr
c3134998   __HOOK_deleteFxnTablePtr
c313499c   __HOOK_exitFxnTablePtr
c31349a0   HWI_D_spsave
c31349a0   _HWI_D_spsave
c31349a0   _HWI_data
c31349ac   _HWI_D_inhwi
c31349b0   HWI_D_bss
c31349b4   HWI_D_ccmask
c31349b8   LNK_dspFrameRequestMask
c31349b8   _LNK_dspFrameRequestMask
c31349bc   LNK_dspFrameReadyMask
c31349bc   _LNK_dspFrameReadyMask
c31349c0   LNK_readPend
c31349c0   _LNK_readPend
c31349c4   LNK_readDone
c31349c4   _LNK_readDone
c31349c8   LNK_readFail
c31349c8   _LNK_readFail
c31349cc   LNK_writeFail
c31349cc   _LNK_writeFail
c3134a00   _EXC_exceptionHook
c3134a04   _EXC_internalHook
c3134a08   _EXC_externalHook
c3134a0c   _EXC_nmiHook
c3134a18   _rtdxNullChanCnt
c3134a1c   _rtdxNullFuncCnt
c3134a20   _rtdxXmtNotDoneCnt
c3134a24   _rtdxRecNotDoneCnt
c3134a28   _rtdxXmtRestartCnt
c3134a2c   _rtdxXmtErrorCnt
c3134a40   __IPExecuting
c3134a64   _TxChanEnable_all
c3134a68   _RxChanEnable_all
c3134a6c   _corenum
c3134a70   _TSK_nTasks
c3134a74   _TSK_pid
c3134a78   _TSK
c3134a7c   _gFragQList
c3134a94   _CLK_DFLTMICROSECS
c3134a98   _CLK_D_microseconds
c3134a9c   _SYS_exitStackPtr
c3134aa0   _SYS_exitStackTop
c3134aa4   _DebugLogSize
c3134aa8   _DebugCritError
c3134ab4   __ICMPInErrors
c3134ab8   __ICMPOutErrors
c3134adc   _tcp_iss
c3134ae0   _ptTimeFirst
c3134ae4   _pt6TimeFirst
c3134ae8   _tcp6_iss
c3134af4   _CLK_htimePerLtime
c3134af8   IDL_D_busyObj
c3134b00   _MEM
c3134b04   _regionId
c3134b10   _httpErrorResponseHook
c3134b24   _TIME_2HOURS
c3134b28   __IPReasmPtr
c3134b2c   _gMLDNodeList
c3134b40   BIOS_init
c3134b40   _BIOS_init
c3134b40   ___end__
c3134b40   end
c3134cd8   BIOS$$CLKON
c3134d18   BIOS$$CLKOFF
c3134dd0   BIOS_start
c3134dd0   _BIOS_start
c3134f20   _c_int00
c3134fe0   _MEM_init
c31350a0   __HOOK_doInit
c3135120   _TSK_init
c3135180   TSK_idle$stack
c3135518   TSK_idle$stkptr
c313595c   KNL_swi
c313595c   SWI_A_TABBEG
c313595c   _KNL_swi
c3135988   PRD_SWIHANDLE
c3135988   PRD_swi
c3135988   _PRD_swi
c31359b4   HST_A_TABBEG
c31359b4   SWI_A_TABEND
c31359b4   _HST_A_TABBEG
c31359b8   RTA_fromHost
c31359b8   _RTA_fromHost
c31359c0   RTA_fromHost$rtdx
c31359d4   RTA_toHost
c31359d4   _RTA_toHost
c31359dc   RTA_toHost$rtdx
c31359f0   HST_A_TABEND
c31359f0   SYS$config
c31359f0   _HST_A_TABEND
c3135a00   LOG_system$buf
c3135b00   RTA_toHost$buf
c3135c00   HWI_A_VECS
c3135c00   hwi0
c3135c20   hwi1
c3135c40   hwi2
c3135c60   hwi3
c3135c80   hwi4
c3135ca0   hwi5
c3135cc0   hwi6
c3135ce0   hwi7
c3135d00   hwi8
c3135d20   hwi9
c3135d40   hwi10
c3135d60   hwi11
c3135d80   hwi12
c3135da0   hwi13
c3135dc0   hwi14
c3135de0   hwi15
c3135e0c   TSK_idle
c3135e0c   _TSK_idle
c3135e74   _tskNdkStackTest
c3135e74   tskNdkStackTest
c3135ed0   PIP_A_TABBEG
c3135ed0   RTA_fromHost$pipe
c3135ed0   _PIP_A_TABBEG
c3135ed4   RTA_fromHost$pipe$rd
c3135f00   RTA_fromHost$pipe$aaa
c3135f04   RTA_fromHost$pipe$wr
c3135f30   RTA_fromHost$pipe$bbb
c3135f34   RTA_toHost$pipe
c3135f38   RTA_toHost$pipe$rd
c3135f64   RTA_toHost$pipe$aaa
c3135f68   RTA_toHost$pipe$wr
c3135f94   RTA_toHost$pipe$bbb
c3135f98   PIP_A_TABEND
c3135f98   _PIP_A_TABEND
c3135f98   ___pinit__
c3135f98   pinit
c3135fa4   TRC_cinit
c3135fa8   TRC_R_mask
c3135fa8   _TRC_R_mask
c3135fac   GBL_initdone
c4000000   DDR_NC$B
c4000000   _DDR_NC_base
ffffffff   CACHE_L1D
ffffffff   CACHE_L1P
ffffffff   CACHE_L2
ffffffff   ECM_EVTMASK0
ffffffff   ECM_EVTMASK1
ffffffff   ECM_EVTMASK2
ffffffff   ECM_EVTMASK3
ffffffff   GBL_L2MAR192_223
ffffffff   L3_CBA_RAM
ffffffff   _CACHE_L1D
ffffffff   _CACHE_L1P
ffffffff   _CACHE_L2
ffffffff   _L3_CBA_RAM
ffffffff   ___TI_pprof_out_hndl
ffffffff   ___TI_prof_data_size
ffffffff   ___TI_prof_data_start
ffffffff   ___binit__
ffffffff   ___c_args__
ffffffff   binit

[2062 symbols]
